# CMAKE generated file: DO NOT EDIT!
# Generated by "Ninja" Generator, CMake Version 4.3

# This file contains all the build statements describing the
# compilation DAG.

# =============================================================================
# Write statements declared in CMakeLists.txt:
# 
# Which is the root file.
# =============================================================================

# =============================================================================
# Project: FMT
# Configurations: Debug
# =============================================================================

#############################################
# Minimal version of Ninja required by this file

ninja_required_version = 1.5


#############################################
# Set configuration variable for custom commands.

CONFIGURATION = Debug
# =============================================================================
# Include auxiliary files.


#############################################
# Include rules file.

include CMakeFiles\rules.ninja

# =============================================================================

#############################################
# Logical path to working directory; prefix for absolute paths.

cmake_ninja_workdir = D$:\WaterSurfaceRendererScratch\vcpkg_installed\vcpkg\blds\fmt\x64-windows-dbg\
# =============================================================================
# Object build statements for SHARED_LIBRARY target fmt


#############################################
# Order-only phony target for fmt

build cmake_object_order_depends_target_fmt: phony || .

build CMakeFiles\fmt.dir\src\format.cc.obj: CXX_COMPILER__fmt_unscanned_Debug D$:\WaterSurfaceRendererScratch\vcpkg_installed\vcpkg\blds\fmt\src\12.2.0-d352ede310.clean\src\format.cc || cmake_object_order_depends_target_fmt
  CONFIG = Debug
  DEFINES = -DFMT_LIB_EXPORT -Dfmt_EXPORTS
  FLAGS = /nologo /DWIN32 /D_WINDOWS /utf-8 /GR /EHsc /MP  /MDd /Z7 /Ob0 /Od /RTC1  -MDd /utf-8
  INCLUDES = -ID:\WaterSurfaceRendererScratch\vcpkg_installed\vcpkg\blds\fmt\src\12.2.0-d352ede310.clean\include
  OBJECT_DIR = CMakeFiles\fmt.dir
  OBJECT_FILE_DIR = CMakeFiles\fmt.dir\src
  TARGET_COMPILE_PDB = CMakeFiles\fmt.dir\
  TARGET_PDB = bin\fmtd.pdb
  TARGET_SUPPORT_DIR = CMakeFiles\fmt.dir

build CMakeFiles\fmt.dir\src\os.cc.obj: CXX_COMPILER__fmt_unscanned_Debug D$:\WaterSurfaceRendererScratch\vcpkg_installed\vcpkg\blds\fmt\src\12.2.0-d352ede310.clean\src\os.cc || cmake_object_order_depends_target_fmt
  CONFIG = Debug
  DEFINES = -DFMT_LIB_EXPORT -Dfmt_EXPORTS
  FLAGS = /nologo /DWIN32 /D_WINDOWS /utf-8 /GR /EHsc /MP  /MDd /Z7 /Ob0 /Od /RTC1  -MDd /utf-8
  INCLUDES = -ID:\WaterSurfaceRendererScratch\vcpkg_installed\vcpkg\blds\fmt\src\12.2.0-d352ede310.clean\include
  OBJECT_DIR = CMakeFiles\fmt.dir
  OBJECT_FILE_DIR = CMakeFiles\fmt.dir\src
  TARGET_COMPILE_PDB = CMakeFiles\fmt.dir\
  TARGET_PDB = bin\fmtd.pdb
  TARGET_SUPPORT_DIR = CMakeFiles\fmt.dir


# =============================================================================
# Link build statements for SHARED_LIBRARY target fmt


#############################################
# Link the shared library bin\fmtd.dll

build bin\fmtd.dll fmtd.lib: CXX_SHARED_LIBRARY_LINKER__fmt_Debug CMakeFiles\fmt.dir\src\format.cc.obj CMakeFiles\fmt.dir\src\os.cc.obj
  CONFIG = Debug
  LANGUAGE_COMPILE_FLAGS = /nologo /DWIN32 /D_WINDOWS /utf-8 /GR /EHsc /MP  /MDd /Z7 /Ob0 /Od /RTC1  -MDd
  LINK_FLAGS = /machine:x64 /nologo    /debug /INCREMENTAL
  LINK_LIBRARIES = kernel32.lib user32.lib gdi32.lib winspool.lib shell32.lib ole32.lib oleaut32.lib uuid.lib comdlg32.lib advapi32.lib
  OBJECT_DIR = CMakeFiles\fmt.dir
  POST_BUILD = cd .
  PRE_LINK = cd .
  RESTAT = 1
  TARGET_COMPILE_PDB = CMakeFiles\fmt.dir\
  TARGET_FILE = bin\fmtd.dll
  TARGET_IMPLIB = fmtd.lib
  TARGET_PDB = bin\fmtd.pdb
  TARGET_SUPPORT_DIR = CMakeFiles\fmt.dir

# =============================================================================
# Object build statements for STATIC_LIBRARY target fmt-c


#############################################
# Order-only phony target for fmt-c

build cmake_object_order_depends_target_fmt-c: phony || cmake_object_order_depends_target_fmt

build CMakeFiles\fmt-c.dir\src\fmt-c.cc.obj: CXX_COMPILER__fmt-c_unscanned_Debug D$:\WaterSurfaceRendererScratch\vcpkg_installed\vcpkg\blds\fmt\src\12.2.0-d352ede310.clean\src\fmt-c.cc || cmake_object_order_depends_target_fmt-c
  CONFIG = Debug
  DEFINES = -DFMT_SHARED
  FLAGS = /nologo /DWIN32 /D_WINDOWS /utf-8 /GR /EHsc /MP  /MDd /Z7 /Ob0 /Od /RTC1  -MDd /Zc:preprocessor /utf-8
  INCLUDES = -ID:\WaterSurfaceRendererScratch\vcpkg_installed\vcpkg\blds\fmt\src\12.2.0-d352ede310.clean\include
  OBJECT_DIR = CMakeFiles\fmt-c.dir
  OBJECT_FILE_DIR = CMakeFiles\fmt-c.dir\src
  TARGET_COMPILE_PDB = CMakeFiles\fmt-c.dir\fmt-c.pdb
  TARGET_PDB = fmt-c.pdb
  TARGET_SUPPORT_DIR = CMakeFiles\fmt-c.dir


# =============================================================================
# Link build statements for STATIC_LIBRARY target fmt-c


#############################################
# Link the static library fmt-c.lib

build fmt-c.lib: CXX_STATIC_LIBRARY_LINKER__fmt-c_Debug CMakeFiles\fmt-c.dir\src\fmt-c.cc.obj || bin\fmtd.dll
  CONFIG = Debug
  LANGUAGE_COMPILE_FLAGS = /nologo /DWIN32 /D_WINDOWS /utf-8 /GR /EHsc /MP  /MDd /Z7 /Ob0 /Od /RTC1  -MDd
  LINK_FLAGS = /machine:x64 /nologo
  OBJECT_DIR = CMakeFiles\fmt-c.dir
  POST_BUILD = cd .
  PRE_LINK = cd .
  TARGET_COMPILE_PDB = CMakeFiles\fmt-c.dir\fmt-c.pdb
  TARGET_FILE = fmt-c.lib
  TARGET_PDB = fmt-c.pdb
  TARGET_SUPPORT_DIR = CMakeFiles\fmt-c.dir


#############################################
# Utility command for package

build CMakeFiles\package.util: CUSTOM_COMMAND all
  COMMAND = C:\windows\system32\cmd.exe /C "cd /D D:\WaterSurfaceRendererScratch\vcpkg_installed\vcpkg\blds\fmt\x64-windows-dbg && "D:\Microsoft Visual Studio\18\Community\Common7\IDE\CommonExtensions\Microsoft\CMake\CMake\bin\cpack.exe" --config ./CPackConfig.cmake"
  DESC = Run CPack packaging tool...
  pool = console
  restat = 1

build package: phony CMakeFiles\package.util


#############################################
# Utility command for package_source

build CMakeFiles\package_source.util: CUSTOM_COMMAND
  COMMAND = C:\windows\system32\cmd.exe /C "cd /D D:\WaterSurfaceRendererScratch\vcpkg_installed\vcpkg\blds\fmt\x64-windows-dbg && "D:\Microsoft Visual Studio\18\Community\Common7\IDE\CommonExtensions\Microsoft\CMake\CMake\bin\cpack.exe" --config ./CPackSourceConfig.cmake"
  DESC = Run CPack packaging tool for source...
  pool = console
  restat = 1

build package_source: phony CMakeFiles\package_source.util


#############################################
# Utility command for edit_cache

build CMakeFiles\edit_cache.util: CUSTOM_COMMAND
  COMMAND = C:\windows\system32\cmd.exe /C "cd /D D:\WaterSurfaceRendererScratch\vcpkg_installed\vcpkg\blds\fmt\x64-windows-dbg && "D:\Microsoft Visual Studio\18\Community\Common7\IDE\CommonExtensions\Microsoft\CMake\CMake\bin\cmake.exe" -E echo "No interactive CMake dialog available.""
  DESC = No interactive CMake dialog available...
  restat = 1

build edit_cache: phony CMakeFiles\edit_cache.util


#############################################
# Utility command for rebuild_cache

build CMakeFiles\rebuild_cache.util: CUSTOM_COMMAND
  COMMAND = C:\windows\system32\cmd.exe /C "cd /D D:\WaterSurfaceRendererScratch\vcpkg_installed\vcpkg\blds\fmt\x64-windows-dbg && "D:\Microsoft Visual Studio\18\Community\Common7\IDE\CommonExtensions\Microsoft\CMake\CMake\bin\cmake.exe" --regenerate-during-build -SD:\WaterSurfaceRendererScratch\vcpkg_installed\vcpkg\blds\fmt\src\12.2.0-d352ede310.clean -BD:\WaterSurfaceRendererScratch\vcpkg_installed\vcpkg\blds\fmt\x64-windows-dbg"
  DESC = Running CMake to regenerate build system...
  pool = console
  restat = 1

build rebuild_cache: phony CMakeFiles\rebuild_cache.util


#############################################
# Utility command for list_install_components

build list_install_components: phony


#############################################
# Utility command for install

build CMakeFiles\install.util: CUSTOM_COMMAND all
  COMMAND = C:\windows\system32\cmd.exe /C "cd /D D:\WaterSurfaceRendererScratch\vcpkg_installed\vcpkg\blds\fmt\x64-windows-dbg && "D:\Microsoft Visual Studio\18\Community\Common7\IDE\CommonExtensions\Microsoft\CMake\CMake\bin\cmake.exe" -P cmake_install.cmake"
  DESC = Install the project...
  pool = console
  restat = 1

build install: phony CMakeFiles\install.util


#############################################
# Utility command for install/local

build CMakeFiles\install\local.util: CUSTOM_COMMAND all
  COMMAND = C:\windows\system32\cmd.exe /C "cd /D D:\WaterSurfaceRendererScratch\vcpkg_installed\vcpkg\blds\fmt\x64-windows-dbg && "D:\Microsoft Visual Studio\18\Community\Common7\IDE\CommonExtensions\Microsoft\CMake\CMake\bin\cmake.exe" -DCMAKE_INSTALL_LOCAL_ONLY=1 -P cmake_install.cmake"
  DESC = Installing only the local directory...
  pool = console
  restat = 1

build install\local: phony CMakeFiles\install\local.util

# =============================================================================
# Target aliases.

build fmt: phony bin\fmtd.dll

build fmt-c: phony fmt-c.lib

build fmtd.dll: phony bin\fmtd.dll

# =============================================================================
# Folder targets.

# =============================================================================

#############################################
# Folder: D:/WaterSurfaceRendererScratch/vcpkg_installed/vcpkg/blds/fmt/x64-windows-dbg

build all: phony bin\fmtd.dll fmt-c.lib

# =============================================================================
# Built-in targets


#############################################
# Re-run CMake if any of its inputs changed.

build build.ninja D$:\WaterSurfaceRendererScratch\vcpkg_installed\vcpkg\blds\fmt\x64-windows-dbg\cmake_install.cmake: RERUN_CMAKE | CMakeCache.txt CMakeFiles\4.3.1-msvc1\CMakeCXXCompiler.cmake CMakeFiles\4.3.1-msvc1\CMakeRCCompiler.cmake CMakeFiles\4.3.1-msvc1\CMakeSystem.cmake D$:\Microsoft$ Visual$ Studio\18\Community\Common7\IDE\CommonExtensions\Microsoft\CMake\CMake\share\cmake-4.3\Modules\BasicConfigVersion-AnyNewerVersion.cmake.in D$:\Microsoft$ Visual$ Studio\18\Community\Common7\IDE\CommonExtensions\Microsoft\CMake\CMake\share\cmake-4.3\Modules\CMakeCXXCompiler.cmake.in D$:\Microsoft$ Visual$ Studio\18\Community\Common7\IDE\CommonExtensions\Microsoft\CMake\CMake\share\cmake-4.3\Modules\CMakeCXXCompilerABI.cpp D$:\Microsoft$ Visual$ Studio\18\Community\Common7\IDE\CommonExtensions\Microsoft\CMake\CMake\share\cmake-4.3\Modules\CMakeCXXInformation.cmake D$:\Microsoft$ Visual$ Studio\18\Community\Common7\IDE\CommonExtensions\Microsoft\CMake\CMake\share\cmake-4.3\Modules\CMakeCheckCompilerFlagCommonPatterns.cmake D$:\Microsoft$ Visual$ Studio\18\Community\Common7\IDE\CommonExtensions\Microsoft\CMake\CMake\share\cmake-4.3\Modules\CMakeCommonLanguageInclude.cmake D$:\Microsoft$ Visual$ Studio\18\Community\Common7\IDE\CommonExtensions\Microsoft\CMake\CMake\share\cmake-4.3\Modules\CMakeCompilerIdDetection.cmake D$:\Microsoft$ Visual$ Studio\18\Community\Common7\IDE\CommonExtensions\Microsoft\CMake\CMake\share\cmake-4.3\Modules\CMakeDependentOption.cmake D$:\Microsoft$ Visual$ Studio\18\Community\Common7\IDE\CommonExtensions\Microsoft\CMake\CMake\share\cmake-4.3\Modules\CMakeDetermineCXXCompiler.cmake D$:\Microsoft$ Visual$ Studio\18\Community\Common7\IDE\CommonExtensions\Microsoft\CMake\CMake\share\cmake-4.3\Modules\CMakeDetermineCompiler.cmake D$:\Microsoft$ Visual$ Studio\18\Community\Common7\IDE\CommonExtensions\Microsoft\CMake\CMake\share\cmake-4.3\Modules\CMakeDetermineCompilerABI.cmake D$:\Microsoft$ Visual$ Studio\18\Community\Common7\IDE\CommonExtensions\Microsoft\CMake\CMake\share\cmake-4.3\Modules\CMakeDetermineCompilerId.cmake D$:\Microsoft$ Visual$ Studio\18\Community\Common7\IDE\CommonExtensions\Microsoft\CMake\CMake\share\cmake-4.3\Modules\CMakeDetermineCompilerSupport.cmake D$:\Microsoft$ Visual$ Studio\18\Community\Common7\IDE\CommonExtensions\Microsoft\CMake\CMake\share\cmake-4.3\Modules\CMakeDetermineRCCompiler.cmake D$:\Microsoft$ Visual$ Studio\18\Community\Common7\IDE\CommonExtensions\Microsoft\CMake\CMake\share\cmake-4.3\Modules\CMakeDetermineSystem.cmake D$:\Microsoft$ Visual$ Studio\18\Community\Common7\IDE\CommonExtensions\Microsoft\CMake\CMake\share\cmake-4.3\Modules\CMakeFindBinUtils.cmake D$:\Microsoft$ Visual$ Studio\18\Community\Common7\IDE\CommonExtensions\Microsoft\CMake\CMake\share\cmake-4.3\Modules\CMakeGenericSystem.cmake D$:\Microsoft$ Visual$ Studio\18\Community\Common7\IDE\CommonExtensions\Microsoft\CMake\CMake\share\cmake-4.3\Modules\CMakeInitializeConfigs.cmake D$:\Microsoft$ Visual$ Studio\18\Community\Common7\IDE\CommonExtensions\Microsoft\CMake\CMake\share\cmake-4.3\Modules\CMakeLanguageInformation.cmake D$:\Microsoft$ Visual$ Studio\18\Community\Common7\IDE\CommonExtensions\Microsoft\CMake\CMake\share\cmake-4.3\Modules\CMakePackageConfigHelpers.cmake D$:\Microsoft$ Visual$ Studio\18\Community\Common7\IDE\CommonExtensions\Microsoft\CMake\CMake\share\cmake-4.3\Modules\CMakeParseImplicitIncludeInfo.cmake D$:\Microsoft$ Visual$ Studio\18\Community\Common7\IDE\CommonExtensions\Microsoft\CMake\CMake\share\cmake-4.3\Modules\CMakeParseImplicitLinkInfo.cmake D$:\Microsoft$ Visual$ Studio\18\Community\Common7\IDE\CommonExtensions\Microsoft\CMake\CMake\share\cmake-4.3\Modules\CMakeParseLibraryArchitecture.cmake D$:\Microsoft$ Visual$ Studio\18\Community\Common7\IDE\CommonExtensions\Microsoft\CMake\CMake\share\cmake-4.3\Modules\CMakeRCCompiler.cmake.in D$:\Microsoft$ Visual$ Studio\18\Community\Common7\IDE\CommonExtensions\Microsoft\CMake\CMake\share\cmake-4.3\Modules\CMakeRCInformation.cmake D$:\Microsoft$ Visual$ Studio\18\Community\Common7\IDE\CommonExtensions\Microsoft\CMake\CMake\share\cmake-4.3\Modules\CMakeSystem.cmake.in D$:\Microsoft$ Visual$ Studio\18\Community\Common7\IDE\CommonExtensions\Microsoft\CMake\CMake\share\cmake-4.3\Modules\CMakeSystemSpecificInformation.cmake D$:\Microsoft$ Visual$ Studio\18\Community\Common7\IDE\CommonExtensions\Microsoft\CMake\CMake\share\cmake-4.3\Modules\CMakeSystemSpecificInitialize.cmake D$:\Microsoft$ Visual$ Studio\18\Community\Common7\IDE\CommonExtensions\Microsoft\CMake\CMake\share\cmake-4.3\Modules\CMakeTestCXXCompiler.cmake D$:\Microsoft$ Visual$ Studio\18\Community\Common7\IDE\CommonExtensions\Microsoft\CMake\CMake\share\cmake-4.3\Modules\CMakeTestCompilerCommon.cmake D$:\Microsoft$ Visual$ Studio\18\Community\Common7\IDE\CommonExtensions\Microsoft\CMake\CMake\share\cmake-4.3\Modules\CMakeTestRCCompiler.cmake D$:\Microsoft$ Visual$ Studio\18\Community\Common7\IDE\CommonExtensions\Microsoft\CMake\CMake\share\cmake-4.3\Modules\CPack.cmake D$:\Microsoft$ Visual$ Studio\18\Community\Common7\IDE\CommonExtensions\Microsoft\CMake\CMake\share\cmake-4.3\Modules\CPackComponent.cmake D$:\Microsoft$ Visual$ Studio\18\Community\Common7\IDE\CommonExtensions\Microsoft\CMake\CMake\share\cmake-4.3\Modules\CheckCXXCompilerFlag.cmake D$:\Microsoft$ Visual$ Studio\18\Community\Common7\IDE\CommonExtensions\Microsoft\CMake\CMake\share\cmake-4.3\Modules\CheckCXXSourceCompiles.cmake D$:\Microsoft$ Visual$ Studio\18\Community\Common7\IDE\CommonExtensions\Microsoft\CMake\CMake\share\cmake-4.3\Modules\Compiler\ADSP-DetermineCompiler.cmake D$:\Microsoft$ Visual$ Studio\18\Community\Common7\IDE\CommonExtensions\Microsoft\CMake\CMake\share\cmake-4.3\Modules\Compiler\ARMCC-DetermineCompiler.cmake D$:\Microsoft$ Visual$ Studio\18\Community\Common7\IDE\CommonExtensions\Microsoft\CMake\CMake\share\cmake-4.3\Modules\Compiler\ARMClang-DetermineCompiler.cmake D$:\Microsoft$ Visual$ Studio\18\Community\Common7\IDE\CommonExtensions\Microsoft\CMake\CMake\share\cmake-4.3\Modules\Compiler\AppleClang-DetermineCompiler.cmake D$:\Microsoft$ Visual$ Studio\18\Community\Common7\IDE\CommonExtensions\Microsoft\CMake\CMake\share\cmake-4.3\Modules\Compiler\Borland-DetermineCompiler.cmake D$:\Microsoft$ Visual$ Studio\18\Community\Common7\IDE\CommonExtensions\Microsoft\CMake\CMake\share\cmake-4.3\Modules\Compiler\CMakeCommonCompilerMacros.cmake D$:\Microsoft$ Visual$ Studio\18\Community\Common7\IDE\CommonExtensions\Microsoft\CMake\CMake\share\cmake-4.3\Modules\Compiler\Clang-DetermineCompiler.cmake D$:\Microsoft$ Visual$ Studio\18\Community\Common7\IDE\CommonExtensions\Microsoft\CMake\CMake\share\cmake-4.3\Modules\Compiler\Clang-DetermineCompilerInternal.cmake D$:\Microsoft$ Visual$ Studio\18\Community\Common7\IDE\CommonExtensions\Microsoft\CMake\CMake\share\cmake-4.3\Modules\Compiler\Compaq-CXX-DetermineCompiler.cmake D$:\Microsoft$ Visual$ Studio\18\Community\Common7\IDE\CommonExtensions\Microsoft\CMake\CMake\share\cmake-4.3\Modules\Compiler\Cray-DetermineCompiler.cmake D$:\Microsoft$ Visual$ Studio\18\Community\Common7\IDE\CommonExtensions\Microsoft\CMake\CMake\share\cmake-4.3\Modules\Compiler\CrayClang-DetermineCompiler.cmake D$:\Microsoft$ Visual$ Studio\18\Community\Common7\IDE\CommonExtensions\Microsoft\CMake\CMake\share\cmake-4.3\Modules\Compiler\Diab-DetermineCompiler.cmake D$:\Microsoft$ Visual$ Studio\18\Community\Common7\IDE\CommonExtensions\Microsoft\CMake\CMake\share\cmake-4.3\Modules\Compiler\Embarcadero-DetermineCompiler.cmake D$:\Microsoft$ Visual$ Studio\18\Community\Common7\IDE\CommonExtensions\Microsoft\CMake\CMake\share\cmake-4.3\Modules\Compiler\Fujitsu-DetermineCompiler.cmake D$:\Microsoft$ Visual$ Studio\18\Community\Common7\IDE\CommonExtensions\Microsoft\CMake\CMake\share\cmake-4.3\Modules\Compiler\FujitsuClang-DetermineCompiler.cmake D$:\Microsoft$ Visual$ Studio\18\Community\Common7\IDE\CommonExtensions\Microsoft\CMake\CMake\share\cmake-4.3\Modules\Compiler\GHS-DetermineCompiler.cmake D$:\Microsoft$ Visual$ Studio\18\Community\Common7\IDE\CommonExtensions\Microsoft\CMake\CMake\share\cmake-4.3\Modules\Compiler\GNU-CXX-DetermineCompiler.cmake D$:\Microsoft$ Visual$ Studio\18\Community\Common7\IDE\CommonExtensions\Microsoft\CMake\CMake\share\cmake-4.3\Modules\Compiler\HP-CXX-DetermineCompiler.cmake D$:\Microsoft$ Visual$ Studio\18\Community\Common7\IDE\CommonExtensions\Microsoft\CMake\CMake\share\cmake-4.3\Modules\Compiler\IAR-DetermineCompiler.cmake D$:\Microsoft$ Visual$ Studio\18\Community\Common7\IDE\CommonExtensions\Microsoft\CMake\CMake\share\cmake-4.3\Modules\Compiler\IBMCPP-CXX-DetermineVersionInternal.cmake D$:\Microsoft$ Visual$ Studio\18\Community\Common7\IDE\CommonExtensions\Microsoft\CMake\CMake\share\cmake-4.3\Modules\Compiler\IBMClang-CXX-DetermineCompiler.cmake D$:\Microsoft$ Visual$ Studio\18\Community\Common7\IDE\CommonExtensions\Microsoft\CMake\CMake\share\cmake-4.3\Modules\Compiler\Intel-DetermineCompiler.cmake D$:\Microsoft$ Visual$ Studio\18\Community\Common7\IDE\CommonExtensions\Microsoft\CMake\CMake\share\cmake-4.3\Modules\Compiler\IntelLLVM-DetermineCompiler.cmake D$:\Microsoft$ Visual$ Studio\18\Community\Common7\IDE\CommonExtensions\Microsoft\CMake\CMake\share\cmake-4.3\Modules\Compiler\LCC-CXX-DetermineCompiler.cmake D$:\Microsoft$ Visual$ Studio\18\Community\Common7\IDE\CommonExtensions\Microsoft\CMake\CMake\share\cmake-4.3\Modules\Compiler\MSVC-CXX-CXXImportStd.cmake D$:\Microsoft$ Visual$ Studio\18\Community\Common7\IDE\CommonExtensions\Microsoft\CMake\CMake\share\cmake-4.3\Modules\Compiler\MSVC-CXX.cmake D$:\Microsoft$ Visual$ Studio\18\Community\Common7\IDE\CommonExtensions\Microsoft\CMake\CMake\share\cmake-4.3\Modules\Compiler\MSVC-DetermineCompiler.cmake D$:\Microsoft$ Visual$ Studio\18\Community\Common7\IDE\CommonExtensions\Microsoft\CMake\CMake\share\cmake-4.3\Modules\Compiler\MSVC.cmake D$:\Microsoft$ Visual$ Studio\18\Community\Common7\IDE\CommonExtensions\Microsoft\CMake\CMake\share\cmake-4.3\Modules\Compiler\NVHPC-DetermineCompiler.cmake D$:\Microsoft$ Visual$ Studio\18\Community\Common7\IDE\CommonExtensions\Microsoft\CMake\CMake\share\cmake-4.3\Modules\Compiler\NVIDIA-DetermineCompiler.cmake D$:\Microsoft$ Visual$ Studio\18\Community\Common7\IDE\CommonExtensions\Microsoft\CMake\CMake\share\cmake-4.3\Modules\Compiler\OpenWatcom-DetermineCompiler.cmake D$:\Microsoft$ Visual$ Studio\18\Community\Common7\IDE\CommonExtensions\Microsoft\CMake\CMake\share\cmake-4.3\Modules\Compiler\OrangeC-DetermineCompiler.cmake D$:\Microsoft$ Visual$ Studio\18\Community\Common7\IDE\CommonExtensions\Microsoft\CMake\CMake\share\cmake-4.3\Modules\Compiler\PGI-DetermineCompiler.cmake D$:\Microsoft$ Visual$ Studio\18\Community\Common7\IDE\CommonExtensions\Microsoft\CMake\CMake\share\cmake-4.3\Modules\Compiler\PathScale-DetermineCompiler.cmake D$:\Microsoft$ Visual$ Studio\18\Community\Common7\IDE\CommonExtensions\Microsoft\CMake\CMake\share\cmake-4.3\Modules\Compiler\Renesas-DetermineCompiler.cmake D$:\Microsoft$ Visual$ Studio\18\Community\Common7\IDE\CommonExtensions\Microsoft\CMake\CMake\share\cmake-4.3\Modules\Compiler\SCO-DetermineCompiler.cmake D$:\Microsoft$ Visual$ Studio\18\Community\Common7\IDE\CommonExtensions\Microsoft\CMake\CMake\share\cmake-4.3\Modules\Compiler\SunPro-CXX-DetermineCompiler.cmake D$:\Microsoft$ Visual$ Studio\18\Community\Common7\IDE\CommonExtensions\Microsoft\CMake\CMake\share\cmake-4.3\Modules\Compiler\TI-DetermineCompiler.cmake D$:\Microsoft$ Visual$ Studio\18\Community\Common7\IDE\CommonExtensions\Microsoft\CMake\CMake\share\cmake-4.3\Modules\Compiler\TIClang-DetermineCompiler.cmake D$:\Microsoft$ Visual$ Studio\18\Community\Common7\IDE\CommonExtensions\Microsoft\CMake\CMake\share\cmake-4.3\Modules\Compiler\Tasking-DetermineCompiler.cmake D$:\Microsoft$ Visual$ Studio\18\Community\Common7\IDE\CommonExtensions\Microsoft\CMake\CMake\share\cmake-4.3\Modules\Compiler\VisualAge-CXX-DetermineCompiler.cmake D$:\Microsoft$ Visual$ Studio\18\Community\Common7\IDE\CommonExtensions\Microsoft\CMake\CMake\share\cmake-4.3\Modules\Compiler\Watcom-DetermineCompiler.cmake D$:\Microsoft$ Visual$ Studio\18\Community\Common7\IDE\CommonExtensions\Microsoft\CMake\CMake\share\cmake-4.3\Modules\Compiler\XL-CXX-DetermineCompiler.cmake D$:\Microsoft$ Visual$ Studio\18\Community\Common7\IDE\CommonExtensions\Microsoft\CMake\CMake\share\cmake-4.3\Modules\Compiler\XLClang-CXX-DetermineCompiler.cmake D$:\Microsoft$ Visual$ Studio\18\Community\Common7\IDE\CommonExtensions\Microsoft\CMake\CMake\share\cmake-4.3\Modules\Compiler\zOS-CXX-DetermineCompiler.cmake D$:\Microsoft$ Visual$ Studio\18\Community\Common7\IDE\CommonExtensions\Microsoft\CMake\CMake\share\cmake-4.3\Modules\GNUInstallDirs.cmake D$:\Microsoft$ Visual$ Studio\18\Community\Common7\IDE\CommonExtensions\Microsoft\CMake\CMake\share\cmake-4.3\Modules\Internal\CMakeCXXLinkerInformation.cmake D$:\Microsoft$ Visual$ Studio\18\Community\Common7\IDE\CommonExtensions\Microsoft\CMake\CMake\share\cmake-4.3\Modules\Internal\CMakeCommonLinkerInformation.cmake D$:\Microsoft$ Visual$ Studio\18\Community\Common7\IDE\CommonExtensions\Microsoft\CMake\CMake\share\cmake-4.3\Modules\Internal\CMakeDetermineLinkerId.cmake D$:\Microsoft$ Visual$ Studio\18\Community\Common7\IDE\CommonExtensions\Microsoft\CMake\CMake\share\cmake-4.3\Modules\Internal\CMakeInspectCXXLinker.cmake D$:\Microsoft$ Visual$ Studio\18\Community\Common7\IDE\CommonExtensions\Microsoft\CMake\CMake\share\cmake-4.3\Modules\Internal\CheckCompilerFlag.cmake D$:\Microsoft$ Visual$ Studio\18\Community\Common7\IDE\CommonExtensions\Microsoft\CMake\CMake\share\cmake-4.3\Modules\Internal\CheckFlagCommonConfig.cmake D$:\Microsoft$ Visual$ Studio\18\Community\Common7\IDE\CommonExtensions\Microsoft\CMake\CMake\share\cmake-4.3\Modules\Internal\CheckSourceCompiles.cmake D$:\Microsoft$ Visual$ Studio\18\Community\Common7\IDE\CommonExtensions\Microsoft\CMake\CMake\share\cmake-4.3\Modules\Internal\FeatureTesting.cmake D$:\Microsoft$ Visual$ Studio\18\Community\Common7\IDE\CommonExtensions\Microsoft\CMake\CMake\share\cmake-4.3\Modules\Platform\Linker\GNU.cmake D$:\Microsoft$ Visual$ Studio\18\Community\Common7\IDE\CommonExtensions\Microsoft\CMake\CMake\share\cmake-4.3\Modules\Platform\Linker\Windows-CXX.cmake D$:\Microsoft$ Visual$ Studio\18\Community\Common7\IDE\CommonExtensions\Microsoft\CMake\CMake\share\cmake-4.3\Modules\Platform\Linker\Windows-GNU-CXX.cmake D$:\Microsoft$ Visual$ Studio\18\Community\Common7\IDE\CommonExtensions\Microsoft\CMake\CMake\share\cmake-4.3\Modules\Platform\Linker\Windows-GNU.cmake D$:\Microsoft$ Visual$ Studio\18\Community\Common7\IDE\CommonExtensions\Microsoft\CMake\CMake\share\cmake-4.3\Modules\Platform\Windows-Determine-CXX.cmake D$:\Microsoft$ Visual$ Studio\18\Community\Common7\IDE\CommonExtensions\Microsoft\CMake\CMake\share\cmake-4.3\Modules\Platform\Windows-Initialize.cmake D$:\Microsoft$ Visual$ Studio\18\Community\Common7\IDE\CommonExtensions\Microsoft\CMake\CMake\share\cmake-4.3\Modules\Platform\Windows-MSVC-CXX.cmake D$:\Microsoft$ Visual$ Studio\18\Community\Common7\IDE\CommonExtensions\Microsoft\CMake\CMake\share\cmake-4.3\Modules\Platform\Windows-MSVC.cmake D$:\Microsoft$ Visual$ Studio\18\Community\Common7\IDE\CommonExtensions\Microsoft\CMake\CMake\share\cmake-4.3\Modules\Platform\Windows.cmake D$:\Microsoft$ Visual$ Studio\18\Community\Common7\IDE\CommonExtensions\Microsoft\CMake\CMake\share\cmake-4.3\Modules\Platform\WindowsPaths.cmake D$:\Microsoft$ Visual$ Studio\18\Community\Common7\IDE\CommonExtensions\Microsoft\CMake\CMake\share\cmake-4.3\Modules\WriteBasicConfigVersionFile.cmake D$:\Microsoft$ Visual$ Studio\18\Community\Common7\IDE\CommonExtensions\Microsoft\CMake\CMake\share\cmake-4.3\Templates\CPackConfig.cmake.in D$:\Microsoft$ Visual$ Studio\18\Community\VC\vcpkg\scripts\buildsystems\vcpkg.cmake D$:\Microsoft$ Visual$ Studio\18\Community\VC\vcpkg\scripts\toolchains\windows.cmake D$:\WaterSurfaceRendererScratch\vcpkg_installed\vcpkg\blds\fmt\src\12.2.0-d352ede310.clean\CMakeLists.txt D$:\WaterSurfaceRendererScratch\vcpkg_installed\vcpkg\blds\fmt\src\12.2.0-d352ede310.clean\support\cmake\JoinPaths.cmake D$:\WaterSurfaceRendererScratch\vcpkg_installed\vcpkg\blds\fmt\src\12.2.0-d352ede310.clean\support\cmake\fmt-config.cmake.in D$:\WaterSurfaceRendererScratch\vcpkg_installed\vcpkg\blds\fmt\src\12.2.0-d352ede310.clean\support\cmake\fmt.pc.in
  pool = console


#############################################
# A missing CMake input file is not an error.

build CMakeCache.txt CMakeFiles\4.3.1-msvc1\CMakeCXXCompiler.cmake CMakeFiles\4.3.1-msvc1\CMakeRCCompiler.cmake CMakeFiles\4.3.1-msvc1\CMakeSystem.cmake D$:\Microsoft$ Visual$ Studio\18\Community\Common7\IDE\CommonExtensions\Microsoft\CMake\CMake\share\cmake-4.3\Modules\BasicConfigVersion-AnyNewerVersion.cmake.in D$:\Microsoft$ Visual$ Studio\18\Community\Common7\IDE\CommonExtensions\Microsoft\CMake\CMake\share\cmake-4.3\Modules\CMakeCXXCompiler.cmake.in D$:\Microsoft$ Visual$ Studio\18\Community\Common7\IDE\CommonExtensions\Microsoft\CMake\CMake\share\cmake-4.3\Modules\CMakeCXXCompilerABI.cpp D$:\Microsoft$ Visual$ Studio\18\Community\Common7\IDE\CommonExtensions\Microsoft\CMake\CMake\share\cmake-4.3\Modules\CMakeCXXInformation.cmake D$:\Microsoft$ Visual$ Studio\18\Community\Common7\IDE\CommonExtensions\Microsoft\CMake\CMake\share\cmake-4.3\Modules\CMakeCheckCompilerFlagCommonPatterns.cmake D$:\Microsoft$ Visual$ Studio\18\Community\Common7\IDE\CommonExtensions\Microsoft\CMake\CMake\share\cmake-4.3\Modules\CMakeCommonLanguageInclude.cmake D$:\Microsoft$ Visual$ Studio\18\Community\Common7\IDE\CommonExtensions\Microsoft\CMake\CMake\share\cmake-4.3\Modules\CMakeCompilerIdDetection.cmake D$:\Microsoft$ Visual$ Studio\18\Community\Common7\IDE\CommonExtensions\Microsoft\CMake\CMake\share\cmake-4.3\Modules\CMakeDependentOption.cmake D$:\Microsoft$ Visual$ Studio\18\Community\Common7\IDE\CommonExtensions\Microsoft\CMake\CMake\share\cmake-4.3\Modules\CMakeDetermineCXXCompiler.cmake D$:\Microsoft$ Visual$ Studio\18\Community\Common7\IDE\CommonExtensions\Microsoft\CMake\CMake\share\cmake-4.3\Modules\CMakeDetermineCompiler.cmake D$:\Microsoft$ Visual$ Studio\18\Community\Common7\IDE\CommonExtensions\Microsoft\CMake\CMake\share\cmake-4.3\Modules\CMakeDetermineCompilerABI.cmake D$:\Microsoft$ Visual$ Studio\18\Community\Common7\IDE\CommonExtensions\Microsoft\CMake\CMake\share\cmake-4.3\Modules\CMakeDetermineCompilerId.cmake D$:\Microsoft$ Visual$ Studio\18\Community\Common7\IDE\CommonExtensions\Microsoft\CMake\CMake\share\cmake-4.3\Modules\CMakeDetermineCompilerSupport.cmake D$:\Microsoft$ Visual$ Studio\18\Community\Common7\IDE\CommonExtensions\Microsoft\CMake\CMake\share\cmake-4.3\Modules\CMakeDetermineRCCompiler.cmake D$:\Microsoft$ Visual$ Studio\18\Community\Common7\IDE\CommonExtensions\Microsoft\CMake\CMake\share\cmake-4.3\Modules\CMakeDetermineSystem.cmake D$:\Microsoft$ Visual$ Studio\18\Community\Common7\IDE\CommonExtensions\Microsoft\CMake\CMake\share\cmake-4.3\Modules\CMakeFindBinUtils.cmake D$:\Microsoft$ Visual$ Studio\18\Community\Common7\IDE\CommonExtensions\Microsoft\CMake\CMake\share\cmake-4.3\Modules\CMakeGenericSystem.cmake D$:\Microsoft$ Visual$ Studio\18\Community\Common7\IDE\CommonExtensions\Microsoft\CMake\CMake\share\cmake-4.3\Modules\CMakeInitializeConfigs.cmake D$:\Microsoft$ Visual$ Studio\18\Community\Common7\IDE\CommonExtensions\Microsoft\CMake\CMake\share\cmake-4.3\Modules\CMakeLanguageInformation.cmake D$:\Microsoft$ Visual$ Studio\18\Community\Common7\IDE\CommonExtensions\Microsoft\CMake\CMake\share\cmake-4.3\Modules\CMakePackageConfigHelpers.cmake D$:\Microsoft$ Visual$ Studio\18\Community\Common7\IDE\CommonExtensions\Microsoft\CMake\CMake\share\cmake-4.3\Modules\CMakeParseImplicitIncludeInfo.cmake D$:\Microsoft$ Visual$ Studio\18\Community\Common7\IDE\CommonExtensions\Microsoft\CMake\CMake\share\cmake-4.3\Modules\CMakeParseImplicitLinkInfo.cmake D$:\Microsoft$ Visual$ Studio\18\Community\Common7\IDE\CommonExtensions\Microsoft\CMake\CMake\share\cmake-4.3\Modules\CMakeParseLibraryArchitecture.cmake D$:\Microsoft$ Visual$ Studio\18\Community\Common7\IDE\CommonExtensions\Microsoft\CMake\CMake\share\cmake-4.3\Modules\CMakeRCCompiler.cmake.in D$:\Microsoft$ Visual$ Studio\18\Community\Common7\IDE\CommonExtensions\Microsoft\CMake\CMake\share\cmake-4.3\Modules\CMakeRCInformation.cmake D$:\Microsoft$ Visual$ Studio\18\Community\Common7\IDE\CommonExtensions\Microsoft\CMake\CMake\share\cmake-4.3\Modules\CMakeSystem.cmake.in D$:\Microsoft$ Visual$ Studio\18\Community\Common7\IDE\CommonExtensions\Microsoft\CMake\CMake\share\cmake-4.3\Modules\CMakeSystemSpecificInformation.cmake D$:\Microsoft$ Visual$ Studio\18\Community\Common7\IDE\CommonExtensions\Microsoft\CMake\CMake\share\cmake-4.3\Modules\CMakeSystemSpecificInitialize.cmake D$:\Microsoft$ Visual$ Studio\18\Community\Common7\IDE\CommonExtensions\Microsoft\CMake\CMake\share\cmake-4.3\Modules\CMakeTestCXXCompiler.cmake D$:\Microsoft$ Visual$ Studio\18\Community\Common7\IDE\CommonExtensions\Microsoft\CMake\CMake\share\cmake-4.3\Modules\CMakeTestCompilerCommon.cmake D$:\Microsoft$ Visual$ Studio\18\Community\Common7\IDE\CommonExtensions\Microsoft\CMake\CMake\share\cmake-4.3\Modules\CMakeTestRCCompiler.cmake D$:\Microsoft$ Visual$ Studio\18\Community\Common7\IDE\CommonExtensions\Microsoft\CMake\CMake\share\cmake-4.3\Modules\CPack.cmake D$:\Microsoft$ Visual$ Studio\18\Community\Common7\IDE\CommonExtensions\Microsoft\CMake\CMake\share\cmake-4.3\Modules\CPackComponent.cmake D$:\Microsoft$ Visual$ Studio\18\Community\Common7\IDE\CommonExtensions\Microsoft\CMake\CMake\share\cmake-4.3\Modules\CheckCXXCompilerFlag.cmake D$:\Microsoft$ Visual$ Studio\18\Community\Common7\IDE\CommonExtensions\Microsoft\CMake\CMake\share\cmake-4.3\Modules\CheckCXXSourceCompiles.cmake D$:\Microsoft$ Visual$ Studio\18\Community\Common7\IDE\CommonExtensions\Microsoft\CMake\CMake\share\cmake-4.3\Modules\Compiler\ADSP-DetermineCompiler.cmake D$:\Microsoft$ Visual$ Studio\18\Community\Common7\IDE\CommonExtensions\Microsoft\CMake\CMake\share\cmake-4.3\Modules\Compiler\ARMCC-DetermineCompiler.cmake D$:\Microsoft$ Visual$ Studio\18\Community\Common7\IDE\CommonExtensions\Microsoft\CMake\CMake\share\cmake-4.3\Modules\Compiler\ARMClang-DetermineCompiler.cmake D$:\Microsoft$ Visual$ Studio\18\Community\Common7\IDE\CommonExtensions\Microsoft\CMake\CMake\share\cmake-4.3\Modules\Compiler\AppleClang-DetermineCompiler.cmake D$:\Microsoft$ Visual$ Studio\18\Community\Common7\IDE\CommonExtensions\Microsoft\CMake\CMake\share\cmake-4.3\Modules\Compiler\Borland-DetermineCompiler.cmake D$:\Microsoft$ Visual$ Studio\18\Community\Common7\IDE\CommonExtensions\Microsoft\CMake\CMake\share\cmake-4.3\Modules\Compiler\CMakeCommonCompilerMacros.cmake D$:\Microsoft$ Visual$ Studio\18\Community\Common7\IDE\CommonExtensions\Microsoft\CMake\CMake\share\cmake-4.3\Modules\Compiler\Clang-DetermineCompiler.cmake D$:\Microsoft$ Visual$ Studio\18\Community\Common7\IDE\CommonExtensions\Microsoft\CMake\CMake\share\cmake-4.3\Modules\Compiler\Clang-DetermineCompilerInternal.cmake D$:\Microsoft$ Visual$ Studio\18\Community\Common7\IDE\CommonExtensions\Microsoft\CMake\CMake\share\cmake-4.3\Modules\Compiler\Compaq-CXX-DetermineCompiler.cmake D$:\Microsoft$ Visual$ Studio\18\Community\Common7\IDE\CommonExtensions\Microsoft\CMake\CMake\share\cmake-4.3\Modules\Compiler\Cray-DetermineCompiler.cmake D$:\Microsoft$ Visual$ Studio\18\Community\Common7\IDE\CommonExtensions\Microsoft\CMake\CMake\share\cmake-4.3\Modules\Compiler\CrayClang-DetermineCompiler.cmake D$:\Microsoft$ Visual$ Studio\18\Community\Common7\IDE\CommonExtensions\Microsoft\CMake\CMake\share\cmake-4.3\Modules\Compiler\Diab-DetermineCompiler.cmake D$:\Microsoft$ Visual$ Studio\18\Community\Common7\IDE\CommonExtensions\Microsoft\CMake\CMake\share\cmake-4.3\Modules\Compiler\Embarcadero-DetermineCompiler.cmake D$:\Microsoft$ Visual$ Studio\18\Community\Common7\IDE\CommonExtensions\Microsoft\CMake\CMake\share\cmake-4.3\Modules\Compiler\Fujitsu-DetermineCompiler.cmake D$:\Microsoft$ Visual$ Studio\18\Community\Common7\IDE\CommonExtensions\Microsoft\CMake\CMake\share\cmake-4.3\Modules\Compiler\FujitsuClang-DetermineCompiler.cmake D$:\Microsoft$ Visual$ Studio\18\Community\Common7\IDE\CommonExtensions\Microsoft\CMake\CMake\share\cmake-4.3\Modules\Compiler\GHS-DetermineCompiler.cmake D$:\Microsoft$ Visual$ Studio\18\Community\Common7\IDE\CommonExtensions\Microsoft\CMake\CMake\share\cmake-4.3\Modules\Compiler\GNU-CXX-DetermineCompiler.cmake D$:\Microsoft$ Visual$ Studio\18\Community\Common7\IDE\CommonExtensions\Microsoft\CMake\CMake\share\cmake-4.3\Modules\Compiler\HP-CXX-DetermineCompiler.cmake D$:\Microsoft$ Visual$ Studio\18\Community\Common7\IDE\CommonExtensions\Microsoft\CMake\CMake\share\cmake-4.3\Modules\Compiler\IAR-DetermineCompiler.cmake D$:\Microsoft$ Visual$ Studio\18\Community\Common7\IDE\CommonExtensions\Microsoft\CMake\CMake\share\cmake-4.3\Modules\Compiler\IBMCPP-CXX-DetermineVersionInternal.cmake D$:\Microsoft$ Visual$ Studio\18\Community\Common7\IDE\CommonExtensions\Microsoft\CMake\CMake\share\cmake-4.3\Modules\Compiler\IBMClang-CXX-DetermineCompiler.cmake D$:\Microsoft$ Visual$ Studio\18\Community\Common7\IDE\CommonExtensions\Microsoft\CMake\CMake\share\cmake-4.3\Modules\Compiler\Intel-DetermineCompiler.cmake D$:\Microsoft$ Visual$ Studio\18\Community\Common7\IDE\CommonExtensions\Microsoft\CMake\CMake\share\cmake-4.3\Modules\Compiler\IntelLLVM-DetermineCompiler.cmake D$:\Microsoft$ Visual$ Studio\18\Community\Common7\IDE\CommonExtensions\Microsoft\CMake\CMake\share\cmake-4.3\Modules\Compiler\LCC-CXX-DetermineCompiler.cmake D$:\Microsoft$ Visual$ Studio\18\Community\Common7\IDE\CommonExtensions\Microsoft\CMake\CMake\share\cmake-4.3\Modules\Compiler\MSVC-CXX-CXXImportStd.cmake D$:\Microsoft$ Visual$ Studio\18\Community\Common7\IDE\CommonExtensions\Microsoft\CMake\CMake\share\cmake-4.3\Modules\Compiler\MSVC-CXX.cmake D$:\Microsoft$ Visual$ Studio\18\Community\Common7\IDE\CommonExtensions\Microsoft\CMake\CMake\share\cmake-4.3\Modules\Compiler\MSVC-DetermineCompiler.cmake D$:\Microsoft$ Visual$ Studio\18\Community\Common7\IDE\CommonExtensions\Microsoft\CMake\CMake\share\cmake-4.3\Modules\Compiler\MSVC.cmake D$:\Microsoft$ Visual$ Studio\18\Community\Common7\IDE\CommonExtensions\Microsoft\CMake\CMake\share\cmake-4.3\Modules\Compiler\NVHPC-DetermineCompiler.cmake D$:\Microsoft$ Visual$ Studio\18\Community\Common7\IDE\CommonExtensions\Microsoft\CMake\CMake\share\cmake-4.3\Modules\Compiler\NVIDIA-DetermineCompiler.cmake D$:\Microsoft$ Visual$ Studio\18\Community\Common7\IDE\CommonExtensions\Microsoft\CMake\CMake\share\cmake-4.3\Modules\Compiler\OpenWatcom-DetermineCompiler.cmake D$:\Microsoft$ Visual$ Studio\18\Community\Common7\IDE\CommonExtensions\Microsoft\CMake\CMake\share\cmake-4.3\Modules\Compiler\OrangeC-DetermineCompiler.cmake D$:\Microsoft$ Visual$ Studio\18\Community\Common7\IDE\CommonExtensions\Microsoft\CMake\CMake\share\cmake-4.3\Modules\Compiler\PGI-DetermineCompiler.cmake D$:\Microsoft$ Visual$ Studio\18\Community\Common7\IDE\CommonExtensions\Microsoft\CMake\CMake\share\cmake-4.3\Modules\Compiler\PathScale-DetermineCompiler.cmake D$:\Microsoft$ Visual$ Studio\18\Community\Common7\IDE\CommonExtensions\Microsoft\CMake\CMake\share\cmake-4.3\Modules\Compiler\Renesas-DetermineCompiler.cmake D$:\Microsoft$ Visual$ Studio\18\Community\Common7\IDE\CommonExtensions\Microsoft\CMake\CMake\share\cmake-4.3\Modules\Compiler\SCO-DetermineCompiler.cmake D$:\Microsoft$ Visual$ Studio\18\Community\Common7\IDE\CommonExtensions\Microsoft\CMake\CMake\share\cmake-4.3\Modules\Compiler\SunPro-CXX-DetermineCompiler.cmake D$:\Microsoft$ Visual$ Studio\18\Community\Common7\IDE\CommonExtensions\Microsoft\CMake\CMake\share\cmake-4.3\Modules\Compiler\TI-DetermineCompiler.cmake D$:\Microsoft$ Visual$ Studio\18\Community\Common7\IDE\CommonExtensions\Microsoft\CMake\CMake\share\cmake-4.3\Modules\Compiler\TIClang-DetermineCompiler.cmake D$:\Microsoft$ Visual$ Studio\18\Community\Common7\IDE\CommonExtensions\Microsoft\CMake\CMake\share\cmake-4.3\Modules\Compiler\Tasking-DetermineCompiler.cmake D$:\Microsoft$ Visual$ Studio\18\Community\Common7\IDE\CommonExtensions\Microsoft\CMake\CMake\share\cmake-4.3\Modules\Compiler\VisualAge-CXX-DetermineCompiler.cmake D$:\Microsoft$ Visual$ Studio\18\Community\Common7\IDE\CommonExtensions\Microsoft\CMake\CMake\share\cmake-4.3\Modules\Compiler\Watcom-DetermineCompiler.cmake D$:\Microsoft$ Visual$ Studio\18\Community\Common7\IDE\CommonExtensions\Microsoft\CMake\CMake\share\cmake-4.3\Modules\Compiler\XL-CXX-DetermineCompiler.cmake D$:\Microsoft$ Visual$ Studio\18\Community\Common7\IDE\CommonExtensions\Microsoft\CMake\CMake\share\cmake-4.3\Modules\Compiler\XLClang-CXX-DetermineCompiler.cmake D$:\Microsoft$ Visual$ Studio\18\Community\Common7\IDE\CommonExtensions\Microsoft\CMake\CMake\share\cmake-4.3\Modules\Compiler\zOS-CXX-DetermineCompiler.cmake D$:\Microsoft$ Visual$ Studio\18\Community\Common7\IDE\CommonExtensions\Microsoft\CMake\CMake\share\cmake-4.3\Modules\GNUInstallDirs.cmake D$:\Microsoft$ Visual$ Studio\18\Community\Common7\IDE\CommonExtensions\Microsoft\CMake\CMake\share\cmake-4.3\Modules\Internal\CMakeCXXLinkerInformation.cmake D$:\Microsoft$ Visual$ Studio\18\Community\Common7\IDE\CommonExtensions\Microsoft\CMake\CMake\share\cmake-4.3\Modules\Internal\CMakeCommonLinkerInformation.cmake D$:\Microsoft$ Visual$ Studio\18\Community\Common7\IDE\CommonExtensions\Microsoft\CMake\CMake\share\cmake-4.3\Modules\Internal\CMakeDetermineLinkerId.cmake D$:\Microsoft$ Visual$ Studio\18\Community\Common7\IDE\CommonExtensions\Microsoft\CMake\CMake\share\cmake-4.3\Modules\Internal\CMakeInspectCXXLinker.cmake D$:\Microsoft$ Visual$ Studio\18\Community\Common7\IDE\CommonExtensions\Microsoft\CMake\CMake\share\cmake-4.3\Modules\Internal\CheckCompilerFlag.cmake D$:\Microsoft$ Visual$ Studio\18\Community\Common7\IDE\CommonExtensions\Microsoft\CMake\CMake\share\cmake-4.3\Modules\Internal\CheckFlagCommonConfig.cmake D$:\Microsoft$ Visual$ Studio\18\Community\Common7\IDE\CommonExtensions\Microsoft\CMake\CMake\share\cmake-4.3\Modules\Internal\CheckSourceCompiles.cmake D$:\Microsoft$ Visual$ Studio\18\Community\Common7\IDE\CommonExtensions\Microsoft\CMake\CMake\share\cmake-4.3\Modules\Internal\FeatureTesting.cmake D$:\Microsoft$ Visual$ Studio\18\Community\Common7\IDE\CommonExtensions\Microsoft\CMake\CMake\share\cmake-4.3\Modules\Platform\Linker\GNU.cmake D$:\Microsoft$ Visual$ Studio\18\Community\Common7\IDE\CommonExtensions\Microsoft\CMake\CMake\share\cmake-4.3\Modules\Platform\Linker\Windows-CXX.cmake D$:\Microsoft$ Visual$ Studio\18\Community\Common7\IDE\CommonExtensions\Microsoft\CMake\CMake\share\cmake-4.3\Modules\Platform\Linker\Windows-GNU-CXX.cmake D$:\Microsoft$ Visual$ Studio\18\Community\Common7\IDE\CommonExtensions\Microsoft\CMake\CMake\share\cmake-4.3\Modules\Platform\Linker\Windows-GNU.cmake D$:\Microsoft$ Visual$ Studio\18\Community\Common7\IDE\CommonExtensions\Microsoft\CMake\CMake\share\cmake-4.3\Modules\Platform\Windows-Determine-CXX.cmake D$:\Microsoft$ Visual$ Studio\18\Community\Common7\IDE\CommonExtensions\Microsoft\CMake\CMake\share\cmake-4.3\Modules\Platform\Windows-Initialize.cmake D$:\Microsoft$ Visual$ Studio\18\Community\Common7\IDE\CommonExtensions\Microsoft\CMake\CMake\share\cmake-4.3\Modules\Platform\Windows-MSVC-CXX.cmake D$:\Microsoft$ Visual$ Studio\18\Community\Common7\IDE\CommonExtensions\Microsoft\CMake\CMake\share\cmake-4.3\Modules\Platform\Windows-MSVC.cmake D$:\Microsoft$ Visual$ Studio\18\Community\Common7\IDE\CommonExtensions\Microsoft\CMake\CMake\share\cmake-4.3\Modules\Platform\Windows.cmake D$:\Microsoft$ Visual$ Studio\18\Community\Common7\IDE\CommonExtensions\Microsoft\CMake\CMake\share\cmake-4.3\Modules\Platform\WindowsPaths.cmake D$:\Microsoft$ Visual$ Studio\18\Community\Common7\IDE\CommonExtensions\Microsoft\CMake\CMake\share\cmake-4.3\Modules\WriteBasicConfigVersionFile.cmake D$:\Microsoft$ Visual$ Studio\18\Community\Common7\IDE\CommonExtensions\Microsoft\CMake\CMake\share\cmake-4.3\Templates\CPackConfig.cmake.in D$:\Microsoft$ Visual$ Studio\18\Community\VC\vcpkg\scripts\buildsystems\vcpkg.cmake D$:\Microsoft$ Visual$ Studio\18\Community\VC\vcpkg\scripts\toolchains\windows.cmake D$:\WaterSurfaceRendererScratch\vcpkg_installed\vcpkg\blds\fmt\src\12.2.0-d352ede310.clean\CMakeLists.txt D$:\WaterSurfaceRendererScratch\vcpkg_installed\vcpkg\blds\fmt\src\12.2.0-d352ede310.clean\support\cmake\JoinPaths.cmake D$:\WaterSurfaceRendererScratch\vcpkg_installed\vcpkg\blds\fmt\src\12.2.0-d352ede310.clean\support\cmake\fmt-config.cmake.in D$:\WaterSurfaceRendererScratch\vcpkg_installed\vcpkg\blds\fmt\src\12.2.0-d352ede310.clean\support\cmake\fmt.pc.in: phony


#############################################
# Clean all the built files.

build clean: CLEAN


#############################################
# Print all primary targets available.

build help: HELP


#############################################
# Make the all target the default.

default all
