# CMAKE generated file: DO NOT EDIT!
# Generated by "Ninja" Generator, CMake Version 4.3

# This file contains all the build statements describing the
# compilation DAG.

# =============================================================================
# Write statements declared in CMakeLists.txt:
# 
# Which is the root file.
# =============================================================================

# =============================================================================
# Project: spdlog
# Configurations: Debug
# =============================================================================

#############################################
# Minimal version of Ninja required by this file

ninja_required_version = 1.5


#############################################
# Set configuration variable for custom commands.

CONFIGURATION = Debug
# =============================================================================
# Include auxiliary files.


#############################################
# Include rules file.

include CMakeFiles\rules.ninja

# =============================================================================

#############################################
# Logical path to working directory; prefix for absolute paths.

cmake_ninja_workdir = D$:\WaterSurfaceRendererScratch\vcpkg_installed\vcpkg\blds\spdlog\x64-windows-dbg\
# =============================================================================
# Object build statements for SHARED_LIBRARY target spdlog


#############################################
# Order-only phony target for spdlog

build cmake_object_order_depends_target_spdlog: phony || .

build CMakeFiles\spdlog.dir\src\spdlog.cpp.obj: CXX_COMPILER__spdlog_unscanned_Debug D$:\WaterSurfaceRendererScratch\vcpkg_installed\vcpkg\blds\spdlog\src\v1.17.0-8a1a388e84.clean\src\spdlog.cpp || cmake_object_order_depends_target_spdlog
  CONFIG = Debug
  DEFINES = -DFMT_SHARED -DSPDLOG_COMPILED_LIB -DSPDLOG_FMT_EXTERNAL -DSPDLOG_FWRITE_UNLOCKED -DSPDLOG_SHARED_LIB -Dspdlog_EXPORTS
  FLAGS = /nologo /DWIN32 /D_WINDOWS /utf-8 /GR /EHsc /MP  /MDd /Z7 /Ob0 /Od /RTC1  -MDd /wd4251 /wd4275 /Zc:__cplusplus /utf-8
  INCLUDES = -ID:\WaterSurfaceRendererScratch\vcpkg_installed\vcpkg\blds\spdlog\src\v1.17.0-8a1a388e84.clean\include -external:ID:\WaterSurfaceRendererScratch\vcpkg_installed\x64-windows\include -external:W0
  OBJECT_DIR = CMakeFiles\spdlog.dir
  OBJECT_FILE_DIR = CMakeFiles\spdlog.dir\src
  TARGET_COMPILE_PDB = CMakeFiles\spdlog.dir\
  TARGET_PDB = spdlogd.pdb
  TARGET_SUPPORT_DIR = CMakeFiles\spdlog.dir

build CMakeFiles\spdlog.dir\src\stdout_sinks.cpp.obj: CXX_COMPILER__spdlog_unscanned_Debug D$:\WaterSurfaceRendererScratch\vcpkg_installed\vcpkg\blds\spdlog\src\v1.17.0-8a1a388e84.clean\src\stdout_sinks.cpp || cmake_object_order_depends_target_spdlog
  CONFIG = Debug
  DEFINES = -DFMT_SHARED -DSPDLOG_COMPILED_LIB -DSPDLOG_FMT_EXTERNAL -DSPDLOG_FWRITE_UNLOCKED -DSPDLOG_SHARED_LIB -Dspdlog_EXPORTS
  FLAGS = /nologo /DWIN32 /D_WINDOWS /utf-8 /GR /EHsc /MP  /MDd /Z7 /Ob0 /Od /RTC1  -MDd /wd4251 /wd4275 /Zc:__cplusplus /utf-8
  INCLUDES = -ID:\WaterSurfaceRendererScratch\vcpkg_installed\vcpkg\blds\spdlog\src\v1.17.0-8a1a388e84.clean\include -external:ID:\WaterSurfaceRendererScratch\vcpkg_installed\x64-windows\include -external:W0
  OBJECT_DIR = CMakeFiles\spdlog.dir
  OBJECT_FILE_DIR = CMakeFiles\spdlog.dir\src
  TARGET_COMPILE_PDB = CMakeFiles\spdlog.dir\
  TARGET_PDB = spdlogd.pdb
  TARGET_SUPPORT_DIR = CMakeFiles\spdlog.dir

build CMakeFiles\spdlog.dir\src\color_sinks.cpp.obj: CXX_COMPILER__spdlog_unscanned_Debug D$:\WaterSurfaceRendererScratch\vcpkg_installed\vcpkg\blds\spdlog\src\v1.17.0-8a1a388e84.clean\src\color_sinks.cpp || cmake_object_order_depends_target_spdlog
  CONFIG = Debug
  DEFINES = -DFMT_SHARED -DSPDLOG_COMPILED_LIB -DSPDLOG_FMT_EXTERNAL -DSPDLOG_FWRITE_UNLOCKED -DSPDLOG_SHARED_LIB -Dspdlog_EXPORTS
  FLAGS = /nologo /DWIN32 /D_WINDOWS /utf-8 /GR /EHsc /MP  /MDd /Z7 /Ob0 /Od /RTC1  -MDd /wd4251 /wd4275 /Zc:__cplusplus /utf-8
  INCLUDES = -ID:\WaterSurfaceRendererScratch\vcpkg_installed\vcpkg\blds\spdlog\src\v1.17.0-8a1a388e84.clean\include -external:ID:\WaterSurfaceRendererScratch\vcpkg_installed\x64-windows\include -external:W0
  OBJECT_DIR = CMakeFiles\spdlog.dir
  OBJECT_FILE_DIR = CMakeFiles\spdlog.dir\src
  TARGET_COMPILE_PDB = CMakeFiles\spdlog.dir\
  TARGET_PDB = spdlogd.pdb
  TARGET_SUPPORT_DIR = CMakeFiles\spdlog.dir

build CMakeFiles\spdlog.dir\src\file_sinks.cpp.obj: CXX_COMPILER__spdlog_unscanned_Debug D$:\WaterSurfaceRendererScratch\vcpkg_installed\vcpkg\blds\spdlog\src\v1.17.0-8a1a388e84.clean\src\file_sinks.cpp || cmake_object_order_depends_target_spdlog
  CONFIG = Debug
  DEFINES = -DFMT_SHARED -DSPDLOG_COMPILED_LIB -DSPDLOG_FMT_EXTERNAL -DSPDLOG_FWRITE_UNLOCKED -DSPDLOG_SHARED_LIB -Dspdlog_EXPORTS
  FLAGS = /nologo /DWIN32 /D_WINDOWS /utf-8 /GR /EHsc /MP  /MDd /Z7 /Ob0 /Od /RTC1  -MDd /wd4251 /wd4275 /Zc:__cplusplus /utf-8
  INCLUDES = -ID:\WaterSurfaceRendererScratch\vcpkg_installed\vcpkg\blds\spdlog\src\v1.17.0-8a1a388e84.clean\include -external:ID:\WaterSurfaceRendererScratch\vcpkg_installed\x64-windows\include -external:W0
  OBJECT_DIR = CMakeFiles\spdlog.dir
  OBJECT_FILE_DIR = CMakeFiles\spdlog.dir\src
  TARGET_COMPILE_PDB = CMakeFiles\spdlog.dir\
  TARGET_PDB = spdlogd.pdb
  TARGET_SUPPORT_DIR = CMakeFiles\spdlog.dir

build CMakeFiles\spdlog.dir\src\async.cpp.obj: CXX_COMPILER__spdlog_unscanned_Debug D$:\WaterSurfaceRendererScratch\vcpkg_installed\vcpkg\blds\spdlog\src\v1.17.0-8a1a388e84.clean\src\async.cpp || cmake_object_order_depends_target_spdlog
  CONFIG = Debug
  DEFINES = -DFMT_SHARED -DSPDLOG_COMPILED_LIB -DSPDLOG_FMT_EXTERNAL -DSPDLOG_FWRITE_UNLOCKED -DSPDLOG_SHARED_LIB -Dspdlog_EXPORTS
  FLAGS = /nologo /DWIN32 /D_WINDOWS /utf-8 /GR /EHsc /MP  /MDd /Z7 /Ob0 /Od /RTC1  -MDd /wd4251 /wd4275 /Zc:__cplusplus /utf-8
  INCLUDES = -ID:\WaterSurfaceRendererScratch\vcpkg_installed\vcpkg\blds\spdlog\src\v1.17.0-8a1a388e84.clean\include -external:ID:\WaterSurfaceRendererScratch\vcpkg_installed\x64-windows\include -external:W0
  OBJECT_DIR = CMakeFiles\spdlog.dir
  OBJECT_FILE_DIR = CMakeFiles\spdlog.dir\src
  TARGET_COMPILE_PDB = CMakeFiles\spdlog.dir\
  TARGET_PDB = spdlogd.pdb
  TARGET_SUPPORT_DIR = CMakeFiles\spdlog.dir

build CMakeFiles\spdlog.dir\src\cfg.cpp.obj: CXX_COMPILER__spdlog_unscanned_Debug D$:\WaterSurfaceRendererScratch\vcpkg_installed\vcpkg\blds\spdlog\src\v1.17.0-8a1a388e84.clean\src\cfg.cpp || cmake_object_order_depends_target_spdlog
  CONFIG = Debug
  DEFINES = -DFMT_SHARED -DSPDLOG_COMPILED_LIB -DSPDLOG_FMT_EXTERNAL -DSPDLOG_FWRITE_UNLOCKED -DSPDLOG_SHARED_LIB -Dspdlog_EXPORTS
  FLAGS = /nologo /DWIN32 /D_WINDOWS /utf-8 /GR /EHsc /MP  /MDd /Z7 /Ob0 /Od /RTC1  -MDd /wd4251 /wd4275 /Zc:__cplusplus /utf-8
  INCLUDES = -ID:\WaterSurfaceRendererScratch\vcpkg_installed\vcpkg\blds\spdlog\src\v1.17.0-8a1a388e84.clean\include -external:ID:\WaterSurfaceRendererScratch\vcpkg_installed\x64-windows\include -external:W0
  OBJECT_DIR = CMakeFiles\spdlog.dir
  OBJECT_FILE_DIR = CMakeFiles\spdlog.dir\src
  TARGET_COMPILE_PDB = CMakeFiles\spdlog.dir\
  TARGET_PDB = spdlogd.pdb
  TARGET_SUPPORT_DIR = CMakeFiles\spdlog.dir

build CMakeFiles\spdlog.dir\version.rc.res: RC_COMPILER__spdlog_unscanned_Debug D$:\WaterSurfaceRendererScratch\vcpkg_installed\vcpkg\blds\spdlog\x64-windows-dbg\version.rc || cmake_object_order_depends_target_spdlog
  CONFIG = Debug
  DEFINES = -DFMT_SHARED -DSPDLOG_COMPILED_LIB -DSPDLOG_FMT_EXTERNAL -DSPDLOG_FWRITE_UNLOCKED -DSPDLOG_SHARED_LIB -Dspdlog_EXPORTS
  DEP_FILE = CMakeFiles\spdlog.dir\version.rc.res.d
  FLAGS = -c65001 /DWIN32 -D_DEBUG
  INCLUDES = -I D:\WaterSurfaceRendererScratch\vcpkg_installed\vcpkg\blds\spdlog\src\v1.17.0-8a1a388e84.clean\include -I D:\WaterSurfaceRendererScratch\vcpkg_installed\x64-windows\include
  OBJECT_DIR = CMakeFiles\spdlog.dir
  OBJECT_FILE_DIR = CMakeFiles\spdlog.dir
  TARGET_COMPILE_PDB = CMakeFiles\spdlog.dir\
  TARGET_PDB = spdlogd.pdb
  TARGET_SUPPORT_DIR = CMakeFiles\spdlog.dir


# =============================================================================
# Link build statements for SHARED_LIBRARY target spdlog


#############################################
# Link the shared library spdlogd.dll

build spdlogd.dll spdlogd.lib: CXX_SHARED_LIBRARY_LINKER__spdlog_Debug CMakeFiles\spdlog.dir\src\spdlog.cpp.obj CMakeFiles\spdlog.dir\src\stdout_sinks.cpp.obj CMakeFiles\spdlog.dir\src\color_sinks.cpp.obj CMakeFiles\spdlog.dir\src\file_sinks.cpp.obj CMakeFiles\spdlog.dir\src\async.cpp.obj CMakeFiles\spdlog.dir\src\cfg.cpp.obj CMakeFiles\spdlog.dir\version.rc.res | D$:\WaterSurfaceRendererScratch\vcpkg_installed\x64-windows\debug\lib\fmtd.lib
  CONFIG = Debug
  LANGUAGE_COMPILE_FLAGS = /nologo /DWIN32 /D_WINDOWS /utf-8 /GR /EHsc /MP  /MDd /Z7 /Ob0 /Od /RTC1  -MDd
  LINK_FLAGS = /machine:x64 /nologo    /debug /INCREMENTAL
  LINK_LIBRARIES = D:\WaterSurfaceRendererScratch\vcpkg_installed\x64-windows\debug\lib\fmtd.lib  kernel32.lib user32.lib gdi32.lib winspool.lib shell32.lib ole32.lib oleaut32.lib uuid.lib comdlg32.lib advapi32.lib
  OBJECT_DIR = CMakeFiles\spdlog.dir
  POST_BUILD = cd .
  PRE_LINK = cd .
  RESTAT = 1
  TARGET_COMPILE_PDB = CMakeFiles\spdlog.dir\
  TARGET_FILE = spdlogd.dll
  TARGET_IMPLIB = spdlogd.lib
  TARGET_PDB = spdlogd.pdb
  TARGET_SUPPORT_DIR = CMakeFiles\spdlog.dir


#############################################
# Utility command for package

build CMakeFiles\package.util: CUSTOM_COMMAND all
  COMMAND = C:\windows\system32\cmd.exe /C "cd /D D:\WaterSurfaceRendererScratch\vcpkg_installed\vcpkg\blds\spdlog\x64-windows-dbg && "D:\Microsoft Visual Studio\18\Community\Common7\IDE\CommonExtensions\Microsoft\CMake\CMake\bin\cpack.exe" --config ./CPackConfig.cmake"
  DESC = Run CPack packaging tool...
  pool = console
  restat = 1

build package: phony CMakeFiles\package.util


#############################################
# Utility command for package_source

build CMakeFiles\package_source.util: CUSTOM_COMMAND
  COMMAND = C:\windows\system32\cmd.exe /C "cd /D D:\WaterSurfaceRendererScratch\vcpkg_installed\vcpkg\blds\spdlog\x64-windows-dbg && "D:\Microsoft Visual Studio\18\Community\Common7\IDE\CommonExtensions\Microsoft\CMake\CMake\bin\cpack.exe" --config ./CPackSourceConfig.cmake"
  DESC = Run CPack packaging tool for source...
  pool = console
  restat = 1

build package_source: phony CMakeFiles\package_source.util


#############################################
# Utility command for edit_cache

build CMakeFiles\edit_cache.util: CUSTOM_COMMAND
  COMMAND = C:\windows\system32\cmd.exe /C "cd /D D:\WaterSurfaceRendererScratch\vcpkg_installed\vcpkg\blds\spdlog\x64-windows-dbg && "D:\Microsoft Visual Studio\18\Community\Common7\IDE\CommonExtensions\Microsoft\CMake\CMake\bin\cmake.exe" -E echo "No interactive CMake dialog available.""
  DESC = No interactive CMake dialog available...
  restat = 1

build edit_cache: phony CMakeFiles\edit_cache.util


#############################################
# Utility command for rebuild_cache

build CMakeFiles\rebuild_cache.util: CUSTOM_COMMAND
  COMMAND = C:\windows\system32\cmd.exe /C "cd /D D:\WaterSurfaceRendererScratch\vcpkg_installed\vcpkg\blds\spdlog\x64-windows-dbg && "D:\Microsoft Visual Studio\18\Community\Common7\IDE\CommonExtensions\Microsoft\CMake\CMake\bin\cmake.exe" --regenerate-during-build -SD:\WaterSurfaceRendererScratch\vcpkg_installed\vcpkg\blds\spdlog\src\v1.17.0-8a1a388e84.clean -BD:\WaterSurfaceRendererScratch\vcpkg_installed\vcpkg\blds\spdlog\x64-windows-dbg"
  DESC = Running CMake to regenerate build system...
  pool = console
  restat = 1

build rebuild_cache: phony CMakeFiles\rebuild_cache.util


#############################################
# Utility command for list_install_components

build list_install_components: phony


#############################################
# Utility command for install

build CMakeFiles\install.util: CUSTOM_COMMAND all
  COMMAND = C:\windows\system32\cmd.exe /C "cd /D D:\WaterSurfaceRendererScratch\vcpkg_installed\vcpkg\blds\spdlog\x64-windows-dbg && "D:\Microsoft Visual Studio\18\Community\Common7\IDE\CommonExtensions\Microsoft\CMake\CMake\bin\cmake.exe" -P cmake_install.cmake"
  DESC = Install the project...
  pool = console
  restat = 1

build install: phony CMakeFiles\install.util


#############################################
# Utility command for install/local

build CMakeFiles\install\local.util: CUSTOM_COMMAND all
  COMMAND = C:\windows\system32\cmd.exe /C "cd /D D:\WaterSurfaceRendererScratch\vcpkg_installed\vcpkg\blds\spdlog\x64-windows-dbg && "D:\Microsoft Visual Studio\18\Community\Common7\IDE\CommonExtensions\Microsoft\CMake\CMake\bin\cmake.exe" -DCMAKE_INSTALL_LOCAL_ONLY=1 -P cmake_install.cmake"
  DESC = Installing only the local directory...
  pool = console
  restat = 1

build install\local: phony CMakeFiles\install\local.util

# =============================================================================
# Target aliases.

build spdlog: phony spdlogd.dll

# =============================================================================
# Folder targets.

# =============================================================================

#############################################
# Folder: D:/WaterSurfaceRendererScratch/vcpkg_installed/vcpkg/blds/spdlog/x64-windows-dbg

build all: phony spdlogd.dll

# =============================================================================
# Built-in targets


#############################################
# Re-run CMake if any of its inputs changed.

build build.ninja D$:\WaterSurfaceRendererScratch\vcpkg_installed\vcpkg\blds\spdlog\x64-windows-dbg\cmake_install.cmake: RERUN_CMAKE | CMakeCache.txt CMakeFiles\4.3.1-msvc1\CMakeCXXCompiler.cmake CMakeFiles\4.3.1-msvc1\CMakeRCCompiler.cmake CMakeFiles\4.3.1-msvc1\CMakeSystem.cmake D$:\Microsoft$ Visual$ Studio\18\Community\Common7\IDE\CommonExtensions\Microsoft\CMake\CMake\share\cmake-4.3\Modules\BasicConfigVersion-SameMajorVersion.cmake.in D$:\Microsoft$ Visual$ Studio\18\Community\Common7\IDE\CommonExtensions\Microsoft\CMake\CMake\share\cmake-4.3\Modules\CMakeCXXCompiler.cmake.in D$:\Microsoft$ Visual$ Studio\18\Community\Common7\IDE\CommonExtensions\Microsoft\CMake\CMake\share\cmake-4.3\Modules\CMakeCXXCompilerABI.cpp D$:\Microsoft$ Visual$ Studio\18\Community\Common7\IDE\CommonExtensions\Microsoft\CMake\CMake\share\cmake-4.3\Modules\CMakeCXXInformation.cmake D$:\Microsoft$ Visual$ Studio\18\Community\Common7\IDE\CommonExtensions\Microsoft\CMake\CMake\share\cmake-4.3\Modules\CMakeCommonLanguageInclude.cmake D$:\Microsoft$ Visual$ Studio\18\Community\Common7\IDE\CommonExtensions\Microsoft\CMake\CMake\share\cmake-4.3\Modules\CMakeCompilerIdDetection.cmake D$:\Microsoft$ Visual$ Studio\18\Community\Common7\IDE\CommonExtensions\Microsoft\CMake\CMake\share\cmake-4.3\Modules\CMakeDependentOption.cmake D$:\Microsoft$ Visual$ Studio\18\Community\Common7\IDE\CommonExtensions\Microsoft\CMake\CMake\share\cmake-4.3\Modules\CMakeDetermineCXXCompiler.cmake D$:\Microsoft$ Visual$ Studio\18\Community\Common7\IDE\CommonExtensions\Microsoft\CMake\CMake\share\cmake-4.3\Modules\CMakeDetermineCompiler.cmake D$:\Microsoft$ Visual$ Studio\18\Community\Common7\IDE\CommonExtensions\Microsoft\CMake\CMake\share\cmake-4.3\Modules\CMakeDetermineCompilerABI.cmake D$:\Microsoft$ Visual$ Studio\18\Community\Common7\IDE\CommonExtensions\Microsoft\CMake\CMake\share\cmake-4.3\Modules\CMakeDetermineCompilerId.cmake D$:\Microsoft$ Visual$ Studio\18\Community\Common7\IDE\CommonExtensions\Microsoft\CMake\CMake\share\cmake-4.3\Modules\CMakeDetermineCompilerSupport.cmake D$:\Microsoft$ Visual$ Studio\18\Community\Common7\IDE\CommonExtensions\Microsoft\CMake\CMake\share\cmake-4.3\Modules\CMakeDetermineRCCompiler.cmake D$:\Microsoft$ Visual$ Studio\18\Community\Common7\IDE\CommonExtensions\Microsoft\CMake\CMake\share\cmake-4.3\Modules\CMakeDetermineSystem.cmake D$:\Microsoft$ Visual$ Studio\18\Community\Common7\IDE\CommonExtensions\Microsoft\CMake\CMake\share\cmake-4.3\Modules\CMakeFindBinUtils.cmake D$:\Microsoft$ Visual$ Studio\18\Community\Common7\IDE\CommonExtensions\Microsoft\CMake\CMake\share\cmake-4.3\Modules\CMakeGenericSystem.cmake D$:\Microsoft$ Visual$ Studio\18\Community\Common7\IDE\CommonExtensions\Microsoft\CMake\CMake\share\cmake-4.3\Modules\CMakeInitializeConfigs.cmake D$:\Microsoft$ Visual$ Studio\18\Community\Common7\IDE\CommonExtensions\Microsoft\CMake\CMake\share\cmake-4.3\Modules\CMakeLanguageInformation.cmake D$:\Microsoft$ Visual$ Studio\18\Community\Common7\IDE\CommonExtensions\Microsoft\CMake\CMake\share\cmake-4.3\Modules\CMakePackageConfigHelpers.cmake D$:\Microsoft$ Visual$ Studio\18\Community\Common7\IDE\CommonExtensions\Microsoft\CMake\CMake\share\cmake-4.3\Modules\CMakeParseImplicitIncludeInfo.cmake D$:\Microsoft$ Visual$ Studio\18\Community\Common7\IDE\CommonExtensions\Microsoft\CMake\CMake\share\cmake-4.3\Modules\CMakeParseImplicitLinkInfo.cmake D$:\Microsoft$ Visual$ Studio\18\Community\Common7\IDE\CommonExtensions\Microsoft\CMake\CMake\share\cmake-4.3\Modules\CMakeParseLibraryArchitecture.cmake D$:\Microsoft$ Visual$ Studio\18\Community\Common7\IDE\CommonExtensions\Microsoft\CMake\CMake\share\cmake-4.3\Modules\CMakeRCCompiler.cmake.in D$:\Microsoft$ Visual$ Studio\18\Community\Common7\IDE\CommonExtensions\Microsoft\CMake\CMake\share\cmake-4.3\Modules\CMakeRCInformation.cmake D$:\Microsoft$ Visual$ Studio\18\Community\Common7\IDE\CommonExtensions\Microsoft\CMake\CMake\share\cmake-4.3\Modules\CMakeSystem.cmake.in D$:\Microsoft$ Visual$ Studio\18\Community\Common7\IDE\CommonExtensions\Microsoft\CMake\CMake\share\cmake-4.3\Modules\CMakeSystemSpecificInformation.cmake D$:\Microsoft$ Visual$ Studio\18\Community\Common7\IDE\CommonExtensions\Microsoft\CMake\CMake\share\cmake-4.3\Modules\CMakeSystemSpecificInitialize.cmake D$:\Microsoft$ Visual$ Studio\18\Community\Common7\IDE\CommonExtensions\Microsoft\CMake\CMake\share\cmake-4.3\Modules\CMakeTestCXXCompiler.cmake D$:\Microsoft$ Visual$ Studio\18\Community\Common7\IDE\CommonExtensions\Microsoft\CMake\CMake\share\cmake-4.3\Modules\CMakeTestCompilerCommon.cmake D$:\Microsoft$ Visual$ Studio\18\Community\Common7\IDE\CommonExtensions\Microsoft\CMake\CMake\share\cmake-4.3\Modules\CMakeTestRCCompiler.cmake D$:\Microsoft$ Visual$ Studio\18\Community\Common7\IDE\CommonExtensions\Microsoft\CMake\CMake\share\cmake-4.3\Modules\CPack.cmake D$:\Microsoft$ Visual$ Studio\18\Community\Common7\IDE\CommonExtensions\Microsoft\CMake\CMake\share\cmake-4.3\Modules\CPackComponent.cmake D$:\Microsoft$ Visual$ Studio\18\Community\Common7\IDE\CommonExtensions\Microsoft\CMake\CMake\share\cmake-4.3\Modules\CheckCXXSourceCompiles.cmake D$:\Microsoft$ Visual$ Studio\18\Community\Common7\IDE\CommonExtensions\Microsoft\CMake\CMake\share\cmake-4.3\Modules\CheckIncludeFileCXX.cmake D$:\Microsoft$ Visual$ Studio\18\Community\Common7\IDE\CommonExtensions\Microsoft\CMake\CMake\share\cmake-4.3\Modules\CheckLibraryExists.cmake D$:\Microsoft$ Visual$ Studio\18\Community\Common7\IDE\CommonExtensions\Microsoft\CMake\CMake\share\cmake-4.3\Modules\CheckSymbolExists.cmake D$:\Microsoft$ Visual$ Studio\18\Community\Common7\IDE\CommonExtensions\Microsoft\CMake\CMake\share\cmake-4.3\Modules\Compiler\ADSP-DetermineCompiler.cmake D$:\Microsoft$ Visual$ Studio\18\Community\Common7\IDE\CommonExtensions\Microsoft\CMake\CMake\share\cmake-4.3\Modules\Compiler\ARMCC-DetermineCompiler.cmake D$:\Microsoft$ Visual$ Studio\18\Community\Common7\IDE\CommonExtensions\Microsoft\CMake\CMake\share\cmake-4.3\Modules\Compiler\ARMClang-DetermineCompiler.cmake D$:\Microsoft$ Visual$ Studio\18\Community\Common7\IDE\CommonExtensions\Microsoft\CMake\CMake\share\cmake-4.3\Modules\Compiler\AppleClang-DetermineCompiler.cmake D$:\Microsoft$ Visual$ Studio\18\Community\Common7\IDE\CommonExtensions\Microsoft\CMake\CMake\share\cmake-4.3\Modules\Compiler\Borland-DetermineCompiler.cmake D$:\Microsoft$ Visual$ Studio\18\Community\Common7\IDE\CommonExtensions\Microsoft\CMake\CMake\share\cmake-4.3\Modules\Compiler\CMakeCommonCompilerMacros.cmake D$:\Microsoft$ Visual$ Studio\18\Community\Common7\IDE\CommonExtensions\Microsoft\CMake\CMake\share\cmake-4.3\Modules\Compiler\Clang-DetermineCompiler.cmake D$:\Microsoft$ Visual$ Studio\18\Community\Common7\IDE\CommonExtensions\Microsoft\CMake\CMake\share\cmake-4.3\Modules\Compiler\Clang-DetermineCompilerInternal.cmake D$:\Microsoft$ Visual$ Studio\18\Community\Common7\IDE\CommonExtensions\Microsoft\CMake\CMake\share\cmake-4.3\Modules\Compiler\Compaq-CXX-DetermineCompiler.cmake D$:\Microsoft$ Visual$ Studio\18\Community\Common7\IDE\CommonExtensions\Microsoft\CMake\CMake\share\cmake-4.3\Modules\Compiler\Cray-DetermineCompiler.cmake D$:\Microsoft$ Visual$ Studio\18\Community\Common7\IDE\CommonExtensions\Microsoft\CMake\CMake\share\cmake-4.3\Modules\Compiler\CrayClang-DetermineCompiler.cmake D$:\Microsoft$ Visual$ Studio\18\Community\Common7\IDE\CommonExtensions\Microsoft\CMake\CMake\share\cmake-4.3\Modules\Compiler\Diab-DetermineCompiler.cmake D$:\Microsoft$ Visual$ Studio\18\Community\Common7\IDE\CommonExtensions\Microsoft\CMake\CMake\share\cmake-4.3\Modules\Compiler\Embarcadero-DetermineCompiler.cmake D$:\Microsoft$ Visual$ Studio\18\Community\Common7\IDE\CommonExtensions\Microsoft\CMake\CMake\share\cmake-4.3\Modules\Compiler\Fujitsu-DetermineCompiler.cmake D$:\Microsoft$ Visual$ Studio\18\Community\Common7\IDE\CommonExtensions\Microsoft\CMake\CMake\share\cmake-4.3\Modules\Compiler\FujitsuClang-DetermineCompiler.cmake D$:\Microsoft$ Visual$ Studio\18\Community\Common7\IDE\CommonExtensions\Microsoft\CMake\CMake\share\cmake-4.3\Modules\Compiler\GHS-DetermineCompiler.cmake D$:\Microsoft$ Visual$ Studio\18\Community\Common7\IDE\CommonExtensions\Microsoft\CMake\CMake\share\cmake-4.3\Modules\Compiler\GNU-CXX-DetermineCompiler.cmake D$:\Microsoft$ Visual$ Studio\18\Community\Common7\IDE\CommonExtensions\Microsoft\CMake\CMake\share\cmake-4.3\Modules\Compiler\HP-CXX-DetermineCompiler.cmake D$:\Microsoft$ Visual$ Studio\18\Community\Common7\IDE\CommonExtensions\Microsoft\CMake\CMake\share\cmake-4.3\Modules\Compiler\IAR-DetermineCompiler.cmake D$:\Microsoft$ Visual$ Studio\18\Community\Common7\IDE\CommonExtensions\Microsoft\CMake\CMake\share\cmake-4.3\Modules\Compiler\IBMCPP-CXX-DetermineVersionInternal.cmake D$:\Microsoft$ Visual$ Studio\18\Community\Common7\IDE\CommonExtensions\Microsoft\CMake\CMake\share\cmake-4.3\Modules\Compiler\IBMClang-CXX-DetermineCompiler.cmake D$:\Microsoft$ Visual$ Studio\18\Community\Common7\IDE\CommonExtensions\Microsoft\CMake\CMake\share\cmake-4.3\Modules\Compiler\Intel-DetermineCompiler.cmake D$:\Microsoft$ Visual$ Studio\18\Community\Common7\IDE\CommonExtensions\Microsoft\CMake\CMake\share\cmake-4.3\Modules\Compiler\IntelLLVM-DetermineCompiler.cmake D$:\Microsoft$ Visual$ Studio\18\Community\Common7\IDE\CommonExtensions\Microsoft\CMake\CMake\share\cmake-4.3\Modules\Compiler\LCC-CXX-DetermineCompiler.cmake D$:\Microsoft$ Visual$ Studio\18\Community\Common7\IDE\CommonExtensions\Microsoft\CMake\CMake\share\cmake-4.3\Modules\Compiler\MSVC-CXX-CXXImportStd.cmake D$:\Microsoft$ Visual$ Studio\18\Community\Common7\IDE\CommonExtensions\Microsoft\CMake\CMake\share\cmake-4.3\Modules\Compiler\MSVC-CXX.cmake D$:\Microsoft$ Visual$ Studio\18\Community\Common7\IDE\CommonExtensions\Microsoft\CMake\CMake\share\cmake-4.3\Modules\Compiler\MSVC-DetermineCompiler.cmake D$:\Microsoft$ Visual$ Studio\18\Community\Common7\IDE\CommonExtensions\Microsoft\CMake\CMake\share\cmake-4.3\Modules\Compiler\MSVC.cmake D$:\Microsoft$ Visual$ Studio\18\Community\Common7\IDE\CommonExtensions\Microsoft\CMake\CMake\share\cmake-4.3\Modules\Compiler\NVHPC-DetermineCompiler.cmake D$:\Microsoft$ Visual$ Studio\18\Community\Common7\IDE\CommonExtensions\Microsoft\CMake\CMake\share\cmake-4.3\Modules\Compiler\NVIDIA-DetermineCompiler.cmake D$:\Microsoft$ Visual$ Studio\18\Community\Common7\IDE\CommonExtensions\Microsoft\CMake\CMake\share\cmake-4.3\Modules\Compiler\OpenWatcom-DetermineCompiler.cmake D$:\Microsoft$ Visual$ Studio\18\Community\Common7\IDE\CommonExtensions\Microsoft\CMake\CMake\share\cmake-4.3\Modules\Compiler\OrangeC-DetermineCompiler.cmake D$:\Microsoft$ Visual$ Studio\18\Community\Common7\IDE\CommonExtensions\Microsoft\CMake\CMake\share\cmake-4.3\Modules\Compiler\PGI-DetermineCompiler.cmake D$:\Microsoft$ Visual$ Studio\18\Community\Common7\IDE\CommonExtensions\Microsoft\CMake\CMake\share\cmake-4.3\Modules\Compiler\PathScale-DetermineCompiler.cmake D$:\Microsoft$ Visual$ Studio\18\Community\Common7\IDE\CommonExtensions\Microsoft\CMake\CMake\share\cmake-4.3\Modules\Compiler\Renesas-DetermineCompiler.cmake D$:\Microsoft$ Visual$ Studio\18\Community\Common7\IDE\CommonExtensions\Microsoft\CMake\CMake\share\cmake-4.3\Modules\Compiler\SCO-DetermineCompiler.cmake D$:\Microsoft$ Visual$ Studio\18\Community\Common7\IDE\CommonExtensions\Microsoft\CMake\CMake\share\cmake-4.3\Modules\Compiler\SunPro-CXX-DetermineCompiler.cmake D$:\Microsoft$ Visual$ Studio\18\Community\Common7\IDE\CommonExtensions\Microsoft\CMake\CMake\share\cmake-4.3\Modules\Compiler\TI-DetermineCompiler.cmake D$:\Microsoft$ Visual$ Studio\18\Community\Common7\IDE\CommonExtensions\Microsoft\CMake\CMake\share\cmake-4.3\Modules\Compiler\TIClang-DetermineCompiler.cmake D$:\Microsoft$ Visual$ Studio\18\Community\Common7\IDE\CommonExtensions\Microsoft\CMake\CMake\share\cmake-4.3\Modules\Compiler\Tasking-DetermineCompiler.cmake D$:\Microsoft$ Visual$ Studio\18\Community\Common7\IDE\CommonExtensions\Microsoft\CMake\CMake\share\cmake-4.3\Modules\Compiler\VisualAge-CXX-DetermineCompiler.cmake D$:\Microsoft$ Visual$ Studio\18\Community\Common7\IDE\CommonExtensions\Microsoft\CMake\CMake\share\cmake-4.3\Modules\Compiler\Watcom-DetermineCompiler.cmake D$:\Microsoft$ Visual$ Studio\18\Community\Common7\IDE\CommonExtensions\Microsoft\CMake\CMake\share\cmake-4.3\Modules\Compiler\XL-CXX-DetermineCompiler.cmake D$:\Microsoft$ Visual$ Studio\18\Community\Common7\IDE\CommonExtensions\Microsoft\CMake\CMake\share\cmake-4.3\Modules\Compiler\XLClang-CXX-DetermineCompiler.cmake D$:\Microsoft$ Visual$ Studio\18\Community\Common7\IDE\CommonExtensions\Microsoft\CMake\CMake\share\cmake-4.3\Modules\Compiler\zOS-CXX-DetermineCompiler.cmake D$:\Microsoft$ Visual$ Studio\18\Community\Common7\IDE\CommonExtensions\Microsoft\CMake\CMake\share\cmake-4.3\Modules\FindPackageHandleStandardArgs.cmake D$:\Microsoft$ Visual$ Studio\18\Community\Common7\IDE\CommonExtensions\Microsoft\CMake\CMake\share\cmake-4.3\Modules\FindPackageMessage.cmake D$:\Microsoft$ Visual$ Studio\18\Community\Common7\IDE\CommonExtensions\Microsoft\CMake\CMake\share\cmake-4.3\Modules\FindThreads.cmake D$:\Microsoft$ Visual$ Studio\18\Community\Common7\IDE\CommonExtensions\Microsoft\CMake\CMake\share\cmake-4.3\Modules\GNUInstallDirs.cmake D$:\Microsoft$ Visual$ Studio\18\Community\Common7\IDE\CommonExtensions\Microsoft\CMake\CMake\share\cmake-4.3\Modules\Internal\CMakeCXXLinkerInformation.cmake D$:\Microsoft$ Visual$ Studio\18\Community\Common7\IDE\CommonExtensions\Microsoft\CMake\CMake\share\cmake-4.3\Modules\Internal\CMakeCommonLinkerInformation.cmake D$:\Microsoft$ Visual$ Studio\18\Community\Common7\IDE\CommonExtensions\Microsoft\CMake\CMake\share\cmake-4.3\Modules\Internal\CMakeDetermineLinkerId.cmake D$:\Microsoft$ Visual$ Studio\18\Community\Common7\IDE\CommonExtensions\Microsoft\CMake\CMake\share\cmake-4.3\Modules\Internal\CMakeInspectCXXLinker.cmake D$:\Microsoft$ Visual$ Studio\18\Community\Common7\IDE\CommonExtensions\Microsoft\CMake\CMake\share\cmake-4.3\Modules\Internal\CheckSourceCompiles.cmake D$:\Microsoft$ Visual$ Studio\18\Community\Common7\IDE\CommonExtensions\Microsoft\CMake\CMake\share\cmake-4.3\Modules\Internal\FeatureTesting.cmake D$:\Microsoft$ Visual$ Studio\18\Community\Common7\IDE\CommonExtensions\Microsoft\CMake\CMake\share\cmake-4.3\Modules\Platform\Linker\GNU.cmake D$:\Microsoft$ Visual$ Studio\18\Community\Common7\IDE\CommonExtensions\Microsoft\CMake\CMake\share\cmake-4.3\Modules\Platform\Linker\Windows-CXX.cmake D$:\Microsoft$ Visual$ Studio\18\Community\Common7\IDE\CommonExtensions\Microsoft\CMake\CMake\share\cmake-4.3\Modules\Platform\Linker\Windows-GNU-CXX.cmake D$:\Microsoft$ Visual$ Studio\18\Community\Common7\IDE\CommonExtensions\Microsoft\CMake\CMake\share\cmake-4.3\Modules\Platform\Linker\Windows-GNU.cmake D$:\Microsoft$ Visual$ Studio\18\Community\Common7\IDE\CommonExtensions\Microsoft\CMake\CMake\share\cmake-4.3\Modules\Platform\Windows-Determine-CXX.cmake D$:\Microsoft$ Visual$ Studio\18\Community\Common7\IDE\CommonExtensions\Microsoft\CMake\CMake\share\cmake-4.3\Modules\Platform\Windows-Initialize.cmake D$:\Microsoft$ Visual$ Studio\18\Community\Common7\IDE\CommonExtensions\Microsoft\CMake\CMake\share\cmake-4.3\Modules\Platform\Windows-MSVC-CXX.cmake D$:\Microsoft$ Visual$ Studio\18\Community\Common7\IDE\CommonExtensions\Microsoft\CMake\CMake\share\cmake-4.3\Modules\Platform\Windows-MSVC.cmake D$:\Microsoft$ Visual$ Studio\18\Community\Common7\IDE\CommonExtensions\Microsoft\CMake\CMake\share\cmake-4.3\Modules\Platform\Windows.cmake D$:\Microsoft$ Visual$ Studio\18\Community\Common7\IDE\CommonExtensions\Microsoft\CMake\CMake\share\cmake-4.3\Modules\Platform\WindowsPaths.cmake D$:\Microsoft$ Visual$ Studio\18\Community\Common7\IDE\CommonExtensions\Microsoft\CMake\CMake\share\cmake-4.3\Modules\WriteBasicConfigVersionFile.cmake D$:\Microsoft$ Visual$ Studio\18\Community\Common7\IDE\CommonExtensions\Microsoft\CMake\CMake\share\cmake-4.3\Templates\CPackConfig.cmake.in D$:\Microsoft$ Visual$ Studio\18\Community\VC\vcpkg\scripts\buildsystems\vcpkg.cmake D$:\Microsoft$ Visual$ Studio\18\Community\VC\vcpkg\scripts\toolchains\windows.cmake D$:\WaterSurfaceRendererScratch\vcpkg_installed\vcpkg\blds\spdlog\src\v1.17.0-8a1a388e84.clean\CMakeLists.txt D$:\WaterSurfaceRendererScratch\vcpkg_installed\vcpkg\blds\spdlog\src\v1.17.0-8a1a388e84.clean\cmake\ide.cmake D$:\WaterSurfaceRendererScratch\vcpkg_installed\vcpkg\blds\spdlog\src\v1.17.0-8a1a388e84.clean\cmake\spdlog.pc.in D$:\WaterSurfaceRendererScratch\vcpkg_installed\vcpkg\blds\spdlog\src\v1.17.0-8a1a388e84.clean\cmake\spdlogCPack.cmake D$:\WaterSurfaceRendererScratch\vcpkg_installed\vcpkg\blds\spdlog\src\v1.17.0-8a1a388e84.clean\cmake\spdlogConfig.cmake.in D$:\WaterSurfaceRendererScratch\vcpkg_installed\vcpkg\blds\spdlog\src\v1.17.0-8a1a388e84.clean\cmake\utils.cmake D$:\WaterSurfaceRendererScratch\vcpkg_installed\vcpkg\blds\spdlog\src\v1.17.0-8a1a388e84.clean\cmake\version.rc.in D$:\WaterSurfaceRendererScratch\vcpkg_installed\x64-windows\share\fmt\fmt-config-version.cmake D$:\WaterSurfaceRendererScratch\vcpkg_installed\x64-windows\share\fmt\fmt-config.cmake D$:\WaterSurfaceRendererScratch\vcpkg_installed\x64-windows\share\fmt\fmt-targets-debug.cmake D$:\WaterSurfaceRendererScratch\vcpkg_installed\x64-windows\share\fmt\fmt-targets-release.cmake D$:\WaterSurfaceRendererScratch\vcpkg_installed\x64-windows\share\fmt\fmt-targets.cmake
  pool = console


#############################################
# A missing CMake input file is not an error.

build CMakeCache.txt CMakeFiles\4.3.1-msvc1\CMakeCXXCompiler.cmake CMakeFiles\4.3.1-msvc1\CMakeRCCompiler.cmake CMakeFiles\4.3.1-msvc1\CMakeSystem.cmake D$:\Microsoft$ Visual$ Studio\18\Community\Common7\IDE\CommonExtensions\Microsoft\CMake\CMake\share\cmake-4.3\Modules\BasicConfigVersion-SameMajorVersion.cmake.in D$:\Microsoft$ Visual$ Studio\18\Community\Common7\IDE\CommonExtensions\Microsoft\CMake\CMake\share\cmake-4.3\Modules\CMakeCXXCompiler.cmake.in D$:\Microsoft$ Visual$ Studio\18\Community\Common7\IDE\CommonExtensions\Microsoft\CMake\CMake\share\cmake-4.3\Modules\CMakeCXXCompilerABI.cpp D$:\Microsoft$ Visual$ Studio\18\Community\Common7\IDE\CommonExtensions\Microsoft\CMake\CMake\share\cmake-4.3\Modules\CMakeCXXInformation.cmake D$:\Microsoft$ Visual$ Studio\18\Community\Common7\IDE\CommonExtensions\Microsoft\CMake\CMake\share\cmake-4.3\Modules\CMakeCommonLanguageInclude.cmake D$:\Microsoft$ Visual$ Studio\18\Community\Common7\IDE\CommonExtensions\Microsoft\CMake\CMake\share\cmake-4.3\Modules\CMakeCompilerIdDetection.cmake D$:\Microsoft$ Visual$ Studio\18\Community\Common7\IDE\CommonExtensions\Microsoft\CMake\CMake\share\cmake-4.3\Modules\CMakeDependentOption.cmake D$:\Microsoft$ Visual$ Studio\18\Community\Common7\IDE\CommonExtensions\Microsoft\CMake\CMake\share\cmake-4.3\Modules\CMakeDetermineCXXCompiler.cmake D$:\Microsoft$ Visual$ Studio\18\Community\Common7\IDE\CommonExtensions\Microsoft\CMake\CMake\share\cmake-4.3\Modules\CMakeDetermineCompiler.cmake D$:\Microsoft$ Visual$ Studio\18\Community\Common7\IDE\CommonExtensions\Microsoft\CMake\CMake\share\cmake-4.3\Modules\CMakeDetermineCompilerABI.cmake D$:\Microsoft$ Visual$ Studio\18\Community\Common7\IDE\CommonExtensions\Microsoft\CMake\CMake\share\cmake-4.3\Modules\CMakeDetermineCompilerId.cmake D$:\Microsoft$ Visual$ Studio\18\Community\Common7\IDE\CommonExtensions\Microsoft\CMake\CMake\share\cmake-4.3\Modules\CMakeDetermineCompilerSupport.cmake D$:\Microsoft$ Visual$ Studio\18\Community\Common7\IDE\CommonExtensions\Microsoft\CMake\CMake\share\cmake-4.3\Modules\CMakeDetermineRCCompiler.cmake D$:\Microsoft$ Visual$ Studio\18\Community\Common7\IDE\CommonExtensions\Microsoft\CMake\CMake\share\cmake-4.3\Modules\CMakeDetermineSystem.cmake D$:\Microsoft$ Visual$ Studio\18\Community\Common7\IDE\CommonExtensions\Microsoft\CMake\CMake\share\cmake-4.3\Modules\CMakeFindBinUtils.cmake D$:\Microsoft$ Visual$ Studio\18\Community\Common7\IDE\CommonExtensions\Microsoft\CMake\CMake\share\cmake-4.3\Modules\CMakeGenericSystem.cmake D$:\Microsoft$ Visual$ Studio\18\Community\Common7\IDE\CommonExtensions\Microsoft\CMake\CMake\share\cmake-4.3\Modules\CMakeInitializeConfigs.cmake D$:\Microsoft$ Visual$ Studio\18\Community\Common7\IDE\CommonExtensions\Microsoft\CMake\CMake\share\cmake-4.3\Modules\CMakeLanguageInformation.cmake D$:\Microsoft$ Visual$ Studio\18\Community\Common7\IDE\CommonExtensions\Microsoft\CMake\CMake\share\cmake-4.3\Modules\CMakePackageConfigHelpers.cmake D$:\Microsoft$ Visual$ Studio\18\Community\Common7\IDE\CommonExtensions\Microsoft\CMake\CMake\share\cmake-4.3\Modules\CMakeParseImplicitIncludeInfo.cmake D$:\Microsoft$ Visual$ Studio\18\Community\Common7\IDE\CommonExtensions\Microsoft\CMake\CMake\share\cmake-4.3\Modules\CMakeParseImplicitLinkInfo.cmake D$:\Microsoft$ Visual$ Studio\18\Community\Common7\IDE\CommonExtensions\Microsoft\CMake\CMake\share\cmake-4.3\Modules\CMakeParseLibraryArchitecture.cmake D$:\Microsoft$ Visual$ Studio\18\Community\Common7\IDE\CommonExtensions\Microsoft\CMake\CMake\share\cmake-4.3\Modules\CMakeRCCompiler.cmake.in D$:\Microsoft$ Visual$ Studio\18\Community\Common7\IDE\CommonExtensions\Microsoft\CMake\CMake\share\cmake-4.3\Modules\CMakeRCInformation.cmake D$:\Microsoft$ Visual$ Studio\18\Community\Common7\IDE\CommonExtensions\Microsoft\CMake\CMake\share\cmake-4.3\Modules\CMakeSystem.cmake.in D$:\Microsoft$ Visual$ Studio\18\Community\Common7\IDE\CommonExtensions\Microsoft\CMake\CMake\share\cmake-4.3\Modules\CMakeSystemSpecificInformation.cmake D$:\Microsoft$ Visual$ Studio\18\Community\Common7\IDE\CommonExtensions\Microsoft\CMake\CMake\share\cmake-4.3\Modules\CMakeSystemSpecificInitialize.cmake D$:\Microsoft$ Visual$ Studio\18\Community\Common7\IDE\CommonExtensions\Microsoft\CMake\CMake\share\cmake-4.3\Modules\CMakeTestCXXCompiler.cmake D$:\Microsoft$ Visual$ Studio\18\Community\Common7\IDE\CommonExtensions\Microsoft\CMake\CMake\share\cmake-4.3\Modules\CMakeTestCompilerCommon.cmake D$:\Microsoft$ Visual$ Studio\18\Community\Common7\IDE\CommonExtensions\Microsoft\CMake\CMake\share\cmake-4.3\Modules\CMakeTestRCCompiler.cmake D$:\Microsoft$ Visual$ Studio\18\Community\Common7\IDE\CommonExtensions\Microsoft\CMake\CMake\share\cmake-4.3\Modules\CPack.cmake D$:\Microsoft$ Visual$ Studio\18\Community\Common7\IDE\CommonExtensions\Microsoft\CMake\CMake\share\cmake-4.3\Modules\CPackComponent.cmake D$:\Microsoft$ Visual$ Studio\18\Community\Common7\IDE\CommonExtensions\Microsoft\CMake\CMake\share\cmake-4.3\Modules\CheckCXXSourceCompiles.cmake D$:\Microsoft$ Visual$ Studio\18\Community\Common7\IDE\CommonExtensions\Microsoft\CMake\CMake\share\cmake-4.3\Modules\CheckIncludeFileCXX.cmake D$:\Microsoft$ Visual$ Studio\18\Community\Common7\IDE\CommonExtensions\Microsoft\CMake\CMake\share\cmake-4.3\Modules\CheckLibraryExists.cmake D$:\Microsoft$ Visual$ Studio\18\Community\Common7\IDE\CommonExtensions\Microsoft\CMake\CMake\share\cmake-4.3\Modules\CheckSymbolExists.cmake D$:\Microsoft$ Visual$ Studio\18\Community\Common7\IDE\CommonExtensions\Microsoft\CMake\CMake\share\cmake-4.3\Modules\Compiler\ADSP-DetermineCompiler.cmake D$:\Microsoft$ Visual$ Studio\18\Community\Common7\IDE\CommonExtensions\Microsoft\CMake\CMake\share\cmake-4.3\Modules\Compiler\ARMCC-DetermineCompiler.cmake D$:\Microsoft$ Visual$ Studio\18\Community\Common7\IDE\CommonExtensions\Microsoft\CMake\CMake\share\cmake-4.3\Modules\Compiler\ARMClang-DetermineCompiler.cmake D$:\Microsoft$ Visual$ Studio\18\Community\Common7\IDE\CommonExtensions\Microsoft\CMake\CMake\share\cmake-4.3\Modules\Compiler\AppleClang-DetermineCompiler.cmake D$:\Microsoft$ Visual$ Studio\18\Community\Common7\IDE\CommonExtensions\Microsoft\CMake\CMake\share\cmake-4.3\Modules\Compiler\Borland-DetermineCompiler.cmake D$:\Microsoft$ Visual$ Studio\18\Community\Common7\IDE\CommonExtensions\Microsoft\CMake\CMake\share\cmake-4.3\Modules\Compiler\CMakeCommonCompilerMacros.cmake D$:\Microsoft$ Visual$ Studio\18\Community\Common7\IDE\CommonExtensions\Microsoft\CMake\CMake\share\cmake-4.3\Modules\Compiler\Clang-DetermineCompiler.cmake D$:\Microsoft$ Visual$ Studio\18\Community\Common7\IDE\CommonExtensions\Microsoft\CMake\CMake\share\cmake-4.3\Modules\Compiler\Clang-DetermineCompilerInternal.cmake D$:\Microsoft$ Visual$ Studio\18\Community\Common7\IDE\CommonExtensions\Microsoft\CMake\CMake\share\cmake-4.3\Modules\Compiler\Compaq-CXX-DetermineCompiler.cmake D$:\Microsoft$ Visual$ Studio\18\Community\Common7\IDE\CommonExtensions\Microsoft\CMake\CMake\share\cmake-4.3\Modules\Compiler\Cray-DetermineCompiler.cmake D$:\Microsoft$ Visual$ Studio\18\Community\Common7\IDE\CommonExtensions\Microsoft\CMake\CMake\share\cmake-4.3\Modules\Compiler\CrayClang-DetermineCompiler.cmake D$:\Microsoft$ Visual$ Studio\18\Community\Common7\IDE\CommonExtensions\Microsoft\CMake\CMake\share\cmake-4.3\Modules\Compiler\Diab-DetermineCompiler.cmake D$:\Microsoft$ Visual$ Studio\18\Community\Common7\IDE\CommonExtensions\Microsoft\CMake\CMake\share\cmake-4.3\Modules\Compiler\Embarcadero-DetermineCompiler.cmake D$:\Microsoft$ Visual$ Studio\18\Community\Common7\IDE\CommonExtensions\Microsoft\CMake\CMake\share\cmake-4.3\Modules\Compiler\Fujitsu-DetermineCompiler.cmake D$:\Microsoft$ Visual$ Studio\18\Community\Common7\IDE\CommonExtensions\Microsoft\CMake\CMake\share\cmake-4.3\Modules\Compiler\FujitsuClang-DetermineCompiler.cmake D$:\Microsoft$ Visual$ Studio\18\Community\Common7\IDE\CommonExtensions\Microsoft\CMake\CMake\share\cmake-4.3\Modules\Compiler\GHS-DetermineCompiler.cmake D$:\Microsoft$ Visual$ Studio\18\Community\Common7\IDE\CommonExtensions\Microsoft\CMake\CMake\share\cmake-4.3\Modules\Compiler\GNU-CXX-DetermineCompiler.cmake D$:\Microsoft$ Visual$ Studio\18\Community\Common7\IDE\CommonExtensions\Microsoft\CMake\CMake\share\cmake-4.3\Modules\Compiler\HP-CXX-DetermineCompiler.cmake D$:\Microsoft$ Visual$ Studio\18\Community\Common7\IDE\CommonExtensions\Microsoft\CMake\CMake\share\cmake-4.3\Modules\Compiler\IAR-DetermineCompiler.cmake D$:\Microsoft$ Visual$ Studio\18\Community\Common7\IDE\CommonExtensions\Microsoft\CMake\CMake\share\cmake-4.3\Modules\Compiler\IBMCPP-CXX-DetermineVersionInternal.cmake D$:\Microsoft$ Visual$ Studio\18\Community\Common7\IDE\CommonExtensions\Microsoft\CMake\CMake\share\cmake-4.3\Modules\Compiler\IBMClang-CXX-DetermineCompiler.cmake D$:\Microsoft$ Visual$ Studio\18\Community\Common7\IDE\CommonExtensions\Microsoft\CMake\CMake\share\cmake-4.3\Modules\Compiler\Intel-DetermineCompiler.cmake D$:\Microsoft$ Visual$ Studio\18\Community\Common7\IDE\CommonExtensions\Microsoft\CMake\CMake\share\cmake-4.3\Modules\Compiler\IntelLLVM-DetermineCompiler.cmake D$:\Microsoft$ Visual$ Studio\18\Community\Common7\IDE\CommonExtensions\Microsoft\CMake\CMake\share\cmake-4.3\Modules\Compiler\LCC-CXX-DetermineCompiler.cmake D$:\Microsoft$ Visual$ Studio\18\Community\Common7\IDE\CommonExtensions\Microsoft\CMake\CMake\share\cmake-4.3\Modules\Compiler\MSVC-CXX-CXXImportStd.cmake D$:\Microsoft$ Visual$ Studio\18\Community\Common7\IDE\CommonExtensions\Microsoft\CMake\CMake\share\cmake-4.3\Modules\Compiler\MSVC-CXX.cmake D$:\Microsoft$ Visual$ Studio\18\Community\Common7\IDE\CommonExtensions\Microsoft\CMake\CMake\share\cmake-4.3\Modules\Compiler\MSVC-DetermineCompiler.cmake D$:\Microsoft$ Visual$ Studio\18\Community\Common7\IDE\CommonExtensions\Microsoft\CMake\CMake\share\cmake-4.3\Modules\Compiler\MSVC.cmake D$:\Microsoft$ Visual$ Studio\18\Community\Common7\IDE\CommonExtensions\Microsoft\CMake\CMake\share\cmake-4.3\Modules\Compiler\NVHPC-DetermineCompiler.cmake D$:\Microsoft$ Visual$ Studio\18\Community\Common7\IDE\CommonExtensions\Microsoft\CMake\CMake\share\cmake-4.3\Modules\Compiler\NVIDIA-DetermineCompiler.cmake D$:\Microsoft$ Visual$ Studio\18\Community\Common7\IDE\CommonExtensions\Microsoft\CMake\CMake\share\cmake-4.3\Modules\Compiler\OpenWatcom-DetermineCompiler.cmake D$:\Microsoft$ Visual$ Studio\18\Community\Common7\IDE\CommonExtensions\Microsoft\CMake\CMake\share\cmake-4.3\Modules\Compiler\OrangeC-DetermineCompiler.cmake D$:\Microsoft$ Visual$ Studio\18\Community\Common7\IDE\CommonExtensions\Microsoft\CMake\CMake\share\cmake-4.3\Modules\Compiler\PGI-DetermineCompiler.cmake D$:\Microsoft$ Visual$ Studio\18\Community\Common7\IDE\CommonExtensions\Microsoft\CMake\CMake\share\cmake-4.3\Modules\Compiler\PathScale-DetermineCompiler.cmake D$:\Microsoft$ Visual$ Studio\18\Community\Common7\IDE\CommonExtensions\Microsoft\CMake\CMake\share\cmake-4.3\Modules\Compiler\Renesas-DetermineCompiler.cmake D$:\Microsoft$ Visual$ Studio\18\Community\Common7\IDE\CommonExtensions\Microsoft\CMake\CMake\share\cmake-4.3\Modules\Compiler\SCO-DetermineCompiler.cmake D$:\Microsoft$ Visual$ Studio\18\Community\Common7\IDE\CommonExtensions\Microsoft\CMake\CMake\share\cmake-4.3\Modules\Compiler\SunPro-CXX-DetermineCompiler.cmake D$:\Microsoft$ Visual$ Studio\18\Community\Common7\IDE\CommonExtensions\Microsoft\CMake\CMake\share\cmake-4.3\Modules\Compiler\TI-DetermineCompiler.cmake D$:\Microsoft$ Visual$ Studio\18\Community\Common7\IDE\CommonExtensions\Microsoft\CMake\CMake\share\cmake-4.3\Modules\Compiler\TIClang-DetermineCompiler.cmake D$:\Microsoft$ Visual$ Studio\18\Community\Common7\IDE\CommonExtensions\Microsoft\CMake\CMake\share\cmake-4.3\Modules\Compiler\Tasking-DetermineCompiler.cmake D$:\Microsoft$ Visual$ Studio\18\Community\Common7\IDE\CommonExtensions\Microsoft\CMake\CMake\share\cmake-4.3\Modules\Compiler\VisualAge-CXX-DetermineCompiler.cmake D$:\Microsoft$ Visual$ Studio\18\Community\Common7\IDE\CommonExtensions\Microsoft\CMake\CMake\share\cmake-4.3\Modules\Compiler\Watcom-DetermineCompiler.cmake D$:\Microsoft$ Visual$ Studio\18\Community\Common7\IDE\CommonExtensions\Microsoft\CMake\CMake\share\cmake-4.3\Modules\Compiler\XL-CXX-DetermineCompiler.cmake D$:\Microsoft$ Visual$ Studio\18\Community\Common7\IDE\CommonExtensions\Microsoft\CMake\CMake\share\cmake-4.3\Modules\Compiler\XLClang-CXX-DetermineCompiler.cmake D$:\Microsoft$ Visual$ Studio\18\Community\Common7\IDE\CommonExtensions\Microsoft\CMake\CMake\share\cmake-4.3\Modules\Compiler\zOS-CXX-DetermineCompiler.cmake D$:\Microsoft$ Visual$ Studio\18\Community\Common7\IDE\CommonExtensions\Microsoft\CMake\CMake\share\cmake-4.3\Modules\FindPackageHandleStandardArgs.cmake D$:\Microsoft$ Visual$ Studio\18\Community\Common7\IDE\CommonExtensions\Microsoft\CMake\CMake\share\cmake-4.3\Modules\FindPackageMessage.cmake D$:\Microsoft$ Visual$ Studio\18\Community\Common7\IDE\CommonExtensions\Microsoft\CMake\CMake\share\cmake-4.3\Modules\FindThreads.cmake D$:\Microsoft$ Visual$ Studio\18\Community\Common7\IDE\CommonExtensions\Microsoft\CMake\CMake\share\cmake-4.3\Modules\GNUInstallDirs.cmake D$:\Microsoft$ Visual$ Studio\18\Community\Common7\IDE\CommonExtensions\Microsoft\CMake\CMake\share\cmake-4.3\Modules\Internal\CMakeCXXLinkerInformation.cmake D$:\Microsoft$ Visual$ Studio\18\Community\Common7\IDE\CommonExtensions\Microsoft\CMake\CMake\share\cmake-4.3\Modules\Internal\CMakeCommonLinkerInformation.cmake D$:\Microsoft$ Visual$ Studio\18\Community\Common7\IDE\CommonExtensions\Microsoft\CMake\CMake\share\cmake-4.3\Modules\Internal\CMakeDetermineLinkerId.cmake D$:\Microsoft$ Visual$ Studio\18\Community\Common7\IDE\CommonExtensions\Microsoft\CMake\CMake\share\cmake-4.3\Modules\Internal\CMakeInspectCXXLinker.cmake D$:\Microsoft$ Visual$ Studio\18\Community\Common7\IDE\CommonExtensions\Microsoft\CMake\CMake\share\cmake-4.3\Modules\Internal\CheckSourceCompiles.cmake D$:\Microsoft$ Visual$ Studio\18\Community\Common7\IDE\CommonExtensions\Microsoft\CMake\CMake\share\cmake-4.3\Modules\Internal\FeatureTesting.cmake D$:\Microsoft$ Visual$ Studio\18\Community\Common7\IDE\CommonExtensions\Microsoft\CMake\CMake\share\cmake-4.3\Modules\Platform\Linker\GNU.cmake D$:\Microsoft$ Visual$ Studio\18\Community\Common7\IDE\CommonExtensions\Microsoft\CMake\CMake\share\cmake-4.3\Modules\Platform\Linker\Windows-CXX.cmake D$:\Microsoft$ Visual$ Studio\18\Community\Common7\IDE\CommonExtensions\Microsoft\CMake\CMake\share\cmake-4.3\Modules\Platform\Linker\Windows-GNU-CXX.cmake D$:\Microsoft$ Visual$ Studio\18\Community\Common7\IDE\CommonExtensions\Microsoft\CMake\CMake\share\cmake-4.3\Modules\Platform\Linker\Windows-GNU.cmake D$:\Microsoft$ Visual$ Studio\18\Community\Common7\IDE\CommonExtensions\Microsoft\CMake\CMake\share\cmake-4.3\Modules\Platform\Windows-Determine-CXX.cmake D$:\Microsoft$ Visual$ Studio\18\Community\Common7\IDE\CommonExtensions\Microsoft\CMake\CMake\share\cmake-4.3\Modules\Platform\Windows-Initialize.cmake D$:\Microsoft$ Visual$ Studio\18\Community\Common7\IDE\CommonExtensions\Microsoft\CMake\CMake\share\cmake-4.3\Modules\Platform\Windows-MSVC-CXX.cmake D$:\Microsoft$ Visual$ Studio\18\Community\Common7\IDE\CommonExtensions\Microsoft\CMake\CMake\share\cmake-4.3\Modules\Platform\Windows-MSVC.cmake D$:\Microsoft$ Visual$ Studio\18\Community\Common7\IDE\CommonExtensions\Microsoft\CMake\CMake\share\cmake-4.3\Modules\Platform\Windows.cmake D$:\Microsoft$ Visual$ Studio\18\Community\Common7\IDE\CommonExtensions\Microsoft\CMake\CMake\share\cmake-4.3\Modules\Platform\WindowsPaths.cmake D$:\Microsoft$ Visual$ Studio\18\Community\Common7\IDE\CommonExtensions\Microsoft\CMake\CMake\share\cmake-4.3\Modules\WriteBasicConfigVersionFile.cmake D$:\Microsoft$ Visual$ Studio\18\Community\Common7\IDE\CommonExtensions\Microsoft\CMake\CMake\share\cmake-4.3\Templates\CPackConfig.cmake.in D$:\Microsoft$ Visual$ Studio\18\Community\VC\vcpkg\scripts\buildsystems\vcpkg.cmake D$:\Microsoft$ Visual$ Studio\18\Community\VC\vcpkg\scripts\toolchains\windows.cmake D$:\WaterSurfaceRendererScratch\vcpkg_installed\vcpkg\blds\spdlog\src\v1.17.0-8a1a388e84.clean\CMakeLists.txt D$:\WaterSurfaceRendererScratch\vcpkg_installed\vcpkg\blds\spdlog\src\v1.17.0-8a1a388e84.clean\cmake\ide.cmake D$:\WaterSurfaceRendererScratch\vcpkg_installed\vcpkg\blds\spdlog\src\v1.17.0-8a1a388e84.clean\cmake\spdlog.pc.in D$:\WaterSurfaceRendererScratch\vcpkg_installed\vcpkg\blds\spdlog\src\v1.17.0-8a1a388e84.clean\cmake\spdlogCPack.cmake D$:\WaterSurfaceRendererScratch\vcpkg_installed\vcpkg\blds\spdlog\src\v1.17.0-8a1a388e84.clean\cmake\spdlogConfig.cmake.in D$:\WaterSurfaceRendererScratch\vcpkg_installed\vcpkg\blds\spdlog\src\v1.17.0-8a1a388e84.clean\cmake\utils.cmake D$:\WaterSurfaceRendererScratch\vcpkg_installed\vcpkg\blds\spdlog\src\v1.17.0-8a1a388e84.clean\cmake\version.rc.in D$:\WaterSurfaceRendererScratch\vcpkg_installed\x64-windows\share\fmt\fmt-config-version.cmake D$:\WaterSurfaceRendererScratch\vcpkg_installed\x64-windows\share\fmt\fmt-config.cmake D$:\WaterSurfaceRendererScratch\vcpkg_installed\x64-windows\share\fmt\fmt-targets-debug.cmake D$:\WaterSurfaceRendererScratch\vcpkg_installed\x64-windows\share\fmt\fmt-targets-release.cmake D$:\WaterSurfaceRendererScratch\vcpkg_installed\x64-windows\share\fmt\fmt-targets.cmake: phony


#############################################
# Clean all the built files.

build clean: CLEAN


#############################################
# Print all primary targets available.

build help: HELP


#############################################
# Make the all target the default.

default all
