# CMAKE generated file: DO NOT EDIT!
# Generated by "Ninja" Generator, CMake Version 4.3

# This file contains all the build statements describing the
# compilation DAG.

# =============================================================================
# Write statements declared in CMakeLists.txt:
# 
# Which is the root file.
# =============================================================================

# =============================================================================
# Project: imgui
# Configurations: Release
# =============================================================================

#############################################
# Minimal version of Ninja required by this file

ninja_required_version = 1.5


#############################################
# Set configuration variable for custom commands.

CONFIGURATION = Release
# =============================================================================
# Include auxiliary files.


#############################################
# Include rules file.

include CMakeFiles\rules.ninja

# =============================================================================

#############################################
# Logical path to working directory; prefix for absolute paths.

cmake_ninja_workdir = D$:\WaterSurfaceRendererScratch\vcpkg_installed\vcpkg\blds\imgui\x64-windows-rel\
# =============================================================================
# Object build statements for STATIC_LIBRARY target imgui


#############################################
# Order-only phony target for imgui

build cmake_object_order_depends_target_imgui: phony || .

build CMakeFiles\imgui.dir\imgui.cpp.obj: CXX_COMPILER__imgui_unscanned_Release D$:\WaterSurfaceRendererScratch\vcpkg_installed\vcpkg\blds\imgui\src\v1.92.8-8e9c05eb59.clean\imgui.cpp || cmake_object_order_depends_target_imgui
  CONFIG = Release
  DEFINES = -DGLFW_DLL
  FLAGS = /nologo /DWIN32 /D_WINDOWS /utf-8 /GR /EHsc /MP  /MD /O2 /Oi /Gy /DNDEBUG /Z7  -MD
  INCLUDES = -ID:\WaterSurfaceRendererScratch\vcpkg_installed\vcpkg\blds\imgui\src\v1.92.8-8e9c05eb59.clean -ID:\WaterSurfaceRendererScratch\vcpkg_installed\vcpkg\blds\imgui\src\v1.92.8-8e9c05eb59.clean\test-engine -external:ID:\WaterSurfaceRendererScratch\vcpkg_installed\x64-windows\include -external:W0
  OBJECT_DIR = CMakeFiles\imgui.dir
  OBJECT_FILE_DIR = CMakeFiles\imgui.dir
  TARGET_COMPILE_PDB = CMakeFiles\imgui.dir\imgui.pdb
  TARGET_PDB = imgui.pdb
  TARGET_SUPPORT_DIR = CMakeFiles\imgui.dir

build CMakeFiles\imgui.dir\imgui_demo.cpp.obj: CXX_COMPILER__imgui_unscanned_Release D$:\WaterSurfaceRendererScratch\vcpkg_installed\vcpkg\blds\imgui\src\v1.92.8-8e9c05eb59.clean\imgui_demo.cpp || cmake_object_order_depends_target_imgui
  CONFIG = Release
  DEFINES = -DGLFW_DLL
  FLAGS = /nologo /DWIN32 /D_WINDOWS /utf-8 /GR /EHsc /MP  /MD /O2 /Oi /Gy /DNDEBUG /Z7  -MD
  INCLUDES = -ID:\WaterSurfaceRendererScratch\vcpkg_installed\vcpkg\blds\imgui\src\v1.92.8-8e9c05eb59.clean -ID:\WaterSurfaceRendererScratch\vcpkg_installed\vcpkg\blds\imgui\src\v1.92.8-8e9c05eb59.clean\test-engine -external:ID:\WaterSurfaceRendererScratch\vcpkg_installed\x64-windows\include -external:W0
  OBJECT_DIR = CMakeFiles\imgui.dir
  OBJECT_FILE_DIR = CMakeFiles\imgui.dir
  TARGET_COMPILE_PDB = CMakeFiles\imgui.dir\imgui.pdb
  TARGET_PDB = imgui.pdb
  TARGET_SUPPORT_DIR = CMakeFiles\imgui.dir

build CMakeFiles\imgui.dir\imgui_draw.cpp.obj: CXX_COMPILER__imgui_unscanned_Release D$:\WaterSurfaceRendererScratch\vcpkg_installed\vcpkg\blds\imgui\src\v1.92.8-8e9c05eb59.clean\imgui_draw.cpp || cmake_object_order_depends_target_imgui
  CONFIG = Release
  DEFINES = -DGLFW_DLL
  FLAGS = /nologo /DWIN32 /D_WINDOWS /utf-8 /GR /EHsc /MP  /MD /O2 /Oi /Gy /DNDEBUG /Z7  -MD
  INCLUDES = -ID:\WaterSurfaceRendererScratch\vcpkg_installed\vcpkg\blds\imgui\src\v1.92.8-8e9c05eb59.clean -ID:\WaterSurfaceRendererScratch\vcpkg_installed\vcpkg\blds\imgui\src\v1.92.8-8e9c05eb59.clean\test-engine -external:ID:\WaterSurfaceRendererScratch\vcpkg_installed\x64-windows\include -external:W0
  OBJECT_DIR = CMakeFiles\imgui.dir
  OBJECT_FILE_DIR = CMakeFiles\imgui.dir
  TARGET_COMPILE_PDB = CMakeFiles\imgui.dir\imgui.pdb
  TARGET_PDB = imgui.pdb
  TARGET_SUPPORT_DIR = CMakeFiles\imgui.dir

build CMakeFiles\imgui.dir\imgui_tables.cpp.obj: CXX_COMPILER__imgui_unscanned_Release D$:\WaterSurfaceRendererScratch\vcpkg_installed\vcpkg\blds\imgui\src\v1.92.8-8e9c05eb59.clean\imgui_tables.cpp || cmake_object_order_depends_target_imgui
  CONFIG = Release
  DEFINES = -DGLFW_DLL
  FLAGS = /nologo /DWIN32 /D_WINDOWS /utf-8 /GR /EHsc /MP  /MD /O2 /Oi /Gy /DNDEBUG /Z7  -MD
  INCLUDES = -ID:\WaterSurfaceRendererScratch\vcpkg_installed\vcpkg\blds\imgui\src\v1.92.8-8e9c05eb59.clean -ID:\WaterSurfaceRendererScratch\vcpkg_installed\vcpkg\blds\imgui\src\v1.92.8-8e9c05eb59.clean\test-engine -external:ID:\WaterSurfaceRendererScratch\vcpkg_installed\x64-windows\include -external:W0
  OBJECT_DIR = CMakeFiles\imgui.dir
  OBJECT_FILE_DIR = CMakeFiles\imgui.dir
  TARGET_COMPILE_PDB = CMakeFiles\imgui.dir\imgui.pdb
  TARGET_PDB = imgui.pdb
  TARGET_SUPPORT_DIR = CMakeFiles\imgui.dir

build CMakeFiles\imgui.dir\imgui_widgets.cpp.obj: CXX_COMPILER__imgui_unscanned_Release D$:\WaterSurfaceRendererScratch\vcpkg_installed\vcpkg\blds\imgui\src\v1.92.8-8e9c05eb59.clean\imgui_widgets.cpp || cmake_object_order_depends_target_imgui
  CONFIG = Release
  DEFINES = -DGLFW_DLL
  FLAGS = /nologo /DWIN32 /D_WINDOWS /utf-8 /GR /EHsc /MP  /MD /O2 /Oi /Gy /DNDEBUG /Z7  -MD
  INCLUDES = -ID:\WaterSurfaceRendererScratch\vcpkg_installed\vcpkg\blds\imgui\src\v1.92.8-8e9c05eb59.clean -ID:\WaterSurfaceRendererScratch\vcpkg_installed\vcpkg\blds\imgui\src\v1.92.8-8e9c05eb59.clean\test-engine -external:ID:\WaterSurfaceRendererScratch\vcpkg_installed\x64-windows\include -external:W0
  OBJECT_DIR = CMakeFiles\imgui.dir
  OBJECT_FILE_DIR = CMakeFiles\imgui.dir
  TARGET_COMPILE_PDB = CMakeFiles\imgui.dir\imgui.pdb
  TARGET_PDB = imgui.pdb
  TARGET_SUPPORT_DIR = CMakeFiles\imgui.dir

build CMakeFiles\imgui.dir\misc\cpp\imgui_stdlib.cpp.obj: CXX_COMPILER__imgui_unscanned_Release D$:\WaterSurfaceRendererScratch\vcpkg_installed\vcpkg\blds\imgui\src\v1.92.8-8e9c05eb59.clean\misc\cpp\imgui_stdlib.cpp || cmake_object_order_depends_target_imgui
  CONFIG = Release
  DEFINES = -DGLFW_DLL
  FLAGS = /nologo /DWIN32 /D_WINDOWS /utf-8 /GR /EHsc /MP  /MD /O2 /Oi /Gy /DNDEBUG /Z7  -MD
  INCLUDES = -ID:\WaterSurfaceRendererScratch\vcpkg_installed\vcpkg\blds\imgui\src\v1.92.8-8e9c05eb59.clean -ID:\WaterSurfaceRendererScratch\vcpkg_installed\vcpkg\blds\imgui\src\v1.92.8-8e9c05eb59.clean\test-engine -external:ID:\WaterSurfaceRendererScratch\vcpkg_installed\x64-windows\include -external:W0
  OBJECT_DIR = CMakeFiles\imgui.dir
  OBJECT_FILE_DIR = CMakeFiles\imgui.dir\misc\cpp
  TARGET_COMPILE_PDB = CMakeFiles\imgui.dir\imgui.pdb
  TARGET_PDB = imgui.pdb
  TARGET_SUPPORT_DIR = CMakeFiles\imgui.dir

build CMakeFiles\imgui.dir\backends\imgui_impl_glfw.cpp.obj: CXX_COMPILER__imgui_unscanned_Release D$:\WaterSurfaceRendererScratch\vcpkg_installed\vcpkg\blds\imgui\src\v1.92.8-8e9c05eb59.clean\backends\imgui_impl_glfw.cpp || cmake_object_order_depends_target_imgui
  CONFIG = Release
  DEFINES = -DGLFW_DLL
  FLAGS = /nologo /DWIN32 /D_WINDOWS /utf-8 /GR /EHsc /MP  /MD /O2 /Oi /Gy /DNDEBUG /Z7  -MD
  INCLUDES = -ID:\WaterSurfaceRendererScratch\vcpkg_installed\vcpkg\blds\imgui\src\v1.92.8-8e9c05eb59.clean -ID:\WaterSurfaceRendererScratch\vcpkg_installed\vcpkg\blds\imgui\src\v1.92.8-8e9c05eb59.clean\test-engine -external:ID:\WaterSurfaceRendererScratch\vcpkg_installed\x64-windows\include -external:W0
  OBJECT_DIR = CMakeFiles\imgui.dir
  OBJECT_FILE_DIR = CMakeFiles\imgui.dir\backends
  TARGET_COMPILE_PDB = CMakeFiles\imgui.dir\imgui.pdb
  TARGET_PDB = imgui.pdb
  TARGET_SUPPORT_DIR = CMakeFiles\imgui.dir

build CMakeFiles\imgui.dir\backends\imgui_impl_vulkan.cpp.obj: CXX_COMPILER__imgui_unscanned_Release D$:\WaterSurfaceRendererScratch\vcpkg_installed\vcpkg\blds\imgui\src\v1.92.8-8e9c05eb59.clean\backends\imgui_impl_vulkan.cpp || cmake_object_order_depends_target_imgui
  CONFIG = Release
  DEFINES = -DGLFW_DLL
  FLAGS = /nologo /DWIN32 /D_WINDOWS /utf-8 /GR /EHsc /MP  /MD /O2 /Oi /Gy /DNDEBUG /Z7  -MD
  INCLUDES = -ID:\WaterSurfaceRendererScratch\vcpkg_installed\vcpkg\blds\imgui\src\v1.92.8-8e9c05eb59.clean -ID:\WaterSurfaceRendererScratch\vcpkg_installed\vcpkg\blds\imgui\src\v1.92.8-8e9c05eb59.clean\test-engine -external:ID:\WaterSurfaceRendererScratch\vcpkg_installed\x64-windows\include -external:W0
  OBJECT_DIR = CMakeFiles\imgui.dir
  OBJECT_FILE_DIR = CMakeFiles\imgui.dir\backends
  TARGET_COMPILE_PDB = CMakeFiles\imgui.dir\imgui.pdb
  TARGET_PDB = imgui.pdb
  TARGET_SUPPORT_DIR = CMakeFiles\imgui.dir


# =============================================================================
# Link build statements for STATIC_LIBRARY target imgui


#############################################
# Link the static library imgui.lib

build imgui.lib: CXX_STATIC_LIBRARY_LINKER__imgui_Release CMakeFiles\imgui.dir\imgui.cpp.obj CMakeFiles\imgui.dir\imgui_demo.cpp.obj CMakeFiles\imgui.dir\imgui_draw.cpp.obj CMakeFiles\imgui.dir\imgui_tables.cpp.obj CMakeFiles\imgui.dir\imgui_widgets.cpp.obj CMakeFiles\imgui.dir\misc\cpp\imgui_stdlib.cpp.obj CMakeFiles\imgui.dir\backends\imgui_impl_glfw.cpp.obj CMakeFiles\imgui.dir\backends\imgui_impl_vulkan.cpp.obj
  CONFIG = Release
  LANGUAGE_COMPILE_FLAGS = /nologo /DWIN32 /D_WINDOWS /utf-8 /GR /EHsc /MP  /MD /O2 /Oi /Gy /DNDEBUG /Z7  -MD
  LINK_FLAGS = /machine:x64 /nologo
  OBJECT_DIR = CMakeFiles\imgui.dir
  POST_BUILD = cd .
  PRE_LINK = cd .
  TARGET_COMPILE_PDB = CMakeFiles\imgui.dir\imgui.pdb
  TARGET_FILE = imgui.lib
  TARGET_PDB = imgui.pdb
  TARGET_SUPPORT_DIR = CMakeFiles\imgui.dir


#############################################
# Utility command for edit_cache

build CMakeFiles\edit_cache.util: CUSTOM_COMMAND
  COMMAND = C:\windows\system32\cmd.exe /C "cd /D D:\WaterSurfaceRendererScratch\vcpkg_installed\vcpkg\blds\imgui\x64-windows-rel && "D:\Microsoft Visual Studio\18\Community\Common7\IDE\CommonExtensions\Microsoft\CMake\CMake\bin\cmake.exe" -E echo "No interactive CMake dialog available.""
  DESC = No interactive CMake dialog available...
  restat = 1

build edit_cache: phony CMakeFiles\edit_cache.util


#############################################
# Utility command for rebuild_cache

build CMakeFiles\rebuild_cache.util: CUSTOM_COMMAND
  COMMAND = C:\windows\system32\cmd.exe /C "cd /D D:\WaterSurfaceRendererScratch\vcpkg_installed\vcpkg\blds\imgui\x64-windows-rel && "D:\Microsoft Visual Studio\18\Community\Common7\IDE\CommonExtensions\Microsoft\CMake\CMake\bin\cmake.exe" --regenerate-during-build -SD:\WaterSurfaceRendererScratch\vcpkg_installed\vcpkg\blds\imgui\src\v1.92.8-8e9c05eb59.clean -BD:\WaterSurfaceRendererScratch\vcpkg_installed\vcpkg\blds\imgui\x64-windows-rel"
  DESC = Running CMake to regenerate build system...
  pool = console
  restat = 1

build rebuild_cache: phony CMakeFiles\rebuild_cache.util


#############################################
# Utility command for list_install_components

build list_install_components: phony


#############################################
# Utility command for install

build CMakeFiles\install.util: CUSTOM_COMMAND all
  COMMAND = C:\windows\system32\cmd.exe /C "cd /D D:\WaterSurfaceRendererScratch\vcpkg_installed\vcpkg\blds\imgui\x64-windows-rel && "D:\Microsoft Visual Studio\18\Community\Common7\IDE\CommonExtensions\Microsoft\CMake\CMake\bin\cmake.exe" -P cmake_install.cmake"
  DESC = Install the project...
  pool = console
  restat = 1

build install: phony CMakeFiles\install.util


#############################################
# Utility command for install/local

build CMakeFiles\install\local.util: CUSTOM_COMMAND all
  COMMAND = C:\windows\system32\cmd.exe /C "cd /D D:\WaterSurfaceRendererScratch\vcpkg_installed\vcpkg\blds\imgui\x64-windows-rel && "D:\Microsoft Visual Studio\18\Community\Common7\IDE\CommonExtensions\Microsoft\CMake\CMake\bin\cmake.exe" -DCMAKE_INSTALL_LOCAL_ONLY=1 -P cmake_install.cmake"
  DESC = Installing only the local directory...
  pool = console
  restat = 1

build install\local: phony CMakeFiles\install\local.util

# =============================================================================
# Target aliases.

build imgui: phony imgui.lib

# =============================================================================
# Folder targets.

# =============================================================================

#############################################
# Folder: D:/WaterSurfaceRendererScratch/vcpkg_installed/vcpkg/blds/imgui/x64-windows-rel

build all: phony imgui.lib

# =============================================================================
# Built-in targets


#############################################
# Re-run CMake if any of its inputs changed.

build build.ninja D$:\WaterSurfaceRendererScratch\vcpkg_installed\vcpkg\blds\imgui\x64-windows-rel\cmake_install.cmake: RERUN_CMAKE | CMakeCache.txt CMakeFiles\4.3.1-msvc1\CMakeCXXCompiler.cmake CMakeFiles\4.3.1-msvc1\CMakeRCCompiler.cmake CMakeFiles\4.3.1-msvc1\CMakeSystem.cmake D$:\Microsoft$ Visual$ Studio\18\Community\Common7\IDE\CommonExtensions\Microsoft\CMake\CMake\share\cmake-4.3\Modules\CMakeCXXCompiler.cmake.in D$:\Microsoft$ Visual$ Studio\18\Community\Common7\IDE\CommonExtensions\Microsoft\CMake\CMake\share\cmake-4.3\Modules\CMakeCXXCompilerABI.cpp D$:\Microsoft$ Visual$ Studio\18\Community\Common7\IDE\CommonExtensions\Microsoft\CMake\CMake\share\cmake-4.3\Modules\CMakeCXXInformation.cmake D$:\Microsoft$ Visual$ Studio\18\Community\Common7\IDE\CommonExtensions\Microsoft\CMake\CMake\share\cmake-4.3\Modules\CMakeCommonLanguageInclude.cmake D$:\Microsoft$ Visual$ Studio\18\Community\Common7\IDE\CommonExtensions\Microsoft\CMake\CMake\share\cmake-4.3\Modules\CMakeCompilerIdDetection.cmake D$:\Microsoft$ Visual$ Studio\18\Community\Common7\IDE\CommonExtensions\Microsoft\CMake\CMake\share\cmake-4.3\Modules\CMakeDependentOption.cmake D$:\Microsoft$ Visual$ Studio\18\Community\Common7\IDE\CommonExtensions\Microsoft\CMake\CMake\share\cmake-4.3\Modules\CMakeDetermineCXXCompiler.cmake D$:\Microsoft$ Visual$ Studio\18\Community\Common7\IDE\CommonExtensions\Microsoft\CMake\CMake\share\cmake-4.3\Modules\CMakeDetermineCompiler.cmake D$:\Microsoft$ Visual$ Studio\18\Community\Common7\IDE\CommonExtensions\Microsoft\CMake\CMake\share\cmake-4.3\Modules\CMakeDetermineCompilerABI.cmake D$:\Microsoft$ Visual$ Studio\18\Community\Common7\IDE\CommonExtensions\Microsoft\CMake\CMake\share\cmake-4.3\Modules\CMakeDetermineCompilerId.cmake D$:\Microsoft$ Visual$ Studio\18\Community\Common7\IDE\CommonExtensions\Microsoft\CMake\CMake\share\cmake-4.3\Modules\CMakeDetermineCompilerSupport.cmake D$:\Microsoft$ Visual$ Studio\18\Community\Common7\IDE\CommonExtensions\Microsoft\CMake\CMake\share\cmake-4.3\Modules\CMakeDetermineRCCompiler.cmake D$:\Microsoft$ Visual$ Studio\18\Community\Common7\IDE\CommonExtensions\Microsoft\CMake\CMake\share\cmake-4.3\Modules\CMakeDetermineSystem.cmake D$:\Microsoft$ Visual$ Studio\18\Community\Common7\IDE\CommonExtensions\Microsoft\CMake\CMake\share\cmake-4.3\Modules\CMakeFindBinUtils.cmake D$:\Microsoft$ Visual$ Studio\18\Community\Common7\IDE\CommonExtensions\Microsoft\CMake\CMake\share\cmake-4.3\Modules\CMakeFindDependencyMacro.cmake D$:\Microsoft$ Visual$ Studio\18\Community\Common7\IDE\CommonExtensions\Microsoft\CMake\CMake\share\cmake-4.3\Modules\CMakeGenericSystem.cmake D$:\Microsoft$ Visual$ Studio\18\Community\Common7\IDE\CommonExtensions\Microsoft\CMake\CMake\share\cmake-4.3\Modules\CMakeInitializeConfigs.cmake D$:\Microsoft$ Visual$ Studio\18\Community\Common7\IDE\CommonExtensions\Microsoft\CMake\CMake\share\cmake-4.3\Modules\CMakeLanguageInformation.cmake D$:\Microsoft$ Visual$ Studio\18\Community\Common7\IDE\CommonExtensions\Microsoft\CMake\CMake\share\cmake-4.3\Modules\CMakePackageConfigHelpers.cmake D$:\Microsoft$ Visual$ Studio\18\Community\Common7\IDE\CommonExtensions\Microsoft\CMake\CMake\share\cmake-4.3\Modules\CMakeParseImplicitIncludeInfo.cmake D$:\Microsoft$ Visual$ Studio\18\Community\Common7\IDE\CommonExtensions\Microsoft\CMake\CMake\share\cmake-4.3\Modules\CMakeParseImplicitLinkInfo.cmake D$:\Microsoft$ Visual$ Studio\18\Community\Common7\IDE\CommonExtensions\Microsoft\CMake\CMake\share\cmake-4.3\Modules\CMakeParseLibraryArchitecture.cmake D$:\Microsoft$ Visual$ Studio\18\Community\Common7\IDE\CommonExtensions\Microsoft\CMake\CMake\share\cmake-4.3\Modules\CMakeRCCompiler.cmake.in D$:\Microsoft$ Visual$ Studio\18\Community\Common7\IDE\CommonExtensions\Microsoft\CMake\CMake\share\cmake-4.3\Modules\CMakeRCInformation.cmake D$:\Microsoft$ Visual$ Studio\18\Community\Common7\IDE\CommonExtensions\Microsoft\CMake\CMake\share\cmake-4.3\Modules\CMakeSystem.cmake.in D$:\Microsoft$ Visual$ Studio\18\Community\Common7\IDE\CommonExtensions\Microsoft\CMake\CMake\share\cmake-4.3\Modules\CMakeSystemSpecificInformation.cmake D$:\Microsoft$ Visual$ Studio\18\Community\Common7\IDE\CommonExtensions\Microsoft\CMake\CMake\share\cmake-4.3\Modules\CMakeSystemSpecificInitialize.cmake D$:\Microsoft$ Visual$ Studio\18\Community\Common7\IDE\CommonExtensions\Microsoft\CMake\CMake\share\cmake-4.3\Modules\CMakeTestCXXCompiler.cmake D$:\Microsoft$ Visual$ Studio\18\Community\Common7\IDE\CommonExtensions\Microsoft\CMake\CMake\share\cmake-4.3\Modules\CMakeTestCompilerCommon.cmake D$:\Microsoft$ Visual$ Studio\18\Community\Common7\IDE\CommonExtensions\Microsoft\CMake\CMake\share\cmake-4.3\Modules\CMakeTestRCCompiler.cmake D$:\Microsoft$ Visual$ Studio\18\Community\Common7\IDE\CommonExtensions\Microsoft\CMake\CMake\share\cmake-4.3\Modules\CheckCXXSourceCompiles.cmake D$:\Microsoft$ Visual$ Studio\18\Community\Common7\IDE\CommonExtensions\Microsoft\CMake\CMake\share\cmake-4.3\Modules\CheckIncludeFileCXX.cmake D$:\Microsoft$ Visual$ Studio\18\Community\Common7\IDE\CommonExtensions\Microsoft\CMake\CMake\share\cmake-4.3\Modules\CheckLibraryExists.cmake D$:\Microsoft$ Visual$ Studio\18\Community\Common7\IDE\CommonExtensions\Microsoft\CMake\CMake\share\cmake-4.3\Modules\Compiler\ADSP-DetermineCompiler.cmake D$:\Microsoft$ Visual$ Studio\18\Community\Common7\IDE\CommonExtensions\Microsoft\CMake\CMake\share\cmake-4.3\Modules\Compiler\ARMCC-DetermineCompiler.cmake D$:\Microsoft$ Visual$ Studio\18\Community\Common7\IDE\CommonExtensions\Microsoft\CMake\CMake\share\cmake-4.3\Modules\Compiler\ARMClang-DetermineCompiler.cmake D$:\Microsoft$ Visual$ Studio\18\Community\Common7\IDE\CommonExtensions\Microsoft\CMake\CMake\share\cmake-4.3\Modules\Compiler\AppleClang-DetermineCompiler.cmake D$:\Microsoft$ Visual$ Studio\18\Community\Common7\IDE\CommonExtensions\Microsoft\CMake\CMake\share\cmake-4.3\Modules\Compiler\Borland-DetermineCompiler.cmake D$:\Microsoft$ Visual$ Studio\18\Community\Common7\IDE\CommonExtensions\Microsoft\CMake\CMake\share\cmake-4.3\Modules\Compiler\CMakeCommonCompilerMacros.cmake D$:\Microsoft$ Visual$ Studio\18\Community\Common7\IDE\CommonExtensions\Microsoft\CMake\CMake\share\cmake-4.3\Modules\Compiler\Clang-DetermineCompiler.cmake D$:\Microsoft$ Visual$ Studio\18\Community\Common7\IDE\CommonExtensions\Microsoft\CMake\CMake\share\cmake-4.3\Modules\Compiler\Clang-DetermineCompilerInternal.cmake D$:\Microsoft$ Visual$ Studio\18\Community\Common7\IDE\CommonExtensions\Microsoft\CMake\CMake\share\cmake-4.3\Modules\Compiler\Compaq-CXX-DetermineCompiler.cmake D$:\Microsoft$ Visual$ Studio\18\Community\Common7\IDE\CommonExtensions\Microsoft\CMake\CMake\share\cmake-4.3\Modules\Compiler\Cray-DetermineCompiler.cmake D$:\Microsoft$ Visual$ Studio\18\Community\Common7\IDE\CommonExtensions\Microsoft\CMake\CMake\share\cmake-4.3\Modules\Compiler\CrayClang-DetermineCompiler.cmake D$:\Microsoft$ Visual$ Studio\18\Community\Common7\IDE\CommonExtensions\Microsoft\CMake\CMake\share\cmake-4.3\Modules\Compiler\Diab-DetermineCompiler.cmake D$:\Microsoft$ Visual$ Studio\18\Community\Common7\IDE\CommonExtensions\Microsoft\CMake\CMake\share\cmake-4.3\Modules\Compiler\Embarcadero-DetermineCompiler.cmake D$:\Microsoft$ Visual$ Studio\18\Community\Common7\IDE\CommonExtensions\Microsoft\CMake\CMake\share\cmake-4.3\Modules\Compiler\Fujitsu-DetermineCompiler.cmake D$:\Microsoft$ Visual$ Studio\18\Community\Common7\IDE\CommonExtensions\Microsoft\CMake\CMake\share\cmake-4.3\Modules\Compiler\FujitsuClang-DetermineCompiler.cmake D$:\Microsoft$ Visual$ Studio\18\Community\Common7\IDE\CommonExtensions\Microsoft\CMake\CMake\share\cmake-4.3\Modules\Compiler\GHS-DetermineCompiler.cmake D$:\Microsoft$ Visual$ Studio\18\Community\Common7\IDE\CommonExtensions\Microsoft\CMake\CMake\share\cmake-4.3\Modules\Compiler\GNU-CXX-DetermineCompiler.cmake D$:\Microsoft$ Visual$ Studio\18\Community\Common7\IDE\CommonExtensions\Microsoft\CMake\CMake\share\cmake-4.3\Modules\Compiler\HP-CXX-DetermineCompiler.cmake D$:\Microsoft$ Visual$ Studio\18\Community\Common7\IDE\CommonExtensions\Microsoft\CMake\CMake\share\cmake-4.3\Modules\Compiler\IAR-DetermineCompiler.cmake D$:\Microsoft$ Visual$ Studio\18\Community\Common7\IDE\CommonExtensions\Microsoft\CMake\CMake\share\cmake-4.3\Modules\Compiler\IBMCPP-CXX-DetermineVersionInternal.cmake D$:\Microsoft$ Visual$ Studio\18\Community\Common7\IDE\CommonExtensions\Microsoft\CMake\CMake\share\cmake-4.3\Modules\Compiler\IBMClang-CXX-DetermineCompiler.cmake D$:\Microsoft$ Visual$ Studio\18\Community\Common7\IDE\CommonExtensions\Microsoft\CMake\CMake\share\cmake-4.3\Modules\Compiler\Intel-DetermineCompiler.cmake D$:\Microsoft$ Visual$ Studio\18\Community\Common7\IDE\CommonExtensions\Microsoft\CMake\CMake\share\cmake-4.3\Modules\Compiler\IntelLLVM-DetermineCompiler.cmake D$:\Microsoft$ Visual$ Studio\18\Community\Common7\IDE\CommonExtensions\Microsoft\CMake\CMake\share\cmake-4.3\Modules\Compiler\LCC-CXX-DetermineCompiler.cmake D$:\Microsoft$ Visual$ Studio\18\Community\Common7\IDE\CommonExtensions\Microsoft\CMake\CMake\share\cmake-4.3\Modules\Compiler\MSVC-CXX-CXXImportStd.cmake D$:\Microsoft$ Visual$ Studio\18\Community\Common7\IDE\CommonExtensions\Microsoft\CMake\CMake\share\cmake-4.3\Modules\Compiler\MSVC-CXX.cmake D$:\Microsoft$ Visual$ Studio\18\Community\Common7\IDE\CommonExtensions\Microsoft\CMake\CMake\share\cmake-4.3\Modules\Compiler\MSVC-DetermineCompiler.cmake D$:\Microsoft$ Visual$ Studio\18\Community\Common7\IDE\CommonExtensions\Microsoft\CMake\CMake\share\cmake-4.3\Modules\Compiler\MSVC.cmake D$:\Microsoft$ Visual$ Studio\18\Community\Common7\IDE\CommonExtensions\Microsoft\CMake\CMake\share\cmake-4.3\Modules\Compiler\NVHPC-DetermineCompiler.cmake D$:\Microsoft$ Visual$ Studio\18\Community\Common7\IDE\CommonExtensions\Microsoft\CMake\CMake\share\cmake-4.3\Modules\Compiler\NVIDIA-DetermineCompiler.cmake D$:\Microsoft$ Visual$ Studio\18\Community\Common7\IDE\CommonExtensions\Microsoft\CMake\CMake\share\cmake-4.3\Modules\Compiler\OpenWatcom-DetermineCompiler.cmake D$:\Microsoft$ Visual$ Studio\18\Community\Common7\IDE\CommonExtensions\Microsoft\CMake\CMake\share\cmake-4.3\Modules\Compiler\OrangeC-DetermineCompiler.cmake D$:\Microsoft$ Visual$ Studio\18\Community\Common7\IDE\CommonExtensions\Microsoft\CMake\CMake\share\cmake-4.3\Modules\Compiler\PGI-DetermineCompiler.cmake D$:\Microsoft$ Visual$ Studio\18\Community\Common7\IDE\CommonExtensions\Microsoft\CMake\CMake\share\cmake-4.3\Modules\Compiler\PathScale-DetermineCompiler.cmake D$:\Microsoft$ Visual$ Studio\18\Community\Common7\IDE\CommonExtensions\Microsoft\CMake\CMake\share\cmake-4.3\Modules\Compiler\Renesas-DetermineCompiler.cmake D$:\Microsoft$ Visual$ Studio\18\Community\Common7\IDE\CommonExtensions\Microsoft\CMake\CMake\share\cmake-4.3\Modules\Compiler\SCO-DetermineCompiler.cmake D$:\Microsoft$ Visual$ Studio\18\Community\Common7\IDE\CommonExtensions\Microsoft\CMake\CMake\share\cmake-4.3\Modules\Compiler\SunPro-CXX-DetermineCompiler.cmake D$:\Microsoft$ Visual$ Studio\18\Community\Common7\IDE\CommonExtensions\Microsoft\CMake\CMake\share\cmake-4.3\Modules\Compiler\TI-DetermineCompiler.cmake D$:\Microsoft$ Visual$ Studio\18\Community\Common7\IDE\CommonExtensions\Microsoft\CMake\CMake\share\cmake-4.3\Modules\Compiler\TIClang-DetermineCompiler.cmake D$:\Microsoft$ Visual$ Studio\18\Community\Common7\IDE\CommonExtensions\Microsoft\CMake\CMake\share\cmake-4.3\Modules\Compiler\Tasking-DetermineCompiler.cmake D$:\Microsoft$ Visual$ Studio\18\Community\Common7\IDE\CommonExtensions\Microsoft\CMake\CMake\share\cmake-4.3\Modules\Compiler\VisualAge-CXX-DetermineCompiler.cmake D$:\Microsoft$ Visual$ Studio\18\Community\Common7\IDE\CommonExtensions\Microsoft\CMake\CMake\share\cmake-4.3\Modules\Compiler\Watcom-DetermineCompiler.cmake D$:\Microsoft$ Visual$ Studio\18\Community\Common7\IDE\CommonExtensions\Microsoft\CMake\CMake\share\cmake-4.3\Modules\Compiler\XL-CXX-DetermineCompiler.cmake D$:\Microsoft$ Visual$ Studio\18\Community\Common7\IDE\CommonExtensions\Microsoft\CMake\CMake\share\cmake-4.3\Modules\Compiler\XLClang-CXX-DetermineCompiler.cmake D$:\Microsoft$ Visual$ Studio\18\Community\Common7\IDE\CommonExtensions\Microsoft\CMake\CMake\share\cmake-4.3\Modules\Compiler\zOS-CXX-DetermineCompiler.cmake D$:\Microsoft$ Visual$ Studio\18\Community\Common7\IDE\CommonExtensions\Microsoft\CMake\CMake\share\cmake-4.3\Modules\FindPackageHandleStandardArgs.cmake D$:\Microsoft$ Visual$ Studio\18\Community\Common7\IDE\CommonExtensions\Microsoft\CMake\CMake\share\cmake-4.3\Modules\FindPackageMessage.cmake D$:\Microsoft$ Visual$ Studio\18\Community\Common7\IDE\CommonExtensions\Microsoft\CMake\CMake\share\cmake-4.3\Modules\FindThreads.cmake D$:\Microsoft$ Visual$ Studio\18\Community\Common7\IDE\CommonExtensions\Microsoft\CMake\CMake\share\cmake-4.3\Modules\FindVulkan.cmake D$:\Microsoft$ Visual$ Studio\18\Community\Common7\IDE\CommonExtensions\Microsoft\CMake\CMake\share\cmake-4.3\Modules\Internal\CMakeCXXLinkerInformation.cmake D$:\Microsoft$ Visual$ Studio\18\Community\Common7\IDE\CommonExtensions\Microsoft\CMake\CMake\share\cmake-4.3\Modules\Internal\CMakeCommonLinkerInformation.cmake D$:\Microsoft$ Visual$ Studio\18\Community\Common7\IDE\CommonExtensions\Microsoft\CMake\CMake\share\cmake-4.3\Modules\Internal\CMakeDetermineLinkerId.cmake D$:\Microsoft$ Visual$ Studio\18\Community\Common7\IDE\CommonExtensions\Microsoft\CMake\CMake\share\cmake-4.3\Modules\Internal\CMakeInspectCXXLinker.cmake D$:\Microsoft$ Visual$ Studio\18\Community\Common7\IDE\CommonExtensions\Microsoft\CMake\CMake\share\cmake-4.3\Modules\Internal\CheckSourceCompiles.cmake D$:\Microsoft$ Visual$ Studio\18\Community\Common7\IDE\CommonExtensions\Microsoft\CMake\CMake\share\cmake-4.3\Modules\Internal\FeatureTesting.cmake D$:\Microsoft$ Visual$ Studio\18\Community\Common7\IDE\CommonExtensions\Microsoft\CMake\CMake\share\cmake-4.3\Modules\Platform\Linker\GNU.cmake D$:\Microsoft$ Visual$ Studio\18\Community\Common7\IDE\CommonExtensions\Microsoft\CMake\CMake\share\cmake-4.3\Modules\Platform\Linker\Windows-CXX.cmake D$:\Microsoft$ Visual$ Studio\18\Community\Common7\IDE\CommonExtensions\Microsoft\CMake\CMake\share\cmake-4.3\Modules\Platform\Linker\Windows-GNU-CXX.cmake D$:\Microsoft$ Visual$ Studio\18\Community\Common7\IDE\CommonExtensions\Microsoft\CMake\CMake\share\cmake-4.3\Modules\Platform\Linker\Windows-GNU.cmake D$:\Microsoft$ Visual$ Studio\18\Community\Common7\IDE\CommonExtensions\Microsoft\CMake\CMake\share\cmake-4.3\Modules\Platform\Windows-Determine-CXX.cmake D$:\Microsoft$ Visual$ Studio\18\Community\Common7\IDE\CommonExtensions\Microsoft\CMake\CMake\share\cmake-4.3\Modules\Platform\Windows-Initialize.cmake D$:\Microsoft$ Visual$ Studio\18\Community\Common7\IDE\CommonExtensions\Microsoft\CMake\CMake\share\cmake-4.3\Modules\Platform\Windows-MSVC-CXX.cmake D$:\Microsoft$ Visual$ Studio\18\Community\Common7\IDE\CommonExtensions\Microsoft\CMake\CMake\share\cmake-4.3\Modules\Platform\Windows-MSVC.cmake D$:\Microsoft$ Visual$ Studio\18\Community\Common7\IDE\CommonExtensions\Microsoft\CMake\CMake\share\cmake-4.3\Modules\Platform\Windows.cmake D$:\Microsoft$ Visual$ Studio\18\Community\Common7\IDE\CommonExtensions\Microsoft\CMake\CMake\share\cmake-4.3\Modules\Platform\WindowsPaths.cmake D$:\Microsoft$ Visual$ Studio\18\Community\Common7\IDE\CommonExtensions\Microsoft\CMake\CMake\share\cmake-4.3\Modules\WriteBasicConfigVersionFile.cmake D$:\Microsoft$ Visual$ Studio\18\Community\VC\vcpkg\scripts\buildsystems\vcpkg.cmake D$:\Microsoft$ Visual$ Studio\18\Community\VC\vcpkg\scripts\toolchains\windows.cmake D$:\WaterSurfaceRendererScratch\vcpkg_installed\vcpkg\blds\imgui\src\v1.92.8-8e9c05eb59.clean\CMakeLists.txt D$:\WaterSurfaceRendererScratch\vcpkg_installed\vcpkg\blds\imgui\src\v1.92.8-8e9c05eb59.clean\imgui-config.cmake.in D$:\WaterSurfaceRendererScratch\vcpkg_installed\x64-windows\share\glfw3\glfw3Config.cmake D$:\WaterSurfaceRendererScratch\vcpkg_installed\x64-windows\share\glfw3\glfw3ConfigVersion.cmake D$:\WaterSurfaceRendererScratch\vcpkg_installed\x64-windows\share\glfw3\glfw3Targets-debug.cmake D$:\WaterSurfaceRendererScratch\vcpkg_installed\x64-windows\share\glfw3\glfw3Targets-release.cmake D$:\WaterSurfaceRendererScratch\vcpkg_installed\x64-windows\share\glfw3\glfw3Targets.cmake
  pool = console


#############################################
# A missing CMake input file is not an error.

build CMakeCache.txt CMakeFiles\4.3.1-msvc1\CMakeCXXCompiler.cmake CMakeFiles\4.3.1-msvc1\CMakeRCCompiler.cmake CMakeFiles\4.3.1-msvc1\CMakeSystem.cmake D$:\Microsoft$ Visual$ Studio\18\Community\Common7\IDE\CommonExtensions\Microsoft\CMake\CMake\share\cmake-4.3\Modules\CMakeCXXCompiler.cmake.in D$:\Microsoft$ Visual$ Studio\18\Community\Common7\IDE\CommonExtensions\Microsoft\CMake\CMake\share\cmake-4.3\Modules\CMakeCXXCompilerABI.cpp D$:\Microsoft$ Visual$ Studio\18\Community\Common7\IDE\CommonExtensions\Microsoft\CMake\CMake\share\cmake-4.3\Modules\CMakeCXXInformation.cmake D$:\Microsoft$ Visual$ Studio\18\Community\Common7\IDE\CommonExtensions\Microsoft\CMake\CMake\share\cmake-4.3\Modules\CMakeCommonLanguageInclude.cmake D$:\Microsoft$ Visual$ Studio\18\Community\Common7\IDE\CommonExtensions\Microsoft\CMake\CMake\share\cmake-4.3\Modules\CMakeCompilerIdDetection.cmake D$:\Microsoft$ Visual$ Studio\18\Community\Common7\IDE\CommonExtensions\Microsoft\CMake\CMake\share\cmake-4.3\Modules\CMakeDependentOption.cmake D$:\Microsoft$ Visual$ Studio\18\Community\Common7\IDE\CommonExtensions\Microsoft\CMake\CMake\share\cmake-4.3\Modules\CMakeDetermineCXXCompiler.cmake D$:\Microsoft$ Visual$ Studio\18\Community\Common7\IDE\CommonExtensions\Microsoft\CMake\CMake\share\cmake-4.3\Modules\CMakeDetermineCompiler.cmake D$:\Microsoft$ Visual$ Studio\18\Community\Common7\IDE\CommonExtensions\Microsoft\CMake\CMake\share\cmake-4.3\Modules\CMakeDetermineCompilerABI.cmake D$:\Microsoft$ Visual$ Studio\18\Community\Common7\IDE\CommonExtensions\Microsoft\CMake\CMake\share\cmake-4.3\Modules\CMakeDetermineCompilerId.cmake D$:\Microsoft$ Visual$ Studio\18\Community\Common7\IDE\CommonExtensions\Microsoft\CMake\CMake\share\cmake-4.3\Modules\CMakeDetermineCompilerSupport.cmake D$:\Microsoft$ Visual$ Studio\18\Community\Common7\IDE\CommonExtensions\Microsoft\CMake\CMake\share\cmake-4.3\Modules\CMakeDetermineRCCompiler.cmake D$:\Microsoft$ Visual$ Studio\18\Community\Common7\IDE\CommonExtensions\Microsoft\CMake\CMake\share\cmake-4.3\Modules\CMakeDetermineSystem.cmake D$:\Microsoft$ Visual$ Studio\18\Community\Common7\IDE\CommonExtensions\Microsoft\CMake\CMake\share\cmake-4.3\Modules\CMakeFindBinUtils.cmake D$:\Microsoft$ Visual$ Studio\18\Community\Common7\IDE\CommonExtensions\Microsoft\CMake\CMake\share\cmake-4.3\Modules\CMakeFindDependencyMacro.cmake D$:\Microsoft$ Visual$ Studio\18\Community\Common7\IDE\CommonExtensions\Microsoft\CMake\CMake\share\cmake-4.3\Modules\CMakeGenericSystem.cmake D$:\Microsoft$ Visual$ Studio\18\Community\Common7\IDE\CommonExtensions\Microsoft\CMake\CMake\share\cmake-4.3\Modules\CMakeInitializeConfigs.cmake D$:\Microsoft$ Visual$ Studio\18\Community\Common7\IDE\CommonExtensions\Microsoft\CMake\CMake\share\cmake-4.3\Modules\CMakeLanguageInformation.cmake D$:\Microsoft$ Visual$ Studio\18\Community\Common7\IDE\CommonExtensions\Microsoft\CMake\CMake\share\cmake-4.3\Modules\CMakePackageConfigHelpers.cmake D$:\Microsoft$ Visual$ Studio\18\Community\Common7\IDE\CommonExtensions\Microsoft\CMake\CMake\share\cmake-4.3\Modules\CMakeParseImplicitIncludeInfo.cmake D$:\Microsoft$ Visual$ Studio\18\Community\Common7\IDE\CommonExtensions\Microsoft\CMake\CMake\share\cmake-4.3\Modules\CMakeParseImplicitLinkInfo.cmake D$:\Microsoft$ Visual$ Studio\18\Community\Common7\IDE\CommonExtensions\Microsoft\CMake\CMake\share\cmake-4.3\Modules\CMakeParseLibraryArchitecture.cmake D$:\Microsoft$ Visual$ Studio\18\Community\Common7\IDE\CommonExtensions\Microsoft\CMake\CMake\share\cmake-4.3\Modules\CMakeRCCompiler.cmake.in D$:\Microsoft$ Visual$ Studio\18\Community\Common7\IDE\CommonExtensions\Microsoft\CMake\CMake\share\cmake-4.3\Modules\CMakeRCInformation.cmake D$:\Microsoft$ Visual$ Studio\18\Community\Common7\IDE\CommonExtensions\Microsoft\CMake\CMake\share\cmake-4.3\Modules\CMakeSystem.cmake.in D$:\Microsoft$ Visual$ Studio\18\Community\Common7\IDE\CommonExtensions\Microsoft\CMake\CMake\share\cmake-4.3\Modules\CMakeSystemSpecificInformation.cmake D$:\Microsoft$ Visual$ Studio\18\Community\Common7\IDE\CommonExtensions\Microsoft\CMake\CMake\share\cmake-4.3\Modules\CMakeSystemSpecificInitialize.cmake D$:\Microsoft$ Visual$ Studio\18\Community\Common7\IDE\CommonExtensions\Microsoft\CMake\CMake\share\cmake-4.3\Modules\CMakeTestCXXCompiler.cmake D$:\Microsoft$ Visual$ Studio\18\Community\Common7\IDE\CommonExtensions\Microsoft\CMake\CMake\share\cmake-4.3\Modules\CMakeTestCompilerCommon.cmake D$:\Microsoft$ Visual$ Studio\18\Community\Common7\IDE\CommonExtensions\Microsoft\CMake\CMake\share\cmake-4.3\Modules\CMakeTestRCCompiler.cmake D$:\Microsoft$ Visual$ Studio\18\Community\Common7\IDE\CommonExtensions\Microsoft\CMake\CMake\share\cmake-4.3\Modules\CheckCXXSourceCompiles.cmake D$:\Microsoft$ Visual$ Studio\18\Community\Common7\IDE\CommonExtensions\Microsoft\CMake\CMake\share\cmake-4.3\Modules\CheckIncludeFileCXX.cmake D$:\Microsoft$ Visual$ Studio\18\Community\Common7\IDE\CommonExtensions\Microsoft\CMake\CMake\share\cmake-4.3\Modules\CheckLibraryExists.cmake D$:\Microsoft$ Visual$ Studio\18\Community\Common7\IDE\CommonExtensions\Microsoft\CMake\CMake\share\cmake-4.3\Modules\Compiler\ADSP-DetermineCompiler.cmake D$:\Microsoft$ Visual$ Studio\18\Community\Common7\IDE\CommonExtensions\Microsoft\CMake\CMake\share\cmake-4.3\Modules\Compiler\ARMCC-DetermineCompiler.cmake D$:\Microsoft$ Visual$ Studio\18\Community\Common7\IDE\CommonExtensions\Microsoft\CMake\CMake\share\cmake-4.3\Modules\Compiler\ARMClang-DetermineCompiler.cmake D$:\Microsoft$ Visual$ Studio\18\Community\Common7\IDE\CommonExtensions\Microsoft\CMake\CMake\share\cmake-4.3\Modules\Compiler\AppleClang-DetermineCompiler.cmake D$:\Microsoft$ Visual$ Studio\18\Community\Common7\IDE\CommonExtensions\Microsoft\CMake\CMake\share\cmake-4.3\Modules\Compiler\Borland-DetermineCompiler.cmake D$:\Microsoft$ Visual$ Studio\18\Community\Common7\IDE\CommonExtensions\Microsoft\CMake\CMake\share\cmake-4.3\Modules\Compiler\CMakeCommonCompilerMacros.cmake D$:\Microsoft$ Visual$ Studio\18\Community\Common7\IDE\CommonExtensions\Microsoft\CMake\CMake\share\cmake-4.3\Modules\Compiler\Clang-DetermineCompiler.cmake D$:\Microsoft$ Visual$ Studio\18\Community\Common7\IDE\CommonExtensions\Microsoft\CMake\CMake\share\cmake-4.3\Modules\Compiler\Clang-DetermineCompilerInternal.cmake D$:\Microsoft$ Visual$ Studio\18\Community\Common7\IDE\CommonExtensions\Microsoft\CMake\CMake\share\cmake-4.3\Modules\Compiler\Compaq-CXX-DetermineCompiler.cmake D$:\Microsoft$ Visual$ Studio\18\Community\Common7\IDE\CommonExtensions\Microsoft\CMake\CMake\share\cmake-4.3\Modules\Compiler\Cray-DetermineCompiler.cmake D$:\Microsoft$ Visual$ Studio\18\Community\Common7\IDE\CommonExtensions\Microsoft\CMake\CMake\share\cmake-4.3\Modules\Compiler\CrayClang-DetermineCompiler.cmake D$:\Microsoft$ Visual$ Studio\18\Community\Common7\IDE\CommonExtensions\Microsoft\CMake\CMake\share\cmake-4.3\Modules\Compiler\Diab-DetermineCompiler.cmake D$:\Microsoft$ Visual$ Studio\18\Community\Common7\IDE\CommonExtensions\Microsoft\CMake\CMake\share\cmake-4.3\Modules\Compiler\Embarcadero-DetermineCompiler.cmake D$:\Microsoft$ Visual$ Studio\18\Community\Common7\IDE\CommonExtensions\Microsoft\CMake\CMake\share\cmake-4.3\Modules\Compiler\Fujitsu-DetermineCompiler.cmake D$:\Microsoft$ Visual$ Studio\18\Community\Common7\IDE\CommonExtensions\Microsoft\CMake\CMake\share\cmake-4.3\Modules\Compiler\FujitsuClang-DetermineCompiler.cmake D$:\Microsoft$ Visual$ Studio\18\Community\Common7\IDE\CommonExtensions\Microsoft\CMake\CMake\share\cmake-4.3\Modules\Compiler\GHS-DetermineCompiler.cmake D$:\Microsoft$ Visual$ Studio\18\Community\Common7\IDE\CommonExtensions\Microsoft\CMake\CMake\share\cmake-4.3\Modules\Compiler\GNU-CXX-DetermineCompiler.cmake D$:\Microsoft$ Visual$ Studio\18\Community\Common7\IDE\CommonExtensions\Microsoft\CMake\CMake\share\cmake-4.3\Modules\Compiler\HP-CXX-DetermineCompiler.cmake D$:\Microsoft$ Visual$ Studio\18\Community\Common7\IDE\CommonExtensions\Microsoft\CMake\CMake\share\cmake-4.3\Modules\Compiler\IAR-DetermineCompiler.cmake D$:\Microsoft$ Visual$ Studio\18\Community\Common7\IDE\CommonExtensions\Microsoft\CMake\CMake\share\cmake-4.3\Modules\Compiler\IBMCPP-CXX-DetermineVersionInternal.cmake D$:\Microsoft$ Visual$ Studio\18\Community\Common7\IDE\CommonExtensions\Microsoft\CMake\CMake\share\cmake-4.3\Modules\Compiler\IBMClang-CXX-DetermineCompiler.cmake D$:\Microsoft$ Visual$ Studio\18\Community\Common7\IDE\CommonExtensions\Microsoft\CMake\CMake\share\cmake-4.3\Modules\Compiler\Intel-DetermineCompiler.cmake D$:\Microsoft$ Visual$ Studio\18\Community\Common7\IDE\CommonExtensions\Microsoft\CMake\CMake\share\cmake-4.3\Modules\Compiler\IntelLLVM-DetermineCompiler.cmake D$:\Microsoft$ Visual$ Studio\18\Community\Common7\IDE\CommonExtensions\Microsoft\CMake\CMake\share\cmake-4.3\Modules\Compiler\LCC-CXX-DetermineCompiler.cmake D$:\Microsoft$ Visual$ Studio\18\Community\Common7\IDE\CommonExtensions\Microsoft\CMake\CMake\share\cmake-4.3\Modules\Compiler\MSVC-CXX-CXXImportStd.cmake D$:\Microsoft$ Visual$ Studio\18\Community\Common7\IDE\CommonExtensions\Microsoft\CMake\CMake\share\cmake-4.3\Modules\Compiler\MSVC-CXX.cmake D$:\Microsoft$ Visual$ Studio\18\Community\Common7\IDE\CommonExtensions\Microsoft\CMake\CMake\share\cmake-4.3\Modules\Compiler\MSVC-DetermineCompiler.cmake D$:\Microsoft$ Visual$ Studio\18\Community\Common7\IDE\CommonExtensions\Microsoft\CMake\CMake\share\cmake-4.3\Modules\Compiler\MSVC.cmake D$:\Microsoft$ Visual$ Studio\18\Community\Common7\IDE\CommonExtensions\Microsoft\CMake\CMake\share\cmake-4.3\Modules\Compiler\NVHPC-DetermineCompiler.cmake D$:\Microsoft$ Visual$ Studio\18\Community\Common7\IDE\CommonExtensions\Microsoft\CMake\CMake\share\cmake-4.3\Modules\Compiler\NVIDIA-DetermineCompiler.cmake D$:\Microsoft$ Visual$ Studio\18\Community\Common7\IDE\CommonExtensions\Microsoft\CMake\CMake\share\cmake-4.3\Modules\Compiler\OpenWatcom-DetermineCompiler.cmake D$:\Microsoft$ Visual$ Studio\18\Community\Common7\IDE\CommonExtensions\Microsoft\CMake\CMake\share\cmake-4.3\Modules\Compiler\OrangeC-DetermineCompiler.cmake D$:\Microsoft$ Visual$ Studio\18\Community\Common7\IDE\CommonExtensions\Microsoft\CMake\CMake\share\cmake-4.3\Modules\Compiler\PGI-DetermineCompiler.cmake D$:\Microsoft$ Visual$ Studio\18\Community\Common7\IDE\CommonExtensions\Microsoft\CMake\CMake\share\cmake-4.3\Modules\Compiler\PathScale-DetermineCompiler.cmake D$:\Microsoft$ Visual$ Studio\18\Community\Common7\IDE\CommonExtensions\Microsoft\CMake\CMake\share\cmake-4.3\Modules\Compiler\Renesas-DetermineCompiler.cmake D$:\Microsoft$ Visual$ Studio\18\Community\Common7\IDE\CommonExtensions\Microsoft\CMake\CMake\share\cmake-4.3\Modules\Compiler\SCO-DetermineCompiler.cmake D$:\Microsoft$ Visual$ Studio\18\Community\Common7\IDE\CommonExtensions\Microsoft\CMake\CMake\share\cmake-4.3\Modules\Compiler\SunPro-CXX-DetermineCompiler.cmake D$:\Microsoft$ Visual$ Studio\18\Community\Common7\IDE\CommonExtensions\Microsoft\CMake\CMake\share\cmake-4.3\Modules\Compiler\TI-DetermineCompiler.cmake D$:\Microsoft$ Visual$ Studio\18\Community\Common7\IDE\CommonExtensions\Microsoft\CMake\CMake\share\cmake-4.3\Modules\Compiler\TIClang-DetermineCompiler.cmake D$:\Microsoft$ Visual$ Studio\18\Community\Common7\IDE\CommonExtensions\Microsoft\CMake\CMake\share\cmake-4.3\Modules\Compiler\Tasking-DetermineCompiler.cmake D$:\Microsoft$ Visual$ Studio\18\Community\Common7\IDE\CommonExtensions\Microsoft\CMake\CMake\share\cmake-4.3\Modules\Compiler\VisualAge-CXX-DetermineCompiler.cmake D$:\Microsoft$ Visual$ Studio\18\Community\Common7\IDE\CommonExtensions\Microsoft\CMake\CMake\share\cmake-4.3\Modules\Compiler\Watcom-DetermineCompiler.cmake D$:\Microsoft$ Visual$ Studio\18\Community\Common7\IDE\CommonExtensions\Microsoft\CMake\CMake\share\cmake-4.3\Modules\Compiler\XL-CXX-DetermineCompiler.cmake D$:\Microsoft$ Visual$ Studio\18\Community\Common7\IDE\CommonExtensions\Microsoft\CMake\CMake\share\cmake-4.3\Modules\Compiler\XLClang-CXX-DetermineCompiler.cmake D$:\Microsoft$ Visual$ Studio\18\Community\Common7\IDE\CommonExtensions\Microsoft\CMake\CMake\share\cmake-4.3\Modules\Compiler\zOS-CXX-DetermineCompiler.cmake D$:\Microsoft$ Visual$ Studio\18\Community\Common7\IDE\CommonExtensions\Microsoft\CMake\CMake\share\cmake-4.3\Modules\FindPackageHandleStandardArgs.cmake D$:\Microsoft$ Visual$ Studio\18\Community\Common7\IDE\CommonExtensions\Microsoft\CMake\CMake\share\cmake-4.3\Modules\FindPackageMessage.cmake D$:\Microsoft$ Visual$ Studio\18\Community\Common7\IDE\CommonExtensions\Microsoft\CMake\CMake\share\cmake-4.3\Modules\FindThreads.cmake D$:\Microsoft$ Visual$ Studio\18\Community\Common7\IDE\CommonExtensions\Microsoft\CMake\CMake\share\cmake-4.3\Modules\FindVulkan.cmake D$:\Microsoft$ Visual$ Studio\18\Community\Common7\IDE\CommonExtensions\Microsoft\CMake\CMake\share\cmake-4.3\Modules\Internal\CMakeCXXLinkerInformation.cmake D$:\Microsoft$ Visual$ Studio\18\Community\Common7\IDE\CommonExtensions\Microsoft\CMake\CMake\share\cmake-4.3\Modules\Internal\CMakeCommonLinkerInformation.cmake D$:\Microsoft$ Visual$ Studio\18\Community\Common7\IDE\CommonExtensions\Microsoft\CMake\CMake\share\cmake-4.3\Modules\Internal\CMakeDetermineLinkerId.cmake D$:\Microsoft$ Visual$ Studio\18\Community\Common7\IDE\CommonExtensions\Microsoft\CMake\CMake\share\cmake-4.3\Modules\Internal\CMakeInspectCXXLinker.cmake D$:\Microsoft$ Visual$ Studio\18\Community\Common7\IDE\CommonExtensions\Microsoft\CMake\CMake\share\cmake-4.3\Modules\Internal\CheckSourceCompiles.cmake D$:\Microsoft$ Visual$ Studio\18\Community\Common7\IDE\CommonExtensions\Microsoft\CMake\CMake\share\cmake-4.3\Modules\Internal\FeatureTesting.cmake D$:\Microsoft$ Visual$ Studio\18\Community\Common7\IDE\CommonExtensions\Microsoft\CMake\CMake\share\cmake-4.3\Modules\Platform\Linker\GNU.cmake D$:\Microsoft$ Visual$ Studio\18\Community\Common7\IDE\CommonExtensions\Microsoft\CMake\CMake\share\cmake-4.3\Modules\Platform\Linker\Windows-CXX.cmake D$:\Microsoft$ Visual$ Studio\18\Community\Common7\IDE\CommonExtensions\Microsoft\CMake\CMake\share\cmake-4.3\Modules\Platform\Linker\Windows-GNU-CXX.cmake D$:\Microsoft$ Visual$ Studio\18\Community\Common7\IDE\CommonExtensions\Microsoft\CMake\CMake\share\cmake-4.3\Modules\Platform\Linker\Windows-GNU.cmake D$:\Microsoft$ Visual$ Studio\18\Community\Common7\IDE\CommonExtensions\Microsoft\CMake\CMake\share\cmake-4.3\Modules\Platform\Windows-Determine-CXX.cmake D$:\Microsoft$ Visual$ Studio\18\Community\Common7\IDE\CommonExtensions\Microsoft\CMake\CMake\share\cmake-4.3\Modules\Platform\Windows-Initialize.cmake D$:\Microsoft$ Visual$ Studio\18\Community\Common7\IDE\CommonExtensions\Microsoft\CMake\CMake\share\cmake-4.3\Modules\Platform\Windows-MSVC-CXX.cmake D$:\Microsoft$ Visual$ Studio\18\Community\Common7\IDE\CommonExtensions\Microsoft\CMake\CMake\share\cmake-4.3\Modules\Platform\Windows-MSVC.cmake D$:\Microsoft$ Visual$ Studio\18\Community\Common7\IDE\CommonExtensions\Microsoft\CMake\CMake\share\cmake-4.3\Modules\Platform\Windows.cmake D$:\Microsoft$ Visual$ Studio\18\Community\Common7\IDE\CommonExtensions\Microsoft\CMake\CMake\share\cmake-4.3\Modules\Platform\WindowsPaths.cmake D$:\Microsoft$ Visual$ Studio\18\Community\Common7\IDE\CommonExtensions\Microsoft\CMake\CMake\share\cmake-4.3\Modules\WriteBasicConfigVersionFile.cmake D$:\Microsoft$ Visual$ Studio\18\Community\VC\vcpkg\scripts\buildsystems\vcpkg.cmake D$:\Microsoft$ Visual$ Studio\18\Community\VC\vcpkg\scripts\toolchains\windows.cmake D$:\WaterSurfaceRendererScratch\vcpkg_installed\vcpkg\blds\imgui\src\v1.92.8-8e9c05eb59.clean\CMakeLists.txt D$:\WaterSurfaceRendererScratch\vcpkg_installed\vcpkg\blds\imgui\src\v1.92.8-8e9c05eb59.clean\imgui-config.cmake.in D$:\WaterSurfaceRendererScratch\vcpkg_installed\x64-windows\share\glfw3\glfw3Config.cmake D$:\WaterSurfaceRendererScratch\vcpkg_installed\x64-windows\share\glfw3\glfw3ConfigVersion.cmake D$:\WaterSurfaceRendererScratch\vcpkg_installed\x64-windows\share\glfw3\glfw3Targets-debug.cmake D$:\WaterSurfaceRendererScratch\vcpkg_installed\x64-windows\share\glfw3\glfw3Targets-release.cmake D$:\WaterSurfaceRendererScratch\vcpkg_installed\x64-windows\share\glfw3\glfw3Targets.cmake: phony


#############################################
# Clean all the built files.

build clean: CLEAN


#############################################
# Print all primary targets available.

build help: HELP


#############################################
# Make the all target the default.

default all
