[1/2] "D:/Microsoft Visual Studio/18/Community/Common7/IDE/CommonExtensions/Microsoft/CMake/CMake/bin/cmake.exe" -E chdir "../../x64-windows-dbg" "D:/Microsoft Visual Studio/18/Community/Common7/IDE/CommonExtensions/Microsoft/CMake/CMake/bin/cmake.exe" "D:/WaterSurfaceRendererScratch/vcpkg_installed/vcpkg/blds/vulkan-loader/src/-1.4.350.1-991c2641bc.clean" "-G" "Ninja" "-DCMAKE_BUILD_TYPE=Debug" "-DCMAKE_INSTALL_PREFIX=D:/WaterSurfaceRendererScratch/vcpkg_installed/vcpkg/pkgs/vulkan-loader_x64-windows/debug" "-DFETCHCONTENT_FULLY_DISCONNECTED=ON" "-DBUILD_TESTS:BOOL=OFF" "-DPython3_EXECUTABLE=C:/Users/xukeheng/AppData/Local/vcpkg/downloads/tools/python/python-3.14.2-x64-1/python.exe" "-DBUILD_WSI_XCB_SUPPORT=OFF" "-DBUILD_WSI_XLIB_SUPPORT=OFF" "-DBUILD_WSI_WAYLAND_SUPPORT=OFF" "-DBUILD_WSI_DIRECTFB_SUPPORT=OFF" "-DCMAKE_MAKE_PROGRAM=D:\Microsoft Visual Studio\18\Community\Common7\IDE\CommonExtensions\Microsoft\CMake\Ninja\ninja.exe" "-DBUILD_SHARED_LIBS=ON" "-DVCPKG_CHAINLOAD_TOOLCHAIN_FILE=D:/Microsoft Visual Studio/18/Community/VC/vcpkg/scripts/toolchains/windows.cmake" "-DVCPKG_TARGET_TRIPLET=x64-windows" "-DVCPKG_SET_CHARSET_FLAG=ON" "-DVCPKG_PLATFORM_TOOLSET=v145" "-DCMAKE_EXPORT_NO_PACKAGE_REGISTRY=ON" "-DCMAKE_FIND_PACKAGE_NO_PACKAGE_REGISTRY=ON" "-DCMAKE_FIND_PACKAGE_NO_SYSTEM_PACKAGE_REGISTRY=ON" "-DCMAKE_INSTALL_SYSTEM_RUNTIME_LIBS_SKIP=TRUE" "-DCMAKE_VERBOSE_MAKEFILE=ON" "-DVCPKG_APPLOCAL_DEPS=OFF" "-DCMAKE_TOOLCHAIN_FILE=D:/Microsoft Visual Studio/18/Community/VC/vcpkg/scripts/buildsystems/vcpkg.cmake" "-DCMAKE_ERROR_ON_ABSOLUTE_INSTALL_DESTINATION=ON" "-DVCPKG_CXX_FLAGS=" "-DVCPKG_CXX_FLAGS_RELEASE=" "-DVCPKG_CXX_FLAGS_DEBUG=" "-DVCPKG_C_FLAGS=" "-DVCPKG_C_FLAGS_RELEASE=" "-DVCPKG_C_FLAGS_DEBUG=" "-DVCPKG_CRT_LINKAGE=dynamic" "-DVCPKG_LINKER_FLAGS=" "-DVCPKG_LINKER_FLAGS_RELEASE=" "-DVCPKG_LINKER_FLAGS_DEBUG=" "-DVCPKG_TARGET_ARCHITECTURE=x64" "-DCMAKE_INSTALL_LIBDIR:STRING=lib" "-DCMAKE_INSTALL_BINDIR:STRING=bin" "-D_VCPKG_ROOT_DIR=D:/Microsoft Visual Studio/18/Community/VC/vcpkg" "-D_VCPKG_INSTALLED_DIR=D:/WaterSurfaceRendererScratch/vcpkg_installed" "-DVCPKG_MANIFEST_INSTALL=OFF"
-- The C compiler identification is MSVC 19.51.36248.0
-- Detecting C compiler ABI info
-- Detecting C compiler ABI info - done
-- Check for working C compiler: D:/Microsoft Visual Studio/18/Community/VC/Tools/MSVC/14.51.36231/bin/Hostx64/x64/cl.exe - skipped
-- Detecting C compile features
-- Detecting C compile features - done
-- Found Git: C:/Program Files/Git/cmd/git.exe (found version "2.54.0.windows.1")
-- The ASM_MASM compiler identification is MSVC
-- Found assembler: D:/Microsoft Visual Studio/18/Community/VC/Tools/MSVC/14.51.36231/bin/Hostx64/x64/ml64.exe
-- Found PkgConfig: C:/Users/xukeheng/AppData/Local/vcpkg/downloads/tools/msys2/3e71d1f8e22ab23f/mingw64/bin/pkg-config.exe (found version "2.5.1")
-- Configuring done (2.4s)
-- Generating done (0.1s)
CMake Warning:
  Manually-specified variables were not used by the project:

    BUILD_WSI_DIRECTFB_SUPPORT
    BUILD_WSI_WAYLAND_SUPPORT
    BUILD_WSI_XCB_SUPPORT
    BUILD_WSI_XLIB_SUPPORT
    FETCHCONTENT_FULLY_DISCONNECTED
    Python3_EXECUTABLE
    _VCPKG_ROOT_DIR


-- Build files have been written to: D:/WaterSurfaceRendererScratch/vcpkg_installed/vcpkg/blds/vulkan-loader/x64-windows-dbg
[2/2] "D:/Microsoft Visual Studio/18/Community/Common7/IDE/CommonExtensions/Microsoft/CMake/CMake/bin/cmake.exe" -E chdir ".." "D:/Microsoft Visual Studio/18/Community/Common7/IDE/CommonExtensions/Microsoft/CMake/CMake/bin/cmake.exe" "D:/WaterSurfaceRendererScratch/vcpkg_installed/vcpkg/blds/vulkan-loader/src/-1.4.350.1-991c2641bc.clean" "-G" "Ninja" "-DCMAKE_BUILD_TYPE=Release" "-DCMAKE_INSTALL_PREFIX=D:/WaterSurfaceRendererScratch/vcpkg_installed/vcpkg/pkgs/vulkan-loader_x64-windows" "-DFETCHCONTENT_FULLY_DISCONNECTED=ON" "-DBUILD_TESTS:BOOL=OFF" "-DPython3_EXECUTABLE=C:/Users/xukeheng/AppData/Local/vcpkg/downloads/tools/python/python-3.14.2-x64-1/python.exe" "-DBUILD_WSI_XCB_SUPPORT=OFF" "-DBUILD_WSI_XLIB_SUPPORT=OFF" "-DBUILD_WSI_WAYLAND_SUPPORT=OFF" "-DBUILD_WSI_DIRECTFB_SUPPORT=OFF" "-DCMAKE_MAKE_PROGRAM=D:\Microsoft Visual Studio\18\Community\Common7\IDE\CommonExtensions\Microsoft\CMake\Ninja\ninja.exe" "-DBUILD_SHARED_LIBS=ON" "-DVCPKG_CHAINLOAD_TOOLCHAIN_FILE=D:/Microsoft Visual Studio/18/Community/VC/vcpkg/scripts/toolchains/windows.cmake" "-DVCPKG_TARGET_TRIPLET=x64-windows" "-DVCPKG_SET_CHARSET_FLAG=ON" "-DVCPKG_PLATFORM_TOOLSET=v145" "-DCMAKE_EXPORT_NO_PACKAGE_REGISTRY=ON" "-DCMAKE_FIND_PACKAGE_NO_PACKAGE_REGISTRY=ON" "-DCMAKE_FIND_PACKAGE_NO_SYSTEM_PACKAGE_REGISTRY=ON" "-DCMAKE_INSTALL_SYSTEM_RUNTIME_LIBS_SKIP=TRUE" "-DCMAKE_VERBOSE_MAKEFILE=ON" "-DVCPKG_APPLOCAL_DEPS=OFF" "-DCMAKE_TOOLCHAIN_FILE=D:/Microsoft Visual Studio/18/Community/VC/vcpkg/scripts/buildsystems/vcpkg.cmake" "-DCMAKE_ERROR_ON_ABSOLUTE_INSTALL_DESTINATION=ON" "-DVCPKG_CXX_FLAGS=" "-DVCPKG_CXX_FLAGS_RELEASE=" "-DVCPKG_CXX_FLAGS_DEBUG=" "-DVCPKG_C_FLAGS=" "-DVCPKG_C_FLAGS_RELEASE=" "-DVCPKG_C_FLAGS_DEBUG=" "-DVCPKG_CRT_LINKAGE=dynamic" "-DVCPKG_LINKER_FLAGS=" "-DVCPKG_LINKER_FLAGS_RELEASE=" "-DVCPKG_LINKER_FLAGS_DEBUG=" "-DVCPKG_TARGET_ARCHITECTURE=x64" "-DCMAKE_INSTALL_LIBDIR:STRING=lib" "-DCMAKE_INSTALL_BINDIR:STRING=bin" "-D_VCPKG_ROOT_DIR=D:/Microsoft Visual Studio/18/Community/VC/vcpkg" "-D_VCPKG_INSTALLED_DIR=D:/WaterSurfaceRendererScratch/vcpkg_installed" "-DVCPKG_MANIFEST_INSTALL=OFF"
-- The C compiler identification is MSVC 19.51.36248.0
-- Detecting C compiler ABI info
-- Detecting C compiler ABI info - done
-- Check for working C compiler: D:/Microsoft Visual Studio/18/Community/VC/Tools/MSVC/14.51.36231/bin/Hostx64/x64/cl.exe - skipped
-- Detecting C compile features
-- Detecting C compile features - done
-- Found Git: C:/Program Files/Git/cmd/git.exe (found version "2.54.0.windows.1")
-- The ASM_MASM compiler identification is MSVC
-- Found assembler: D:/Microsoft Visual Studio/18/Community/VC/Tools/MSVC/14.51.36231/bin/Hostx64/x64/ml64.exe
-- Found PkgConfig: C:/Users/xukeheng/AppData/Local/vcpkg/downloads/tools/msys2/3e71d1f8e22ab23f/mingw64/bin/pkg-config.exe (found version "2.5.1")
-- Configuring done (2.4s)
-- Generating done (0.1s)
CMake Warning:
  Manually-specified variables were not used by the project:

    BUILD_WSI_DIRECTFB_SUPPORT
    BUILD_WSI_WAYLAND_SUPPORT
    BUILD_WSI_XCB_SUPPORT
    BUILD_WSI_XLIB_SUPPORT
    FETCHCONTENT_FULLY_DISCONNECTED
    Python3_EXECUTABLE
    _VCPKG_ROOT_DIR


-- Build files have been written to: D:/WaterSurfaceRendererScratch/vcpkg_installed/vcpkg/blds/vulkan-loader/x64-windows-rel
