# CMAKE generated file: DO NOT EDIT!
# Generated by "Ninja" Generator, CMake Version 4.3

# This file contains all the build statements describing the
# compilation DAG.

# =============================================================================
# Write statements declared in CMakeLists.txt:
# 
# Which is the root file.
# =============================================================================

# =============================================================================
# Project: GLFW
# Configurations: Release
# =============================================================================

#############################################
# Minimal version of Ninja required by this file

ninja_required_version = 1.5


#############################################
# Set configuration variable for custom commands.

CONFIGURATION = Release
# =============================================================================
# Include auxiliary files.


#############################################
# Include rules file.

include CMakeFiles\rules.ninja

# =============================================================================

#############################################
# Logical path to working directory; prefix for absolute paths.

cmake_ninja_workdir = D$:\WaterSurfaceRendererScratch\vcpkg_installed\vcpkg\blds\glfw3\x64-windows-rel\

#############################################
# Utility command for uninstall

build uninstall: phony CMakeFiles\uninstall


#############################################
# Utility command for edit_cache

build CMakeFiles\edit_cache.util: CUSTOM_COMMAND
  COMMAND = C:\windows\system32\cmd.exe /C "cd /D D:\WaterSurfaceRendererScratch\vcpkg_installed\vcpkg\blds\glfw3\x64-windows-rel && "D:\Microsoft Visual Studio\18\Community\Common7\IDE\CommonExtensions\Microsoft\CMake\CMake\bin\cmake.exe" -E echo "No interactive CMake dialog available.""
  DESC = No interactive CMake dialog available...
  restat = 1

build edit_cache: phony CMakeFiles\edit_cache.util


#############################################
# Utility command for rebuild_cache

build CMakeFiles\rebuild_cache.util: CUSTOM_COMMAND
  COMMAND = C:\windows\system32\cmd.exe /C "cd /D D:\WaterSurfaceRendererScratch\vcpkg_installed\vcpkg\blds\glfw3\x64-windows-rel && "D:\Microsoft Visual Studio\18\Community\Common7\IDE\CommonExtensions\Microsoft\CMake\CMake\bin\cmake.exe" --regenerate-during-build -SD:\WaterSurfaceRendererScratch\vcpkg_installed\vcpkg\blds\glfw3\src\3.4-2448ff4533.clean -BD:\WaterSurfaceRendererScratch\vcpkg_installed\vcpkg\blds\glfw3\x64-windows-rel"
  DESC = Running CMake to regenerate build system...
  pool = console
  restat = 1

build rebuild_cache: phony CMakeFiles\rebuild_cache.util


#############################################
# Utility command for list_install_components

build list_install_components: phony


#############################################
# Utility command for install

build CMakeFiles\install.util: CUSTOM_COMMAND all
  COMMAND = C:\windows\system32\cmd.exe /C "cd /D D:\WaterSurfaceRendererScratch\vcpkg_installed\vcpkg\blds\glfw3\x64-windows-rel && "D:\Microsoft Visual Studio\18\Community\Common7\IDE\CommonExtensions\Microsoft\CMake\CMake\bin\cmake.exe" -P cmake_install.cmake"
  DESC = Install the project...
  pool = console
  restat = 1

build install: phony CMakeFiles\install.util


#############################################
# Utility command for install/local

build CMakeFiles\install\local.util: CUSTOM_COMMAND all
  COMMAND = C:\windows\system32\cmd.exe /C "cd /D D:\WaterSurfaceRendererScratch\vcpkg_installed\vcpkg\blds\glfw3\x64-windows-rel && "D:\Microsoft Visual Studio\18\Community\Common7\IDE\CommonExtensions\Microsoft\CMake\CMake\bin\cmake.exe" -DCMAKE_INSTALL_LOCAL_ONLY=1 -P cmake_install.cmake"
  DESC = Installing only the local directory...
  pool = console
  restat = 1

build install\local: phony CMakeFiles\install\local.util


#############################################
# Custom command for CMakeFiles\uninstall

build CMakeFiles\uninstall | ${cmake_ninja_workdir}CMakeFiles\uninstall: CUSTOM_COMMAND
  COMMAND = C:\windows\system32\cmd.exe /C "cd /D D:\WaterSurfaceRendererScratch\vcpkg_installed\vcpkg\blds\glfw3\x64-windows-rel && "D:\Microsoft Visual Studio\18\Community\Common7\IDE\CommonExtensions\Microsoft\CMake\CMake\bin\cmake.exe" -P D:/WaterSurfaceRendererScratch/vcpkg_installed/vcpkg/blds/glfw3/x64-windows-rel/cmake_uninstall.cmake"

# =============================================================================
# Write statements declared in CMakeLists.txt:
# D:/WaterSurfaceRendererScratch/vcpkg_installed/vcpkg/blds/glfw3/src/3.4-2448ff4533.clean/CMakeLists.txt
# =============================================================================

# =============================================================================
# Object build statements for SHARED_LIBRARY target glfw


#############################################
# Order-only phony target for glfw

build cmake_object_order_depends_target_glfw: phony || .

build src\CMakeFiles\glfw.dir\context.c.obj: C_COMPILER__glfw_unscanned_Release D$:\WaterSurfaceRendererScratch\vcpkg_installed\vcpkg\blds\glfw3\src\3.4-2448ff4533.clean\src\context.c || cmake_object_order_depends_target_glfw
  CONFIG = Release
  DEFINES = -DUNICODE -D_CRT_SECURE_NO_WARNINGS -D_GLFW_BUILD_DLL -D_GLFW_WIN32 -D_UNICODE
  FLAGS = /nologo /DWIN32 /D_WINDOWS /utf-8 /MP  /MD /O2 /Oi /Gy /DNDEBUG /Z7  -MD /W3
  INCLUDES = -ID:\WaterSurfaceRendererScratch\vcpkg_installed\vcpkg\blds\glfw3\src\3.4-2448ff4533.clean\include -ID:\WaterSurfaceRendererScratch\vcpkg_installed\vcpkg\blds\glfw3\src\3.4-2448ff4533.clean\src -ID:\WaterSurfaceRendererScratch\vcpkg_installed\vcpkg\blds\glfw3\x64-windows-rel\src
  OBJECT_DIR = src\CMakeFiles\glfw.dir
  OBJECT_FILE_DIR = src\CMakeFiles\glfw.dir
  TARGET_COMPILE_PDB = src\CMakeFiles\glfw.dir\
  TARGET_PDB = src\glfw3.pdb
  TARGET_SUPPORT_DIR = src\CMakeFiles\glfw.dir

build src\CMakeFiles\glfw.dir\init.c.obj: C_COMPILER__glfw_unscanned_Release D$:\WaterSurfaceRendererScratch\vcpkg_installed\vcpkg\blds\glfw3\src\3.4-2448ff4533.clean\src\init.c || cmake_object_order_depends_target_glfw
  CONFIG = Release
  DEFINES = -DUNICODE -D_CRT_SECURE_NO_WARNINGS -D_GLFW_BUILD_DLL -D_GLFW_WIN32 -D_UNICODE
  FLAGS = /nologo /DWIN32 /D_WINDOWS /utf-8 /MP  /MD /O2 /Oi /Gy /DNDEBUG /Z7  -MD /W3
  INCLUDES = -ID:\WaterSurfaceRendererScratch\vcpkg_installed\vcpkg\blds\glfw3\src\3.4-2448ff4533.clean\include -ID:\WaterSurfaceRendererScratch\vcpkg_installed\vcpkg\blds\glfw3\src\3.4-2448ff4533.clean\src -ID:\WaterSurfaceRendererScratch\vcpkg_installed\vcpkg\blds\glfw3\x64-windows-rel\src
  OBJECT_DIR = src\CMakeFiles\glfw.dir
  OBJECT_FILE_DIR = src\CMakeFiles\glfw.dir
  TARGET_COMPILE_PDB = src\CMakeFiles\glfw.dir\
  TARGET_PDB = src\glfw3.pdb
  TARGET_SUPPORT_DIR = src\CMakeFiles\glfw.dir

build src\CMakeFiles\glfw.dir\input.c.obj: C_COMPILER__glfw_unscanned_Release D$:\WaterSurfaceRendererScratch\vcpkg_installed\vcpkg\blds\glfw3\src\3.4-2448ff4533.clean\src\input.c || cmake_object_order_depends_target_glfw
  CONFIG = Release
  DEFINES = -DUNICODE -D_CRT_SECURE_NO_WARNINGS -D_GLFW_BUILD_DLL -D_GLFW_WIN32 -D_UNICODE
  FLAGS = /nologo /DWIN32 /D_WINDOWS /utf-8 /MP  /MD /O2 /Oi /Gy /DNDEBUG /Z7  -MD /W3
  INCLUDES = -ID:\WaterSurfaceRendererScratch\vcpkg_installed\vcpkg\blds\glfw3\src\3.4-2448ff4533.clean\include -ID:\WaterSurfaceRendererScratch\vcpkg_installed\vcpkg\blds\glfw3\src\3.4-2448ff4533.clean\src -ID:\WaterSurfaceRendererScratch\vcpkg_installed\vcpkg\blds\glfw3\x64-windows-rel\src
  OBJECT_DIR = src\CMakeFiles\glfw.dir
  OBJECT_FILE_DIR = src\CMakeFiles\glfw.dir
  TARGET_COMPILE_PDB = src\CMakeFiles\glfw.dir\
  TARGET_PDB = src\glfw3.pdb
  TARGET_SUPPORT_DIR = src\CMakeFiles\glfw.dir

build src\CMakeFiles\glfw.dir\monitor.c.obj: C_COMPILER__glfw_unscanned_Release D$:\WaterSurfaceRendererScratch\vcpkg_installed\vcpkg\blds\glfw3\src\3.4-2448ff4533.clean\src\monitor.c || cmake_object_order_depends_target_glfw
  CONFIG = Release
  DEFINES = -DUNICODE -D_CRT_SECURE_NO_WARNINGS -D_GLFW_BUILD_DLL -D_GLFW_WIN32 -D_UNICODE
  FLAGS = /nologo /DWIN32 /D_WINDOWS /utf-8 /MP  /MD /O2 /Oi /Gy /DNDEBUG /Z7  -MD /W3
  INCLUDES = -ID:\WaterSurfaceRendererScratch\vcpkg_installed\vcpkg\blds\glfw3\src\3.4-2448ff4533.clean\include -ID:\WaterSurfaceRendererScratch\vcpkg_installed\vcpkg\blds\glfw3\src\3.4-2448ff4533.clean\src -ID:\WaterSurfaceRendererScratch\vcpkg_installed\vcpkg\blds\glfw3\x64-windows-rel\src
  OBJECT_DIR = src\CMakeFiles\glfw.dir
  OBJECT_FILE_DIR = src\CMakeFiles\glfw.dir
  TARGET_COMPILE_PDB = src\CMakeFiles\glfw.dir\
  TARGET_PDB = src\glfw3.pdb
  TARGET_SUPPORT_DIR = src\CMakeFiles\glfw.dir

build src\CMakeFiles\glfw.dir\platform.c.obj: C_COMPILER__glfw_unscanned_Release D$:\WaterSurfaceRendererScratch\vcpkg_installed\vcpkg\blds\glfw3\src\3.4-2448ff4533.clean\src\platform.c || cmake_object_order_depends_target_glfw
  CONFIG = Release
  DEFINES = -DUNICODE -D_CRT_SECURE_NO_WARNINGS -D_GLFW_BUILD_DLL -D_GLFW_WIN32 -D_UNICODE
  FLAGS = /nologo /DWIN32 /D_WINDOWS /utf-8 /MP  /MD /O2 /Oi /Gy /DNDEBUG /Z7  -MD /W3
  INCLUDES = -ID:\WaterSurfaceRendererScratch\vcpkg_installed\vcpkg\blds\glfw3\src\3.4-2448ff4533.clean\include -ID:\WaterSurfaceRendererScratch\vcpkg_installed\vcpkg\blds\glfw3\src\3.4-2448ff4533.clean\src -ID:\WaterSurfaceRendererScratch\vcpkg_installed\vcpkg\blds\glfw3\x64-windows-rel\src
  OBJECT_DIR = src\CMakeFiles\glfw.dir
  OBJECT_FILE_DIR = src\CMakeFiles\glfw.dir
  TARGET_COMPILE_PDB = src\CMakeFiles\glfw.dir\
  TARGET_PDB = src\glfw3.pdb
  TARGET_SUPPORT_DIR = src\CMakeFiles\glfw.dir

build src\CMakeFiles\glfw.dir\vulkan.c.obj: C_COMPILER__glfw_unscanned_Release D$:\WaterSurfaceRendererScratch\vcpkg_installed\vcpkg\blds\glfw3\src\3.4-2448ff4533.clean\src\vulkan.c || cmake_object_order_depends_target_glfw
  CONFIG = Release
  DEFINES = -DUNICODE -D_CRT_SECURE_NO_WARNINGS -D_GLFW_BUILD_DLL -D_GLFW_WIN32 -D_UNICODE
  FLAGS = /nologo /DWIN32 /D_WINDOWS /utf-8 /MP  /MD /O2 /Oi /Gy /DNDEBUG /Z7  -MD /W3
  INCLUDES = -ID:\WaterSurfaceRendererScratch\vcpkg_installed\vcpkg\blds\glfw3\src\3.4-2448ff4533.clean\include -ID:\WaterSurfaceRendererScratch\vcpkg_installed\vcpkg\blds\glfw3\src\3.4-2448ff4533.clean\src -ID:\WaterSurfaceRendererScratch\vcpkg_installed\vcpkg\blds\glfw3\x64-windows-rel\src
  OBJECT_DIR = src\CMakeFiles\glfw.dir
  OBJECT_FILE_DIR = src\CMakeFiles\glfw.dir
  TARGET_COMPILE_PDB = src\CMakeFiles\glfw.dir\
  TARGET_PDB = src\glfw3.pdb
  TARGET_SUPPORT_DIR = src\CMakeFiles\glfw.dir

build src\CMakeFiles\glfw.dir\window.c.obj: C_COMPILER__glfw_unscanned_Release D$:\WaterSurfaceRendererScratch\vcpkg_installed\vcpkg\blds\glfw3\src\3.4-2448ff4533.clean\src\window.c || cmake_object_order_depends_target_glfw
  CONFIG = Release
  DEFINES = -DUNICODE -D_CRT_SECURE_NO_WARNINGS -D_GLFW_BUILD_DLL -D_GLFW_WIN32 -D_UNICODE
  FLAGS = /nologo /DWIN32 /D_WINDOWS /utf-8 /MP  /MD /O2 /Oi /Gy /DNDEBUG /Z7  -MD /W3
  INCLUDES = -ID:\WaterSurfaceRendererScratch\vcpkg_installed\vcpkg\blds\glfw3\src\3.4-2448ff4533.clean\include -ID:\WaterSurfaceRendererScratch\vcpkg_installed\vcpkg\blds\glfw3\src\3.4-2448ff4533.clean\src -ID:\WaterSurfaceRendererScratch\vcpkg_installed\vcpkg\blds\glfw3\x64-windows-rel\src
  OBJECT_DIR = src\CMakeFiles\glfw.dir
  OBJECT_FILE_DIR = src\CMakeFiles\glfw.dir
  TARGET_COMPILE_PDB = src\CMakeFiles\glfw.dir\
  TARGET_PDB = src\glfw3.pdb
  TARGET_SUPPORT_DIR = src\CMakeFiles\glfw.dir

build src\CMakeFiles\glfw.dir\egl_context.c.obj: C_COMPILER__glfw_unscanned_Release D$:\WaterSurfaceRendererScratch\vcpkg_installed\vcpkg\blds\glfw3\src\3.4-2448ff4533.clean\src\egl_context.c || cmake_object_order_depends_target_glfw
  CONFIG = Release
  DEFINES = -DUNICODE -D_CRT_SECURE_NO_WARNINGS -D_GLFW_BUILD_DLL -D_GLFW_WIN32 -D_UNICODE
  FLAGS = /nologo /DWIN32 /D_WINDOWS /utf-8 /MP  /MD /O2 /Oi /Gy /DNDEBUG /Z7  -MD /W3
  INCLUDES = -ID:\WaterSurfaceRendererScratch\vcpkg_installed\vcpkg\blds\glfw3\src\3.4-2448ff4533.clean\include -ID:\WaterSurfaceRendererScratch\vcpkg_installed\vcpkg\blds\glfw3\src\3.4-2448ff4533.clean\src -ID:\WaterSurfaceRendererScratch\vcpkg_installed\vcpkg\blds\glfw3\x64-windows-rel\src
  OBJECT_DIR = src\CMakeFiles\glfw.dir
  OBJECT_FILE_DIR = src\CMakeFiles\glfw.dir
  TARGET_COMPILE_PDB = src\CMakeFiles\glfw.dir\
  TARGET_PDB = src\glfw3.pdb
  TARGET_SUPPORT_DIR = src\CMakeFiles\glfw.dir

build src\CMakeFiles\glfw.dir\osmesa_context.c.obj: C_COMPILER__glfw_unscanned_Release D$:\WaterSurfaceRendererScratch\vcpkg_installed\vcpkg\blds\glfw3\src\3.4-2448ff4533.clean\src\osmesa_context.c || cmake_object_order_depends_target_glfw
  CONFIG = Release
  DEFINES = -DUNICODE -D_CRT_SECURE_NO_WARNINGS -D_GLFW_BUILD_DLL -D_GLFW_WIN32 -D_UNICODE
  FLAGS = /nologo /DWIN32 /D_WINDOWS /utf-8 /MP  /MD /O2 /Oi /Gy /DNDEBUG /Z7  -MD /W3
  INCLUDES = -ID:\WaterSurfaceRendererScratch\vcpkg_installed\vcpkg\blds\glfw3\src\3.4-2448ff4533.clean\include -ID:\WaterSurfaceRendererScratch\vcpkg_installed\vcpkg\blds\glfw3\src\3.4-2448ff4533.clean\src -ID:\WaterSurfaceRendererScratch\vcpkg_installed\vcpkg\blds\glfw3\x64-windows-rel\src
  OBJECT_DIR = src\CMakeFiles\glfw.dir
  OBJECT_FILE_DIR = src\CMakeFiles\glfw.dir
  TARGET_COMPILE_PDB = src\CMakeFiles\glfw.dir\
  TARGET_PDB = src\glfw3.pdb
  TARGET_SUPPORT_DIR = src\CMakeFiles\glfw.dir

build src\CMakeFiles\glfw.dir\null_init.c.obj: C_COMPILER__glfw_unscanned_Release D$:\WaterSurfaceRendererScratch\vcpkg_installed\vcpkg\blds\glfw3\src\3.4-2448ff4533.clean\src\null_init.c || cmake_object_order_depends_target_glfw
  CONFIG = Release
  DEFINES = -DUNICODE -D_CRT_SECURE_NO_WARNINGS -D_GLFW_BUILD_DLL -D_GLFW_WIN32 -D_UNICODE
  FLAGS = /nologo /DWIN32 /D_WINDOWS /utf-8 /MP  /MD /O2 /Oi /Gy /DNDEBUG /Z7  -MD /W3
  INCLUDES = -ID:\WaterSurfaceRendererScratch\vcpkg_installed\vcpkg\blds\glfw3\src\3.4-2448ff4533.clean\include -ID:\WaterSurfaceRendererScratch\vcpkg_installed\vcpkg\blds\glfw3\src\3.4-2448ff4533.clean\src -ID:\WaterSurfaceRendererScratch\vcpkg_installed\vcpkg\blds\glfw3\x64-windows-rel\src
  OBJECT_DIR = src\CMakeFiles\glfw.dir
  OBJECT_FILE_DIR = src\CMakeFiles\glfw.dir
  TARGET_COMPILE_PDB = src\CMakeFiles\glfw.dir\
  TARGET_PDB = src\glfw3.pdb
  TARGET_SUPPORT_DIR = src\CMakeFiles\glfw.dir

build src\CMakeFiles\glfw.dir\null_monitor.c.obj: C_COMPILER__glfw_unscanned_Release D$:\WaterSurfaceRendererScratch\vcpkg_installed\vcpkg\blds\glfw3\src\3.4-2448ff4533.clean\src\null_monitor.c || cmake_object_order_depends_target_glfw
  CONFIG = Release
  DEFINES = -DUNICODE -D_CRT_SECURE_NO_WARNINGS -D_GLFW_BUILD_DLL -D_GLFW_WIN32 -D_UNICODE
  FLAGS = /nologo /DWIN32 /D_WINDOWS /utf-8 /MP  /MD /O2 /Oi /Gy /DNDEBUG /Z7  -MD /W3
  INCLUDES = -ID:\WaterSurfaceRendererScratch\vcpkg_installed\vcpkg\blds\glfw3\src\3.4-2448ff4533.clean\include -ID:\WaterSurfaceRendererScratch\vcpkg_installed\vcpkg\blds\glfw3\src\3.4-2448ff4533.clean\src -ID:\WaterSurfaceRendererScratch\vcpkg_installed\vcpkg\blds\glfw3\x64-windows-rel\src
  OBJECT_DIR = src\CMakeFiles\glfw.dir
  OBJECT_FILE_DIR = src\CMakeFiles\glfw.dir
  TARGET_COMPILE_PDB = src\CMakeFiles\glfw.dir\
  TARGET_PDB = src\glfw3.pdb
  TARGET_SUPPORT_DIR = src\CMakeFiles\glfw.dir

build src\CMakeFiles\glfw.dir\null_window.c.obj: C_COMPILER__glfw_unscanned_Release D$:\WaterSurfaceRendererScratch\vcpkg_installed\vcpkg\blds\glfw3\src\3.4-2448ff4533.clean\src\null_window.c || cmake_object_order_depends_target_glfw
  CONFIG = Release
  DEFINES = -DUNICODE -D_CRT_SECURE_NO_WARNINGS -D_GLFW_BUILD_DLL -D_GLFW_WIN32 -D_UNICODE
  FLAGS = /nologo /DWIN32 /D_WINDOWS /utf-8 /MP  /MD /O2 /Oi /Gy /DNDEBUG /Z7  -MD /W3
  INCLUDES = -ID:\WaterSurfaceRendererScratch\vcpkg_installed\vcpkg\blds\glfw3\src\3.4-2448ff4533.clean\include -ID:\WaterSurfaceRendererScratch\vcpkg_installed\vcpkg\blds\glfw3\src\3.4-2448ff4533.clean\src -ID:\WaterSurfaceRendererScratch\vcpkg_installed\vcpkg\blds\glfw3\x64-windows-rel\src
  OBJECT_DIR = src\CMakeFiles\glfw.dir
  OBJECT_FILE_DIR = src\CMakeFiles\glfw.dir
  TARGET_COMPILE_PDB = src\CMakeFiles\glfw.dir\
  TARGET_PDB = src\glfw3.pdb
  TARGET_SUPPORT_DIR = src\CMakeFiles\glfw.dir

build src\CMakeFiles\glfw.dir\null_joystick.c.obj: C_COMPILER__glfw_unscanned_Release D$:\WaterSurfaceRendererScratch\vcpkg_installed\vcpkg\blds\glfw3\src\3.4-2448ff4533.clean\src\null_joystick.c || cmake_object_order_depends_target_glfw
  CONFIG = Release
  DEFINES = -DUNICODE -D_CRT_SECURE_NO_WARNINGS -D_GLFW_BUILD_DLL -D_GLFW_WIN32 -D_UNICODE
  FLAGS = /nologo /DWIN32 /D_WINDOWS /utf-8 /MP  /MD /O2 /Oi /Gy /DNDEBUG /Z7  -MD /W3
  INCLUDES = -ID:\WaterSurfaceRendererScratch\vcpkg_installed\vcpkg\blds\glfw3\src\3.4-2448ff4533.clean\include -ID:\WaterSurfaceRendererScratch\vcpkg_installed\vcpkg\blds\glfw3\src\3.4-2448ff4533.clean\src -ID:\WaterSurfaceRendererScratch\vcpkg_installed\vcpkg\blds\glfw3\x64-windows-rel\src
  OBJECT_DIR = src\CMakeFiles\glfw.dir
  OBJECT_FILE_DIR = src\CMakeFiles\glfw.dir
  TARGET_COMPILE_PDB = src\CMakeFiles\glfw.dir\
  TARGET_PDB = src\glfw3.pdb
  TARGET_SUPPORT_DIR = src\CMakeFiles\glfw.dir

build src\CMakeFiles\glfw.dir\win32_module.c.obj: C_COMPILER__glfw_unscanned_Release D$:\WaterSurfaceRendererScratch\vcpkg_installed\vcpkg\blds\glfw3\src\3.4-2448ff4533.clean\src\win32_module.c || cmake_object_order_depends_target_glfw
  CONFIG = Release
  DEFINES = -DUNICODE -D_CRT_SECURE_NO_WARNINGS -D_GLFW_BUILD_DLL -D_GLFW_WIN32 -D_UNICODE
  FLAGS = /nologo /DWIN32 /D_WINDOWS /utf-8 /MP  /MD /O2 /Oi /Gy /DNDEBUG /Z7  -MD /W3
  INCLUDES = -ID:\WaterSurfaceRendererScratch\vcpkg_installed\vcpkg\blds\glfw3\src\3.4-2448ff4533.clean\include -ID:\WaterSurfaceRendererScratch\vcpkg_installed\vcpkg\blds\glfw3\src\3.4-2448ff4533.clean\src -ID:\WaterSurfaceRendererScratch\vcpkg_installed\vcpkg\blds\glfw3\x64-windows-rel\src
  OBJECT_DIR = src\CMakeFiles\glfw.dir
  OBJECT_FILE_DIR = src\CMakeFiles\glfw.dir
  TARGET_COMPILE_PDB = src\CMakeFiles\glfw.dir\
  TARGET_PDB = src\glfw3.pdb
  TARGET_SUPPORT_DIR = src\CMakeFiles\glfw.dir

build src\CMakeFiles\glfw.dir\win32_time.c.obj: C_COMPILER__glfw_unscanned_Release D$:\WaterSurfaceRendererScratch\vcpkg_installed\vcpkg\blds\glfw3\src\3.4-2448ff4533.clean\src\win32_time.c || cmake_object_order_depends_target_glfw
  CONFIG = Release
  DEFINES = -DUNICODE -D_CRT_SECURE_NO_WARNINGS -D_GLFW_BUILD_DLL -D_GLFW_WIN32 -D_UNICODE
  FLAGS = /nologo /DWIN32 /D_WINDOWS /utf-8 /MP  /MD /O2 /Oi /Gy /DNDEBUG /Z7  -MD /W3
  INCLUDES = -ID:\WaterSurfaceRendererScratch\vcpkg_installed\vcpkg\blds\glfw3\src\3.4-2448ff4533.clean\include -ID:\WaterSurfaceRendererScratch\vcpkg_installed\vcpkg\blds\glfw3\src\3.4-2448ff4533.clean\src -ID:\WaterSurfaceRendererScratch\vcpkg_installed\vcpkg\blds\glfw3\x64-windows-rel\src
  OBJECT_DIR = src\CMakeFiles\glfw.dir
  OBJECT_FILE_DIR = src\CMakeFiles\glfw.dir
  TARGET_COMPILE_PDB = src\CMakeFiles\glfw.dir\
  TARGET_PDB = src\glfw3.pdb
  TARGET_SUPPORT_DIR = src\CMakeFiles\glfw.dir

build src\CMakeFiles\glfw.dir\win32_thread.c.obj: C_COMPILER__glfw_unscanned_Release D$:\WaterSurfaceRendererScratch\vcpkg_installed\vcpkg\blds\glfw3\src\3.4-2448ff4533.clean\src\win32_thread.c || cmake_object_order_depends_target_glfw
  CONFIG = Release
  DEFINES = -DUNICODE -D_CRT_SECURE_NO_WARNINGS -D_GLFW_BUILD_DLL -D_GLFW_WIN32 -D_UNICODE
  FLAGS = /nologo /DWIN32 /D_WINDOWS /utf-8 /MP  /MD /O2 /Oi /Gy /DNDEBUG /Z7  -MD /W3
  INCLUDES = -ID:\WaterSurfaceRendererScratch\vcpkg_installed\vcpkg\blds\glfw3\src\3.4-2448ff4533.clean\include -ID:\WaterSurfaceRendererScratch\vcpkg_installed\vcpkg\blds\glfw3\src\3.4-2448ff4533.clean\src -ID:\WaterSurfaceRendererScratch\vcpkg_installed\vcpkg\blds\glfw3\x64-windows-rel\src
  OBJECT_DIR = src\CMakeFiles\glfw.dir
  OBJECT_FILE_DIR = src\CMakeFiles\glfw.dir
  TARGET_COMPILE_PDB = src\CMakeFiles\glfw.dir\
  TARGET_PDB = src\glfw3.pdb
  TARGET_SUPPORT_DIR = src\CMakeFiles\glfw.dir

build src\CMakeFiles\glfw.dir\win32_init.c.obj: C_COMPILER__glfw_unscanned_Release D$:\WaterSurfaceRendererScratch\vcpkg_installed\vcpkg\blds\glfw3\src\3.4-2448ff4533.clean\src\win32_init.c || cmake_object_order_depends_target_glfw
  CONFIG = Release
  DEFINES = -DUNICODE -D_CRT_SECURE_NO_WARNINGS -D_GLFW_BUILD_DLL -D_GLFW_WIN32 -D_UNICODE
  FLAGS = /nologo /DWIN32 /D_WINDOWS /utf-8 /MP  /MD /O2 /Oi /Gy /DNDEBUG /Z7  -MD /W3
  INCLUDES = -ID:\WaterSurfaceRendererScratch\vcpkg_installed\vcpkg\blds\glfw3\src\3.4-2448ff4533.clean\include -ID:\WaterSurfaceRendererScratch\vcpkg_installed\vcpkg\blds\glfw3\src\3.4-2448ff4533.clean\src -ID:\WaterSurfaceRendererScratch\vcpkg_installed\vcpkg\blds\glfw3\x64-windows-rel\src
  OBJECT_DIR = src\CMakeFiles\glfw.dir
  OBJECT_FILE_DIR = src\CMakeFiles\glfw.dir
  TARGET_COMPILE_PDB = src\CMakeFiles\glfw.dir\
  TARGET_PDB = src\glfw3.pdb
  TARGET_SUPPORT_DIR = src\CMakeFiles\glfw.dir

build src\CMakeFiles\glfw.dir\win32_joystick.c.obj: C_COMPILER__glfw_unscanned_Release D$:\WaterSurfaceRendererScratch\vcpkg_installed\vcpkg\blds\glfw3\src\3.4-2448ff4533.clean\src\win32_joystick.c || cmake_object_order_depends_target_glfw
  CONFIG = Release
  DEFINES = -DUNICODE -D_CRT_SECURE_NO_WARNINGS -D_GLFW_BUILD_DLL -D_GLFW_WIN32 -D_UNICODE
  FLAGS = /nologo /DWIN32 /D_WINDOWS /utf-8 /MP  /MD /O2 /Oi /Gy /DNDEBUG /Z7  -MD /W3
  INCLUDES = -ID:\WaterSurfaceRendererScratch\vcpkg_installed\vcpkg\blds\glfw3\src\3.4-2448ff4533.clean\include -ID:\WaterSurfaceRendererScratch\vcpkg_installed\vcpkg\blds\glfw3\src\3.4-2448ff4533.clean\src -ID:\WaterSurfaceRendererScratch\vcpkg_installed\vcpkg\blds\glfw3\x64-windows-rel\src
  OBJECT_DIR = src\CMakeFiles\glfw.dir
  OBJECT_FILE_DIR = src\CMakeFiles\glfw.dir
  TARGET_COMPILE_PDB = src\CMakeFiles\glfw.dir\
  TARGET_PDB = src\glfw3.pdb
  TARGET_SUPPORT_DIR = src\CMakeFiles\glfw.dir

build src\CMakeFiles\glfw.dir\win32_monitor.c.obj: C_COMPILER__glfw_unscanned_Release D$:\WaterSurfaceRendererScratch\vcpkg_installed\vcpkg\blds\glfw3\src\3.4-2448ff4533.clean\src\win32_monitor.c || cmake_object_order_depends_target_glfw
  CONFIG = Release
  DEFINES = -DUNICODE -D_CRT_SECURE_NO_WARNINGS -D_GLFW_BUILD_DLL -D_GLFW_WIN32 -D_UNICODE
  FLAGS = /nologo /DWIN32 /D_WINDOWS /utf-8 /MP  /MD /O2 /Oi /Gy /DNDEBUG /Z7  -MD /W3
  INCLUDES = -ID:\WaterSurfaceRendererScratch\vcpkg_installed\vcpkg\blds\glfw3\src\3.4-2448ff4533.clean\include -ID:\WaterSurfaceRendererScratch\vcpkg_installed\vcpkg\blds\glfw3\src\3.4-2448ff4533.clean\src -ID:\WaterSurfaceRendererScratch\vcpkg_installed\vcpkg\blds\glfw3\x64-windows-rel\src
  OBJECT_DIR = src\CMakeFiles\glfw.dir
  OBJECT_FILE_DIR = src\CMakeFiles\glfw.dir
  TARGET_COMPILE_PDB = src\CMakeFiles\glfw.dir\
  TARGET_PDB = src\glfw3.pdb
  TARGET_SUPPORT_DIR = src\CMakeFiles\glfw.dir

build src\CMakeFiles\glfw.dir\win32_window.c.obj: C_COMPILER__glfw_unscanned_Release D$:\WaterSurfaceRendererScratch\vcpkg_installed\vcpkg\blds\glfw3\src\3.4-2448ff4533.clean\src\win32_window.c || cmake_object_order_depends_target_glfw
  CONFIG = Release
  DEFINES = -DUNICODE -D_CRT_SECURE_NO_WARNINGS -D_GLFW_BUILD_DLL -D_GLFW_WIN32 -D_UNICODE
  FLAGS = /nologo /DWIN32 /D_WINDOWS /utf-8 /MP  /MD /O2 /Oi /Gy /DNDEBUG /Z7  -MD /W3
  INCLUDES = -ID:\WaterSurfaceRendererScratch\vcpkg_installed\vcpkg\blds\glfw3\src\3.4-2448ff4533.clean\include -ID:\WaterSurfaceRendererScratch\vcpkg_installed\vcpkg\blds\glfw3\src\3.4-2448ff4533.clean\src -ID:\WaterSurfaceRendererScratch\vcpkg_installed\vcpkg\blds\glfw3\x64-windows-rel\src
  OBJECT_DIR = src\CMakeFiles\glfw.dir
  OBJECT_FILE_DIR = src\CMakeFiles\glfw.dir
  TARGET_COMPILE_PDB = src\CMakeFiles\glfw.dir\
  TARGET_PDB = src\glfw3.pdb
  TARGET_SUPPORT_DIR = src\CMakeFiles\glfw.dir

build src\CMakeFiles\glfw.dir\wgl_context.c.obj: C_COMPILER__glfw_unscanned_Release D$:\WaterSurfaceRendererScratch\vcpkg_installed\vcpkg\blds\glfw3\src\3.4-2448ff4533.clean\src\wgl_context.c || cmake_object_order_depends_target_glfw
  CONFIG = Release
  DEFINES = -DUNICODE -D_CRT_SECURE_NO_WARNINGS -D_GLFW_BUILD_DLL -D_GLFW_WIN32 -D_UNICODE
  FLAGS = /nologo /DWIN32 /D_WINDOWS /utf-8 /MP  /MD /O2 /Oi /Gy /DNDEBUG /Z7  -MD /W3
  INCLUDES = -ID:\WaterSurfaceRendererScratch\vcpkg_installed\vcpkg\blds\glfw3\src\3.4-2448ff4533.clean\include -ID:\WaterSurfaceRendererScratch\vcpkg_installed\vcpkg\blds\glfw3\src\3.4-2448ff4533.clean\src -ID:\WaterSurfaceRendererScratch\vcpkg_installed\vcpkg\blds\glfw3\x64-windows-rel\src
  OBJECT_DIR = src\CMakeFiles\glfw.dir
  OBJECT_FILE_DIR = src\CMakeFiles\glfw.dir
  TARGET_COMPILE_PDB = src\CMakeFiles\glfw.dir\
  TARGET_PDB = src\glfw3.pdb
  TARGET_SUPPORT_DIR = src\CMakeFiles\glfw.dir

build src\CMakeFiles\glfw.dir\glfw.rc.res: RC_COMPILER__glfw_unscanned_Release D$:\WaterSurfaceRendererScratch\vcpkg_installed\vcpkg\blds\glfw3\x64-windows-rel\src\glfw.rc || cmake_object_order_depends_target_glfw
  CONFIG = Release
  DEFINES = -DUNICODE -D_CRT_SECURE_NO_WARNINGS -D_GLFW_BUILD_DLL -D_GLFW_WIN32 -D_UNICODE
  DEP_FILE = src\CMakeFiles\glfw.dir\glfw.rc.res.d
  FLAGS = -c65001 /DWIN32
  INCLUDES = -I D:\WaterSurfaceRendererScratch\vcpkg_installed\vcpkg\blds\glfw3\src\3.4-2448ff4533.clean\include -I D:\WaterSurfaceRendererScratch\vcpkg_installed\vcpkg\blds\glfw3\src\3.4-2448ff4533.clean\src -I D:\WaterSurfaceRendererScratch\vcpkg_installed\vcpkg\blds\glfw3\x64-windows-rel\src
  OBJECT_DIR = src\CMakeFiles\glfw.dir
  OBJECT_FILE_DIR = src\CMakeFiles\glfw.dir
  TARGET_COMPILE_PDB = src\CMakeFiles\glfw.dir\
  TARGET_PDB = src\glfw3.pdb
  TARGET_SUPPORT_DIR = src\CMakeFiles\glfw.dir


# =============================================================================
# Link build statements for SHARED_LIBRARY target glfw


#############################################
# Link the shared library src\glfw3.dll

build src\glfw3.dll src\glfw3dll.lib: C_SHARED_LIBRARY_LINKER__glfw_Release src\CMakeFiles\glfw.dir\context.c.obj src\CMakeFiles\glfw.dir\init.c.obj src\CMakeFiles\glfw.dir\input.c.obj src\CMakeFiles\glfw.dir\monitor.c.obj src\CMakeFiles\glfw.dir\platform.c.obj src\CMakeFiles\glfw.dir\vulkan.c.obj src\CMakeFiles\glfw.dir\window.c.obj src\CMakeFiles\glfw.dir\egl_context.c.obj src\CMakeFiles\glfw.dir\osmesa_context.c.obj src\CMakeFiles\glfw.dir\null_init.c.obj src\CMakeFiles\glfw.dir\null_monitor.c.obj src\CMakeFiles\glfw.dir\null_window.c.obj src\CMakeFiles\glfw.dir\null_joystick.c.obj src\CMakeFiles\glfw.dir\win32_module.c.obj src\CMakeFiles\glfw.dir\win32_time.c.obj src\CMakeFiles\glfw.dir\win32_thread.c.obj src\CMakeFiles\glfw.dir\win32_init.c.obj src\CMakeFiles\glfw.dir\win32_joystick.c.obj src\CMakeFiles\glfw.dir\win32_monitor.c.obj src\CMakeFiles\glfw.dir\win32_window.c.obj src\CMakeFiles\glfw.dir\wgl_context.c.obj src\CMakeFiles\glfw.dir\glfw.rc.res
  CONFIG = Release
  LANGUAGE_COMPILE_FLAGS = /nologo /DWIN32 /D_WINDOWS /utf-8 /MP  /MD /O2 /Oi /Gy /DNDEBUG /Z7  -MD
  LINK_FLAGS = /machine:x64 /nologo /DEBUG /INCREMENTAL:NO /OPT:REF /OPT:ICF
  LINK_LIBRARIES = kernel32.lib user32.lib gdi32.lib winspool.lib shell32.lib ole32.lib oleaut32.lib uuid.lib comdlg32.lib advapi32.lib
  OBJECT_DIR = src\CMakeFiles\glfw.dir
  POST_BUILD = cd .
  PRE_LINK = cd .
  RESTAT = 1
  TARGET_COMPILE_PDB = src\CMakeFiles\glfw.dir\
  TARGET_FILE = src\glfw3.dll
  TARGET_IMPLIB = src\glfw3dll.lib
  TARGET_PDB = src\glfw3.pdb
  TARGET_SUPPORT_DIR = src\CMakeFiles\glfw.dir


#############################################
# Utility command for update_mappings

build src\update_mappings: phony src\CMakeFiles\update_mappings


#############################################
# Utility command for edit_cache

build src\CMakeFiles\edit_cache.util: CUSTOM_COMMAND
  COMMAND = C:\windows\system32\cmd.exe /C "cd /D D:\WaterSurfaceRendererScratch\vcpkg_installed\vcpkg\blds\glfw3\x64-windows-rel\src && "D:\Microsoft Visual Studio\18\Community\Common7\IDE\CommonExtensions\Microsoft\CMake\CMake\bin\cmake.exe" -E echo "No interactive CMake dialog available.""
  DESC = No interactive CMake dialog available...
  restat = 1

build src\edit_cache: phony src\CMakeFiles\edit_cache.util


#############################################
# Utility command for rebuild_cache

build src\CMakeFiles\rebuild_cache.util: CUSTOM_COMMAND
  COMMAND = C:\windows\system32\cmd.exe /C "cd /D D:\WaterSurfaceRendererScratch\vcpkg_installed\vcpkg\blds\glfw3\x64-windows-rel\src && "D:\Microsoft Visual Studio\18\Community\Common7\IDE\CommonExtensions\Microsoft\CMake\CMake\bin\cmake.exe" --regenerate-during-build -SD:\WaterSurfaceRendererScratch\vcpkg_installed\vcpkg\blds\glfw3\src\3.4-2448ff4533.clean -BD:\WaterSurfaceRendererScratch\vcpkg_installed\vcpkg\blds\glfw3\x64-windows-rel"
  DESC = Running CMake to regenerate build system...
  pool = console
  restat = 1

build src\rebuild_cache: phony src\CMakeFiles\rebuild_cache.util


#############################################
# Utility command for list_install_components

build src\list_install_components: phony


#############################################
# Utility command for install

build src\CMakeFiles\install.util: CUSTOM_COMMAND src\all
  COMMAND = C:\windows\system32\cmd.exe /C "cd /D D:\WaterSurfaceRendererScratch\vcpkg_installed\vcpkg\blds\glfw3\x64-windows-rel\src && "D:\Microsoft Visual Studio\18\Community\Common7\IDE\CommonExtensions\Microsoft\CMake\CMake\bin\cmake.exe" -P cmake_install.cmake"
  DESC = Install the project...
  pool = console
  restat = 1

build src\install: phony src\CMakeFiles\install.util


#############################################
# Utility command for install/local

build src\CMakeFiles\install\local.util: CUSTOM_COMMAND src\all
  COMMAND = C:\windows\system32\cmd.exe /C "cd /D D:\WaterSurfaceRendererScratch\vcpkg_installed\vcpkg\blds\glfw3\x64-windows-rel\src && "D:\Microsoft Visual Studio\18\Community\Common7\IDE\CommonExtensions\Microsoft\CMake\CMake\bin\cmake.exe" -DCMAKE_INSTALL_LOCAL_ONLY=1 -P cmake_install.cmake"
  DESC = Installing only the local directory...
  pool = console
  restat = 1

build src\install\local: phony src\CMakeFiles\install\local.util


#############################################
# Custom command for src\CMakeFiles\update_mappings

build src\CMakeFiles\update_mappings | ${cmake_ninja_workdir}src\CMakeFiles\update_mappings: CUSTOM_COMMAND
  COMMAND = C:\windows\system32\cmd.exe /C "cd /D D:\WaterSurfaceRendererScratch\vcpkg_installed\vcpkg\blds\glfw3\src\3.4-2448ff4533.clean\src && "D:\Microsoft Visual Studio\18\Community\Common7\IDE\CommonExtensions\Microsoft\CMake\CMake\bin\cmake.exe" -P D:/WaterSurfaceRendererScratch/vcpkg_installed/vcpkg/blds/glfw3/src/3.4-2448ff4533.clean/CMake/GenerateMappings.cmake mappings.h.in mappings.h"
  DESC = Updating gamepad mappings from upstream repository

# =============================================================================
# Target aliases.

build glfw: phony src\glfw3.dll

build glfw3.dll: phony src\glfw3.dll

build update_mappings: phony src\update_mappings

# =============================================================================
# Folder targets.

# =============================================================================

#############################################
# Folder: D:/WaterSurfaceRendererScratch/vcpkg_installed/vcpkg/blds/glfw3/x64-windows-rel

build all: phony src\all

# =============================================================================

#############################################
# Folder: D:/WaterSurfaceRendererScratch/vcpkg_installed/vcpkg/blds/glfw3/x64-windows-rel/src

build src\all: phony src\glfw3.dll

# =============================================================================
# Built-in targets


#############################################
# Re-run CMake if any of its inputs changed.

build build.ninja D$:\WaterSurfaceRendererScratch\vcpkg_installed\vcpkg\blds\glfw3\x64-windows-rel\cmake_install.cmake D$:\WaterSurfaceRendererScratch\vcpkg_installed\vcpkg\blds\glfw3\x64-windows-rel\src\cmake_install.cmake: RERUN_CMAKE | CMakeCache.txt CMakeFiles\4.3.1-msvc1\CMakeCCompiler.cmake CMakeFiles\4.3.1-msvc1\CMakeRCCompiler.cmake CMakeFiles\4.3.1-msvc1\CMakeSystem.cmake D$:\Microsoft$ Visual$ Studio\18\Community\Common7\IDE\CommonExtensions\Microsoft\CMake\CMake\share\cmake-4.3\Modules\BasicConfigVersion-SameMajorVersion.cmake.in D$:\Microsoft$ Visual$ Studio\18\Community\Common7\IDE\CommonExtensions\Microsoft\CMake\CMake\share\cmake-4.3\Modules\CMakeCCompiler.cmake.in D$:\Microsoft$ Visual$ Studio\18\Community\Common7\IDE\CommonExtensions\Microsoft\CMake\CMake\share\cmake-4.3\Modules\CMakeCCompilerABI.c D$:\Microsoft$ Visual$ Studio\18\Community\Common7\IDE\CommonExtensions\Microsoft\CMake\CMake\share\cmake-4.3\Modules\CMakeCInformation.cmake D$:\Microsoft$ Visual$ Studio\18\Community\Common7\IDE\CommonExtensions\Microsoft\CMake\CMake\share\cmake-4.3\Modules\CMakeCommonLanguageInclude.cmake D$:\Microsoft$ Visual$ Studio\18\Community\Common7\IDE\CommonExtensions\Microsoft\CMake\CMake\share\cmake-4.3\Modules\CMakeCompilerIdDetection.cmake D$:\Microsoft$ Visual$ Studio\18\Community\Common7\IDE\CommonExtensions\Microsoft\CMake\CMake\share\cmake-4.3\Modules\CMakeDependentOption.cmake D$:\Microsoft$ Visual$ Studio\18\Community\Common7\IDE\CommonExtensions\Microsoft\CMake\CMake\share\cmake-4.3\Modules\CMakeDetermineCCompiler.cmake D$:\Microsoft$ Visual$ Studio\18\Community\Common7\IDE\CommonExtensions\Microsoft\CMake\CMake\share\cmake-4.3\Modules\CMakeDetermineCompiler.cmake D$:\Microsoft$ Visual$ Studio\18\Community\Common7\IDE\CommonExtensions\Microsoft\CMake\CMake\share\cmake-4.3\Modules\CMakeDetermineCompilerABI.cmake D$:\Microsoft$ Visual$ Studio\18\Community\Common7\IDE\CommonExtensions\Microsoft\CMake\CMake\share\cmake-4.3\Modules\CMakeDetermineCompilerId.cmake D$:\Microsoft$ Visual$ Studio\18\Community\Common7\IDE\CommonExtensions\Microsoft\CMake\CMake\share\cmake-4.3\Modules\CMakeDetermineCompilerSupport.cmake D$:\Microsoft$ Visual$ Studio\18\Community\Common7\IDE\CommonExtensions\Microsoft\CMake\CMake\share\cmake-4.3\Modules\CMakeDetermineRCCompiler.cmake D$:\Microsoft$ Visual$ Studio\18\Community\Common7\IDE\CommonExtensions\Microsoft\CMake\CMake\share\cmake-4.3\Modules\CMakeDetermineSystem.cmake D$:\Microsoft$ Visual$ Studio\18\Community\Common7\IDE\CommonExtensions\Microsoft\CMake\CMake\share\cmake-4.3\Modules\CMakeFindBinUtils.cmake D$:\Microsoft$ Visual$ Studio\18\Community\Common7\IDE\CommonExtensions\Microsoft\CMake\CMake\share\cmake-4.3\Modules\CMakeGenericSystem.cmake D$:\Microsoft$ Visual$ Studio\18\Community\Common7\IDE\CommonExtensions\Microsoft\CMake\CMake\share\cmake-4.3\Modules\CMakeInitializeConfigs.cmake D$:\Microsoft$ Visual$ Studio\18\Community\Common7\IDE\CommonExtensions\Microsoft\CMake\CMake\share\cmake-4.3\Modules\CMakeLanguageInformation.cmake D$:\Microsoft$ Visual$ Studio\18\Community\Common7\IDE\CommonExtensions\Microsoft\CMake\CMake\share\cmake-4.3\Modules\CMakePackageConfigHelpers.cmake D$:\Microsoft$ Visual$ Studio\18\Community\Common7\IDE\CommonExtensions\Microsoft\CMake\CMake\share\cmake-4.3\Modules\CMakeParseImplicitIncludeInfo.cmake D$:\Microsoft$ Visual$ Studio\18\Community\Common7\IDE\CommonExtensions\Microsoft\CMake\CMake\share\cmake-4.3\Modules\CMakeParseImplicitLinkInfo.cmake D$:\Microsoft$ Visual$ Studio\18\Community\Common7\IDE\CommonExtensions\Microsoft\CMake\CMake\share\cmake-4.3\Modules\CMakeParseLibraryArchitecture.cmake D$:\Microsoft$ Visual$ Studio\18\Community\Common7\IDE\CommonExtensions\Microsoft\CMake\CMake\share\cmake-4.3\Modules\CMakeRCCompiler.cmake.in D$:\Microsoft$ Visual$ Studio\18\Community\Common7\IDE\CommonExtensions\Microsoft\CMake\CMake\share\cmake-4.3\Modules\CMakeRCInformation.cmake D$:\Microsoft$ Visual$ Studio\18\Community\Common7\IDE\CommonExtensions\Microsoft\CMake\CMake\share\cmake-4.3\Modules\CMakeSystem.cmake.in D$:\Microsoft$ Visual$ Studio\18\Community\Common7\IDE\CommonExtensions\Microsoft\CMake\CMake\share\cmake-4.3\Modules\CMakeSystemSpecificInformation.cmake D$:\Microsoft$ Visual$ Studio\18\Community\Common7\IDE\CommonExtensions\Microsoft\CMake\CMake\share\cmake-4.3\Modules\CMakeSystemSpecificInitialize.cmake D$:\Microsoft$ Visual$ Studio\18\Community\Common7\IDE\CommonExtensions\Microsoft\CMake\CMake\share\cmake-4.3\Modules\CMakeTestCCompiler.cmake D$:\Microsoft$ Visual$ Studio\18\Community\Common7\IDE\CommonExtensions\Microsoft\CMake\CMake\share\cmake-4.3\Modules\CMakeTestCompilerCommon.cmake D$:\Microsoft$ Visual$ Studio\18\Community\Common7\IDE\CommonExtensions\Microsoft\CMake\CMake\share\cmake-4.3\Modules\CMakeTestRCCompiler.cmake D$:\Microsoft$ Visual$ Studio\18\Community\Common7\IDE\CommonExtensions\Microsoft\CMake\CMake\share\cmake-4.3\Modules\CheckCSourceCompiles.cmake D$:\Microsoft$ Visual$ Studio\18\Community\Common7\IDE\CommonExtensions\Microsoft\CMake\CMake\share\cmake-4.3\Modules\CheckIncludeFile.cmake D$:\Microsoft$ Visual$ Studio\18\Community\Common7\IDE\CommonExtensions\Microsoft\CMake\CMake\share\cmake-4.3\Modules\CheckLibraryExists.cmake D$:\Microsoft$ Visual$ Studio\18\Community\Common7\IDE\CommonExtensions\Microsoft\CMake\CMake\share\cmake-4.3\Modules\Compiler\ADSP-DetermineCompiler.cmake D$:\Microsoft$ Visual$ Studio\18\Community\Common7\IDE\CommonExtensions\Microsoft\CMake\CMake\share\cmake-4.3\Modules\Compiler\ARMCC-DetermineCompiler.cmake D$:\Microsoft$ Visual$ Studio\18\Community\Common7\IDE\CommonExtensions\Microsoft\CMake\CMake\share\cmake-4.3\Modules\Compiler\ARMClang-DetermineCompiler.cmake D$:\Microsoft$ Visual$ Studio\18\Community\Common7\IDE\CommonExtensions\Microsoft\CMake\CMake\share\cmake-4.3\Modules\Compiler\AppleClang-DetermineCompiler.cmake D$:\Microsoft$ Visual$ Studio\18\Community\Common7\IDE\CommonExtensions\Microsoft\CMake\CMake\share\cmake-4.3\Modules\Compiler\Borland-DetermineCompiler.cmake D$:\Microsoft$ Visual$ Studio\18\Community\Common7\IDE\CommonExtensions\Microsoft\CMake\CMake\share\cmake-4.3\Modules\Compiler\Bruce-C-DetermineCompiler.cmake D$:\Microsoft$ Visual$ Studio\18\Community\Common7\IDE\CommonExtensions\Microsoft\CMake\CMake\share\cmake-4.3\Modules\Compiler\CMakeCommonCompilerMacros.cmake D$:\Microsoft$ Visual$ Studio\18\Community\Common7\IDE\CommonExtensions\Microsoft\CMake\CMake\share\cmake-4.3\Modules\Compiler\Clang-DetermineCompiler.cmake D$:\Microsoft$ Visual$ Studio\18\Community\Common7\IDE\CommonExtensions\Microsoft\CMake\CMake\share\cmake-4.3\Modules\Compiler\Clang-DetermineCompilerInternal.cmake D$:\Microsoft$ Visual$ Studio\18\Community\Common7\IDE\CommonExtensions\Microsoft\CMake\CMake\share\cmake-4.3\Modules\Compiler\Compaq-C-DetermineCompiler.cmake D$:\Microsoft$ Visual$ Studio\18\Community\Common7\IDE\CommonExtensions\Microsoft\CMake\CMake\share\cmake-4.3\Modules\Compiler\Cray-DetermineCompiler.cmake D$:\Microsoft$ Visual$ Studio\18\Community\Common7\IDE\CommonExtensions\Microsoft\CMake\CMake\share\cmake-4.3\Modules\Compiler\CrayClang-DetermineCompiler.cmake D$:\Microsoft$ Visual$ Studio\18\Community\Common7\IDE\CommonExtensions\Microsoft\CMake\CMake\share\cmake-4.3\Modules\Compiler\Diab-DetermineCompiler.cmake D$:\Microsoft$ Visual$ Studio\18\Community\Common7\IDE\CommonExtensions\Microsoft\CMake\CMake\share\cmake-4.3\Modules\Compiler\Embarcadero-DetermineCompiler.cmake D$:\Microsoft$ Visual$ Studio\18\Community\Common7\IDE\CommonExtensions\Microsoft\CMake\CMake\share\cmake-4.3\Modules\Compiler\Fujitsu-DetermineCompiler.cmake D$:\Microsoft$ Visual$ Studio\18\Community\Common7\IDE\CommonExtensions\Microsoft\CMake\CMake\share\cmake-4.3\Modules\Compiler\FujitsuClang-DetermineCompiler.cmake D$:\Microsoft$ Visual$ Studio\18\Community\Common7\IDE\CommonExtensions\Microsoft\CMake\CMake\share\cmake-4.3\Modules\Compiler\GHS-DetermineCompiler.cmake D$:\Microsoft$ Visual$ Studio\18\Community\Common7\IDE\CommonExtensions\Microsoft\CMake\CMake\share\cmake-4.3\Modules\Compiler\GNU-C-DetermineCompiler.cmake D$:\Microsoft$ Visual$ Studio\18\Community\Common7\IDE\CommonExtensions\Microsoft\CMake\CMake\share\cmake-4.3\Modules\Compiler\HP-C-DetermineCompiler.cmake D$:\Microsoft$ Visual$ Studio\18\Community\Common7\IDE\CommonExtensions\Microsoft\CMake\CMake\share\cmake-4.3\Modules\Compiler\IAR-DetermineCompiler.cmake D$:\Microsoft$ Visual$ Studio\18\Community\Common7\IDE\CommonExtensions\Microsoft\CMake\CMake\share\cmake-4.3\Modules\Compiler\IBMCPP-C-DetermineVersionInternal.cmake D$:\Microsoft$ Visual$ Studio\18\Community\Common7\IDE\CommonExtensions\Microsoft\CMake\CMake\share\cmake-4.3\Modules\Compiler\IBMClang-C-DetermineCompiler.cmake D$:\Microsoft$ Visual$ Studio\18\Community\Common7\IDE\CommonExtensions\Microsoft\CMake\CMake\share\cmake-4.3\Modules\Compiler\Intel-DetermineCompiler.cmake D$:\Microsoft$ Visual$ Studio\18\Community\Common7\IDE\CommonExtensions\Microsoft\CMake\CMake\share\cmake-4.3\Modules\Compiler\IntelLLVM-DetermineCompiler.cmake D$:\Microsoft$ Visual$ Studio\18\Community\Common7\IDE\CommonExtensions\Microsoft\CMake\CMake\share\cmake-4.3\Modules\Compiler\LCC-C-DetermineCompiler.cmake D$:\Microsoft$ Visual$ Studio\18\Community\Common7\IDE\CommonExtensions\Microsoft\CMake\CMake\share\cmake-4.3\Modules\Compiler\MSVC-C.cmake D$:\Microsoft$ Visual$ Studio\18\Community\Common7\IDE\CommonExtensions\Microsoft\CMake\CMake\share\cmake-4.3\Modules\Compiler\MSVC-DetermineCompiler.cmake D$:\Microsoft$ Visual$ Studio\18\Community\Common7\IDE\CommonExtensions\Microsoft\CMake\CMake\share\cmake-4.3\Modules\Compiler\MSVC.cmake D$:\Microsoft$ Visual$ Studio\18\Community\Common7\IDE\CommonExtensions\Microsoft\CMake\CMake\share\cmake-4.3\Modules\Compiler\NVHPC-DetermineCompiler.cmake D$:\Microsoft$ Visual$ Studio\18\Community\Common7\IDE\CommonExtensions\Microsoft\CMake\CMake\share\cmake-4.3\Modules\Compiler\NVIDIA-DetermineCompiler.cmake D$:\Microsoft$ Visual$ Studio\18\Community\Common7\IDE\CommonExtensions\Microsoft\CMake\CMake\share\cmake-4.3\Modules\Compiler\OpenWatcom-DetermineCompiler.cmake D$:\Microsoft$ Visual$ Studio\18\Community\Common7\IDE\CommonExtensions\Microsoft\CMake\CMake\share\cmake-4.3\Modules\Compiler\OrangeC-DetermineCompiler.cmake D$:\Microsoft$ Visual$ Studio\18\Community\Common7\IDE\CommonExtensions\Microsoft\CMake\CMake\share\cmake-4.3\Modules\Compiler\PGI-DetermineCompiler.cmake D$:\Microsoft$ Visual$ Studio\18\Community\Common7\IDE\CommonExtensions\Microsoft\CMake\CMake\share\cmake-4.3\Modules\Compiler\PathScale-DetermineCompiler.cmake D$:\Microsoft$ Visual$ Studio\18\Community\Common7\IDE\CommonExtensions\Microsoft\CMake\CMake\share\cmake-4.3\Modules\Compiler\Renesas-DetermineCompiler.cmake D$:\Microsoft$ Visual$ Studio\18\Community\Common7\IDE\CommonExtensions\Microsoft\CMake\CMake\share\cmake-4.3\Modules\Compiler\SCO-DetermineCompiler.cmake D$:\Microsoft$ Visual$ Studio\18\Community\Common7\IDE\CommonExtensions\Microsoft\CMake\CMake\share\cmake-4.3\Modules\Compiler\SDCC-C-DetermineCompiler.cmake D$:\Microsoft$ Visual$ Studio\18\Community\Common7\IDE\CommonExtensions\Microsoft\CMake\CMake\share\cmake-4.3\Modules\Compiler\SunPro-C-DetermineCompiler.cmake D$:\Microsoft$ Visual$ Studio\18\Community\Common7\IDE\CommonExtensions\Microsoft\CMake\CMake\share\cmake-4.3\Modules\Compiler\TI-DetermineCompiler.cmake D$:\Microsoft$ Visual$ Studio\18\Community\Common7\IDE\CommonExtensions\Microsoft\CMake\CMake\share\cmake-4.3\Modules\Compiler\TIClang-DetermineCompiler.cmake D$:\Microsoft$ Visual$ Studio\18\Community\Common7\IDE\CommonExtensions\Microsoft\CMake\CMake\share\cmake-4.3\Modules\Compiler\Tasking-DetermineCompiler.cmake D$:\Microsoft$ Visual$ Studio\18\Community\Common7\IDE\CommonExtensions\Microsoft\CMake\CMake\share\cmake-4.3\Modules\Compiler\TinyCC-C-DetermineCompiler.cmake D$:\Microsoft$ Visual$ Studio\18\Community\Common7\IDE\CommonExtensions\Microsoft\CMake\CMake\share\cmake-4.3\Modules\Compiler\VisualAge-C-DetermineCompiler.cmake D$:\Microsoft$ Visual$ Studio\18\Community\Common7\IDE\CommonExtensions\Microsoft\CMake\CMake\share\cmake-4.3\Modules\Compiler\Watcom-DetermineCompiler.cmake D$:\Microsoft$ Visual$ Studio\18\Community\Common7\IDE\CommonExtensions\Microsoft\CMake\CMake\share\cmake-4.3\Modules\Compiler\XL-C-DetermineCompiler.cmake D$:\Microsoft$ Visual$ Studio\18\Community\Common7\IDE\CommonExtensions\Microsoft\CMake\CMake\share\cmake-4.3\Modules\Compiler\XLClang-C-DetermineCompiler.cmake D$:\Microsoft$ Visual$ Studio\18\Community\Common7\IDE\CommonExtensions\Microsoft\CMake\CMake\share\cmake-4.3\Modules\Compiler\zOS-C-DetermineCompiler.cmake D$:\Microsoft$ Visual$ Studio\18\Community\Common7\IDE\CommonExtensions\Microsoft\CMake\CMake\share\cmake-4.3\Modules\FindPackageHandleStandardArgs.cmake D$:\Microsoft$ Visual$ Studio\18\Community\Common7\IDE\CommonExtensions\Microsoft\CMake\CMake\share\cmake-4.3\Modules\FindPackageMessage.cmake D$:\Microsoft$ Visual$ Studio\18\Community\Common7\IDE\CommonExtensions\Microsoft\CMake\CMake\share\cmake-4.3\Modules\FindThreads.cmake D$:\Microsoft$ Visual$ Studio\18\Community\Common7\IDE\CommonExtensions\Microsoft\CMake\CMake\share\cmake-4.3\Modules\GNUInstallDirs.cmake D$:\Microsoft$ Visual$ Studio\18\Community\Common7\IDE\CommonExtensions\Microsoft\CMake\CMake\share\cmake-4.3\Modules\Internal\CMakeCLinkerInformation.cmake D$:\Microsoft$ Visual$ Studio\18\Community\Common7\IDE\CommonExtensions\Microsoft\CMake\CMake\share\cmake-4.3\Modules\Internal\CMakeCommonLinkerInformation.cmake D$:\Microsoft$ Visual$ Studio\18\Community\Common7\IDE\CommonExtensions\Microsoft\CMake\CMake\share\cmake-4.3\Modules\Internal\CMakeDetermineLinkerId.cmake D$:\Microsoft$ Visual$ Studio\18\Community\Common7\IDE\CommonExtensions\Microsoft\CMake\CMake\share\cmake-4.3\Modules\Internal\CMakeInspectCLinker.cmake D$:\Microsoft$ Visual$ Studio\18\Community\Common7\IDE\CommonExtensions\Microsoft\CMake\CMake\share\cmake-4.3\Modules\Internal\CheckSourceCompiles.cmake D$:\Microsoft$ Visual$ Studio\18\Community\Common7\IDE\CommonExtensions\Microsoft\CMake\CMake\share\cmake-4.3\Modules\Internal\FeatureTesting.cmake D$:\Microsoft$ Visual$ Studio\18\Community\Common7\IDE\CommonExtensions\Microsoft\CMake\CMake\share\cmake-4.3\Modules\Platform\Linker\GNU.cmake D$:\Microsoft$ Visual$ Studio\18\Community\Common7\IDE\CommonExtensions\Microsoft\CMake\CMake\share\cmake-4.3\Modules\Platform\Linker\Windows-C.cmake D$:\Microsoft$ Visual$ Studio\18\Community\Common7\IDE\CommonExtensions\Microsoft\CMake\CMake\share\cmake-4.3\Modules\Platform\Linker\Windows-GNU-C.cmake D$:\Microsoft$ Visual$ Studio\18\Community\Common7\IDE\CommonExtensions\Microsoft\CMake\CMake\share\cmake-4.3\Modules\Platform\Linker\Windows-GNU.cmake D$:\Microsoft$ Visual$ Studio\18\Community\Common7\IDE\CommonExtensions\Microsoft\CMake\CMake\share\cmake-4.3\Modules\Platform\Windows-Initialize.cmake D$:\Microsoft$ Visual$ Studio\18\Community\Common7\IDE\CommonExtensions\Microsoft\CMake\CMake\share\cmake-4.3\Modules\Platform\Windows-MSVC-C.cmake D$:\Microsoft$ Visual$ Studio\18\Community\Common7\IDE\CommonExtensions\Microsoft\CMake\CMake\share\cmake-4.3\Modules\Platform\Windows-MSVC.cmake D$:\Microsoft$ Visual$ Studio\18\Community\Common7\IDE\CommonExtensions\Microsoft\CMake\CMake\share\cmake-4.3\Modules\Platform\Windows.cmake D$:\Microsoft$ Visual$ Studio\18\Community\Common7\IDE\CommonExtensions\Microsoft\CMake\CMake\share\cmake-4.3\Modules\Platform\WindowsPaths.cmake D$:\Microsoft$ Visual$ Studio\18\Community\Common7\IDE\CommonExtensions\Microsoft\CMake\CMake\share\cmake-4.3\Modules\WriteBasicConfigVersionFile.cmake D$:\Microsoft$ Visual$ Studio\18\Community\VC\vcpkg\scripts\buildsystems\vcpkg.cmake D$:\Microsoft$ Visual$ Studio\18\Community\VC\vcpkg\scripts\toolchains\windows.cmake D$:\WaterSurfaceRendererScratch\vcpkg_installed\vcpkg\blds\glfw3\src\3.4-2448ff4533.clean\CMakeLists.txt D$:\WaterSurfaceRendererScratch\vcpkg_installed\vcpkg\blds\glfw3\src\3.4-2448ff4533.clean\CMake\cmake_uninstall.cmake.in D$:\WaterSurfaceRendererScratch\vcpkg_installed\vcpkg\blds\glfw3\src\3.4-2448ff4533.clean\CMake\glfw3.pc.in D$:\WaterSurfaceRendererScratch\vcpkg_installed\vcpkg\blds\glfw3\src\3.4-2448ff4533.clean\CMake\glfw3Config.cmake.in D$:\WaterSurfaceRendererScratch\vcpkg_installed\vcpkg\blds\glfw3\src\3.4-2448ff4533.clean\src\CMakeLists.txt D$:\WaterSurfaceRendererScratch\vcpkg_installed\vcpkg\blds\glfw3\src\3.4-2448ff4533.clean\src\glfw.rc.in
  pool = console


#############################################
# A missing CMake input file is not an error.

build CMakeCache.txt CMakeFiles\4.3.1-msvc1\CMakeCCompiler.cmake CMakeFiles\4.3.1-msvc1\CMakeRCCompiler.cmake CMakeFiles\4.3.1-msvc1\CMakeSystem.cmake D$:\Microsoft$ Visual$ Studio\18\Community\Common7\IDE\CommonExtensions\Microsoft\CMake\CMake\share\cmake-4.3\Modules\BasicConfigVersion-SameMajorVersion.cmake.in D$:\Microsoft$ Visual$ Studio\18\Community\Common7\IDE\CommonExtensions\Microsoft\CMake\CMake\share\cmake-4.3\Modules\CMakeCCompiler.cmake.in D$:\Microsoft$ Visual$ Studio\18\Community\Common7\IDE\CommonExtensions\Microsoft\CMake\CMake\share\cmake-4.3\Modules\CMakeCCompilerABI.c D$:\Microsoft$ Visual$ Studio\18\Community\Common7\IDE\CommonExtensions\Microsoft\CMake\CMake\share\cmake-4.3\Modules\CMakeCInformation.cmake D$:\Microsoft$ Visual$ Studio\18\Community\Common7\IDE\CommonExtensions\Microsoft\CMake\CMake\share\cmake-4.3\Modules\CMakeCommonLanguageInclude.cmake D$:\Microsoft$ Visual$ Studio\18\Community\Common7\IDE\CommonExtensions\Microsoft\CMake\CMake\share\cmake-4.3\Modules\CMakeCompilerIdDetection.cmake D$:\Microsoft$ Visual$ Studio\18\Community\Common7\IDE\CommonExtensions\Microsoft\CMake\CMake\share\cmake-4.3\Modules\CMakeDependentOption.cmake D$:\Microsoft$ Visual$ Studio\18\Community\Common7\IDE\CommonExtensions\Microsoft\CMake\CMake\share\cmake-4.3\Modules\CMakeDetermineCCompiler.cmake D$:\Microsoft$ Visual$ Studio\18\Community\Common7\IDE\CommonExtensions\Microsoft\CMake\CMake\share\cmake-4.3\Modules\CMakeDetermineCompiler.cmake D$:\Microsoft$ Visual$ Studio\18\Community\Common7\IDE\CommonExtensions\Microsoft\CMake\CMake\share\cmake-4.3\Modules\CMakeDetermineCompilerABI.cmake D$:\Microsoft$ Visual$ Studio\18\Community\Common7\IDE\CommonExtensions\Microsoft\CMake\CMake\share\cmake-4.3\Modules\CMakeDetermineCompilerId.cmake D$:\Microsoft$ Visual$ Studio\18\Community\Common7\IDE\CommonExtensions\Microsoft\CMake\CMake\share\cmake-4.3\Modules\CMakeDetermineCompilerSupport.cmake D$:\Microsoft$ Visual$ Studio\18\Community\Common7\IDE\CommonExtensions\Microsoft\CMake\CMake\share\cmake-4.3\Modules\CMakeDetermineRCCompiler.cmake D$:\Microsoft$ Visual$ Studio\18\Community\Common7\IDE\CommonExtensions\Microsoft\CMake\CMake\share\cmake-4.3\Modules\CMakeDetermineSystem.cmake D$:\Microsoft$ Visual$ Studio\18\Community\Common7\IDE\CommonExtensions\Microsoft\CMake\CMake\share\cmake-4.3\Modules\CMakeFindBinUtils.cmake D$:\Microsoft$ Visual$ Studio\18\Community\Common7\IDE\CommonExtensions\Microsoft\CMake\CMake\share\cmake-4.3\Modules\CMakeGenericSystem.cmake D$:\Microsoft$ Visual$ Studio\18\Community\Common7\IDE\CommonExtensions\Microsoft\CMake\CMake\share\cmake-4.3\Modules\CMakeInitializeConfigs.cmake D$:\Microsoft$ Visual$ Studio\18\Community\Common7\IDE\CommonExtensions\Microsoft\CMake\CMake\share\cmake-4.3\Modules\CMakeLanguageInformation.cmake D$:\Microsoft$ Visual$ Studio\18\Community\Common7\IDE\CommonExtensions\Microsoft\CMake\CMake\share\cmake-4.3\Modules\CMakePackageConfigHelpers.cmake D$:\Microsoft$ Visual$ Studio\18\Community\Common7\IDE\CommonExtensions\Microsoft\CMake\CMake\share\cmake-4.3\Modules\CMakeParseImplicitIncludeInfo.cmake D$:\Microsoft$ Visual$ Studio\18\Community\Common7\IDE\CommonExtensions\Microsoft\CMake\CMake\share\cmake-4.3\Modules\CMakeParseImplicitLinkInfo.cmake D$:\Microsoft$ Visual$ Studio\18\Community\Common7\IDE\CommonExtensions\Microsoft\CMake\CMake\share\cmake-4.3\Modules\CMakeParseLibraryArchitecture.cmake D$:\Microsoft$ Visual$ Studio\18\Community\Common7\IDE\CommonExtensions\Microsoft\CMake\CMake\share\cmake-4.3\Modules\CMakeRCCompiler.cmake.in D$:\Microsoft$ Visual$ Studio\18\Community\Common7\IDE\CommonExtensions\Microsoft\CMake\CMake\share\cmake-4.3\Modules\CMakeRCInformation.cmake D$:\Microsoft$ Visual$ Studio\18\Community\Common7\IDE\CommonExtensions\Microsoft\CMake\CMake\share\cmake-4.3\Modules\CMakeSystem.cmake.in D$:\Microsoft$ Visual$ Studio\18\Community\Common7\IDE\CommonExtensions\Microsoft\CMake\CMake\share\cmake-4.3\Modules\CMakeSystemSpecificInformation.cmake D$:\Microsoft$ Visual$ Studio\18\Community\Common7\IDE\CommonExtensions\Microsoft\CMake\CMake\share\cmake-4.3\Modules\CMakeSystemSpecificInitialize.cmake D$:\Microsoft$ Visual$ Studio\18\Community\Common7\IDE\CommonExtensions\Microsoft\CMake\CMake\share\cmake-4.3\Modules\CMakeTestCCompiler.cmake D$:\Microsoft$ Visual$ Studio\18\Community\Common7\IDE\CommonExtensions\Microsoft\CMake\CMake\share\cmake-4.3\Modules\CMakeTestCompilerCommon.cmake D$:\Microsoft$ Visual$ Studio\18\Community\Common7\IDE\CommonExtensions\Microsoft\CMake\CMake\share\cmake-4.3\Modules\CMakeTestRCCompiler.cmake D$:\Microsoft$ Visual$ Studio\18\Community\Common7\IDE\CommonExtensions\Microsoft\CMake\CMake\share\cmake-4.3\Modules\CheckCSourceCompiles.cmake D$:\Microsoft$ Visual$ Studio\18\Community\Common7\IDE\CommonExtensions\Microsoft\CMake\CMake\share\cmake-4.3\Modules\CheckIncludeFile.cmake D$:\Microsoft$ Visual$ Studio\18\Community\Common7\IDE\CommonExtensions\Microsoft\CMake\CMake\share\cmake-4.3\Modules\CheckLibraryExists.cmake D$:\Microsoft$ Visual$ Studio\18\Community\Common7\IDE\CommonExtensions\Microsoft\CMake\CMake\share\cmake-4.3\Modules\Compiler\ADSP-DetermineCompiler.cmake D$:\Microsoft$ Visual$ Studio\18\Community\Common7\IDE\CommonExtensions\Microsoft\CMake\CMake\share\cmake-4.3\Modules\Compiler\ARMCC-DetermineCompiler.cmake D$:\Microsoft$ Visual$ Studio\18\Community\Common7\IDE\CommonExtensions\Microsoft\CMake\CMake\share\cmake-4.3\Modules\Compiler\ARMClang-DetermineCompiler.cmake D$:\Microsoft$ Visual$ Studio\18\Community\Common7\IDE\CommonExtensions\Microsoft\CMake\CMake\share\cmake-4.3\Modules\Compiler\AppleClang-DetermineCompiler.cmake D$:\Microsoft$ Visual$ Studio\18\Community\Common7\IDE\CommonExtensions\Microsoft\CMake\CMake\share\cmake-4.3\Modules\Compiler\Borland-DetermineCompiler.cmake D$:\Microsoft$ Visual$ Studio\18\Community\Common7\IDE\CommonExtensions\Microsoft\CMake\CMake\share\cmake-4.3\Modules\Compiler\Bruce-C-DetermineCompiler.cmake D$:\Microsoft$ Visual$ Studio\18\Community\Common7\IDE\CommonExtensions\Microsoft\CMake\CMake\share\cmake-4.3\Modules\Compiler\CMakeCommonCompilerMacros.cmake D$:\Microsoft$ Visual$ Studio\18\Community\Common7\IDE\CommonExtensions\Microsoft\CMake\CMake\share\cmake-4.3\Modules\Compiler\Clang-DetermineCompiler.cmake D$:\Microsoft$ Visual$ Studio\18\Community\Common7\IDE\CommonExtensions\Microsoft\CMake\CMake\share\cmake-4.3\Modules\Compiler\Clang-DetermineCompilerInternal.cmake D$:\Microsoft$ Visual$ Studio\18\Community\Common7\IDE\CommonExtensions\Microsoft\CMake\CMake\share\cmake-4.3\Modules\Compiler\Compaq-C-DetermineCompiler.cmake D$:\Microsoft$ Visual$ Studio\18\Community\Common7\IDE\CommonExtensions\Microsoft\CMake\CMake\share\cmake-4.3\Modules\Compiler\Cray-DetermineCompiler.cmake D$:\Microsoft$ Visual$ Studio\18\Community\Common7\IDE\CommonExtensions\Microsoft\CMake\CMake\share\cmake-4.3\Modules\Compiler\CrayClang-DetermineCompiler.cmake D$:\Microsoft$ Visual$ Studio\18\Community\Common7\IDE\CommonExtensions\Microsoft\CMake\CMake\share\cmake-4.3\Modules\Compiler\Diab-DetermineCompiler.cmake D$:\Microsoft$ Visual$ Studio\18\Community\Common7\IDE\CommonExtensions\Microsoft\CMake\CMake\share\cmake-4.3\Modules\Compiler\Embarcadero-DetermineCompiler.cmake D$:\Microsoft$ Visual$ Studio\18\Community\Common7\IDE\CommonExtensions\Microsoft\CMake\CMake\share\cmake-4.3\Modules\Compiler\Fujitsu-DetermineCompiler.cmake D$:\Microsoft$ Visual$ Studio\18\Community\Common7\IDE\CommonExtensions\Microsoft\CMake\CMake\share\cmake-4.3\Modules\Compiler\FujitsuClang-DetermineCompiler.cmake D$:\Microsoft$ Visual$ Studio\18\Community\Common7\IDE\CommonExtensions\Microsoft\CMake\CMake\share\cmake-4.3\Modules\Compiler\GHS-DetermineCompiler.cmake D$:\Microsoft$ Visual$ Studio\18\Community\Common7\IDE\CommonExtensions\Microsoft\CMake\CMake\share\cmake-4.3\Modules\Compiler\GNU-C-DetermineCompiler.cmake D$:\Microsoft$ Visual$ Studio\18\Community\Common7\IDE\CommonExtensions\Microsoft\CMake\CMake\share\cmake-4.3\Modules\Compiler\HP-C-DetermineCompiler.cmake D$:\Microsoft$ Visual$ Studio\18\Community\Common7\IDE\CommonExtensions\Microsoft\CMake\CMake\share\cmake-4.3\Modules\Compiler\IAR-DetermineCompiler.cmake D$:\Microsoft$ Visual$ Studio\18\Community\Common7\IDE\CommonExtensions\Microsoft\CMake\CMake\share\cmake-4.3\Modules\Compiler\IBMCPP-C-DetermineVersionInternal.cmake D$:\Microsoft$ Visual$ Studio\18\Community\Common7\IDE\CommonExtensions\Microsoft\CMake\CMake\share\cmake-4.3\Modules\Compiler\IBMClang-C-DetermineCompiler.cmake D$:\Microsoft$ Visual$ Studio\18\Community\Common7\IDE\CommonExtensions\Microsoft\CMake\CMake\share\cmake-4.3\Modules\Compiler\Intel-DetermineCompiler.cmake D$:\Microsoft$ Visual$ Studio\18\Community\Common7\IDE\CommonExtensions\Microsoft\CMake\CMake\share\cmake-4.3\Modules\Compiler\IntelLLVM-DetermineCompiler.cmake D$:\Microsoft$ Visual$ Studio\18\Community\Common7\IDE\CommonExtensions\Microsoft\CMake\CMake\share\cmake-4.3\Modules\Compiler\LCC-C-DetermineCompiler.cmake D$:\Microsoft$ Visual$ Studio\18\Community\Common7\IDE\CommonExtensions\Microsoft\CMake\CMake\share\cmake-4.3\Modules\Compiler\MSVC-C.cmake D$:\Microsoft$ Visual$ Studio\18\Community\Common7\IDE\CommonExtensions\Microsoft\CMake\CMake\share\cmake-4.3\Modules\Compiler\MSVC-DetermineCompiler.cmake D$:\Microsoft$ Visual$ Studio\18\Community\Common7\IDE\CommonExtensions\Microsoft\CMake\CMake\share\cmake-4.3\Modules\Compiler\MSVC.cmake D$:\Microsoft$ Visual$ Studio\18\Community\Common7\IDE\CommonExtensions\Microsoft\CMake\CMake\share\cmake-4.3\Modules\Compiler\NVHPC-DetermineCompiler.cmake D$:\Microsoft$ Visual$ Studio\18\Community\Common7\IDE\CommonExtensions\Microsoft\CMake\CMake\share\cmake-4.3\Modules\Compiler\NVIDIA-DetermineCompiler.cmake D$:\Microsoft$ Visual$ Studio\18\Community\Common7\IDE\CommonExtensions\Microsoft\CMake\CMake\share\cmake-4.3\Modules\Compiler\OpenWatcom-DetermineCompiler.cmake D$:\Microsoft$ Visual$ Studio\18\Community\Common7\IDE\CommonExtensions\Microsoft\CMake\CMake\share\cmake-4.3\Modules\Compiler\OrangeC-DetermineCompiler.cmake D$:\Microsoft$ Visual$ Studio\18\Community\Common7\IDE\CommonExtensions\Microsoft\CMake\CMake\share\cmake-4.3\Modules\Compiler\PGI-DetermineCompiler.cmake D$:\Microsoft$ Visual$ Studio\18\Community\Common7\IDE\CommonExtensions\Microsoft\CMake\CMake\share\cmake-4.3\Modules\Compiler\PathScale-DetermineCompiler.cmake D$:\Microsoft$ Visual$ Studio\18\Community\Common7\IDE\CommonExtensions\Microsoft\CMake\CMake\share\cmake-4.3\Modules\Compiler\Renesas-DetermineCompiler.cmake D$:\Microsoft$ Visual$ Studio\18\Community\Common7\IDE\CommonExtensions\Microsoft\CMake\CMake\share\cmake-4.3\Modules\Compiler\SCO-DetermineCompiler.cmake D$:\Microsoft$ Visual$ Studio\18\Community\Common7\IDE\CommonExtensions\Microsoft\CMake\CMake\share\cmake-4.3\Modules\Compiler\SDCC-C-DetermineCompiler.cmake D$:\Microsoft$ Visual$ Studio\18\Community\Common7\IDE\CommonExtensions\Microsoft\CMake\CMake\share\cmake-4.3\Modules\Compiler\SunPro-C-DetermineCompiler.cmake D$:\Microsoft$ Visual$ Studio\18\Community\Common7\IDE\CommonExtensions\Microsoft\CMake\CMake\share\cmake-4.3\Modules\Compiler\TI-DetermineCompiler.cmake D$:\Microsoft$ Visual$ Studio\18\Community\Common7\IDE\CommonExtensions\Microsoft\CMake\CMake\share\cmake-4.3\Modules\Compiler\TIClang-DetermineCompiler.cmake D$:\Microsoft$ Visual$ Studio\18\Community\Common7\IDE\CommonExtensions\Microsoft\CMake\CMake\share\cmake-4.3\Modules\Compiler\Tasking-DetermineCompiler.cmake D$:\Microsoft$ Visual$ Studio\18\Community\Common7\IDE\CommonExtensions\Microsoft\CMake\CMake\share\cmake-4.3\Modules\Compiler\TinyCC-C-DetermineCompiler.cmake D$:\Microsoft$ Visual$ Studio\18\Community\Common7\IDE\CommonExtensions\Microsoft\CMake\CMake\share\cmake-4.3\Modules\Compiler\VisualAge-C-DetermineCompiler.cmake D$:\Microsoft$ Visual$ Studio\18\Community\Common7\IDE\CommonExtensions\Microsoft\CMake\CMake\share\cmake-4.3\Modules\Compiler\Watcom-DetermineCompiler.cmake D$:\Microsoft$ Visual$ Studio\18\Community\Common7\IDE\CommonExtensions\Microsoft\CMake\CMake\share\cmake-4.3\Modules\Compiler\XL-C-DetermineCompiler.cmake D$:\Microsoft$ Visual$ Studio\18\Community\Common7\IDE\CommonExtensions\Microsoft\CMake\CMake\share\cmake-4.3\Modules\Compiler\XLClang-C-DetermineCompiler.cmake D$:\Microsoft$ Visual$ Studio\18\Community\Common7\IDE\CommonExtensions\Microsoft\CMake\CMake\share\cmake-4.3\Modules\Compiler\zOS-C-DetermineCompiler.cmake D$:\Microsoft$ Visual$ Studio\18\Community\Common7\IDE\CommonExtensions\Microsoft\CMake\CMake\share\cmake-4.3\Modules\FindPackageHandleStandardArgs.cmake D$:\Microsoft$ Visual$ Studio\18\Community\Common7\IDE\CommonExtensions\Microsoft\CMake\CMake\share\cmake-4.3\Modules\FindPackageMessage.cmake D$:\Microsoft$ Visual$ Studio\18\Community\Common7\IDE\CommonExtensions\Microsoft\CMake\CMake\share\cmake-4.3\Modules\FindThreads.cmake D$:\Microsoft$ Visual$ Studio\18\Community\Common7\IDE\CommonExtensions\Microsoft\CMake\CMake\share\cmake-4.3\Modules\GNUInstallDirs.cmake D$:\Microsoft$ Visual$ Studio\18\Community\Common7\IDE\CommonExtensions\Microsoft\CMake\CMake\share\cmake-4.3\Modules\Internal\CMakeCLinkerInformation.cmake D$:\Microsoft$ Visual$ Studio\18\Community\Common7\IDE\CommonExtensions\Microsoft\CMake\CMake\share\cmake-4.3\Modules\Internal\CMakeCommonLinkerInformation.cmake D$:\Microsoft$ Visual$ Studio\18\Community\Common7\IDE\CommonExtensions\Microsoft\CMake\CMake\share\cmake-4.3\Modules\Internal\CMakeDetermineLinkerId.cmake D$:\Microsoft$ Visual$ Studio\18\Community\Common7\IDE\CommonExtensions\Microsoft\CMake\CMake\share\cmake-4.3\Modules\Internal\CMakeInspectCLinker.cmake D$:\Microsoft$ Visual$ Studio\18\Community\Common7\IDE\CommonExtensions\Microsoft\CMake\CMake\share\cmake-4.3\Modules\Internal\CheckSourceCompiles.cmake D$:\Microsoft$ Visual$ Studio\18\Community\Common7\IDE\CommonExtensions\Microsoft\CMake\CMake\share\cmake-4.3\Modules\Internal\FeatureTesting.cmake D$:\Microsoft$ Visual$ Studio\18\Community\Common7\IDE\CommonExtensions\Microsoft\CMake\CMake\share\cmake-4.3\Modules\Platform\Linker\GNU.cmake D$:\Microsoft$ Visual$ Studio\18\Community\Common7\IDE\CommonExtensions\Microsoft\CMake\CMake\share\cmake-4.3\Modules\Platform\Linker\Windows-C.cmake D$:\Microsoft$ Visual$ Studio\18\Community\Common7\IDE\CommonExtensions\Microsoft\CMake\CMake\share\cmake-4.3\Modules\Platform\Linker\Windows-GNU-C.cmake D$:\Microsoft$ Visual$ Studio\18\Community\Common7\IDE\CommonExtensions\Microsoft\CMake\CMake\share\cmake-4.3\Modules\Platform\Linker\Windows-GNU.cmake D$:\Microsoft$ Visual$ Studio\18\Community\Common7\IDE\CommonExtensions\Microsoft\CMake\CMake\share\cmake-4.3\Modules\Platform\Windows-Initialize.cmake D$:\Microsoft$ Visual$ Studio\18\Community\Common7\IDE\CommonExtensions\Microsoft\CMake\CMake\share\cmake-4.3\Modules\Platform\Windows-MSVC-C.cmake D$:\Microsoft$ Visual$ Studio\18\Community\Common7\IDE\CommonExtensions\Microsoft\CMake\CMake\share\cmake-4.3\Modules\Platform\Windows-MSVC.cmake D$:\Microsoft$ Visual$ Studio\18\Community\Common7\IDE\CommonExtensions\Microsoft\CMake\CMake\share\cmake-4.3\Modules\Platform\Windows.cmake D$:\Microsoft$ Visual$ Studio\18\Community\Common7\IDE\CommonExtensions\Microsoft\CMake\CMake\share\cmake-4.3\Modules\Platform\WindowsPaths.cmake D$:\Microsoft$ Visual$ Studio\18\Community\Common7\IDE\CommonExtensions\Microsoft\CMake\CMake\share\cmake-4.3\Modules\WriteBasicConfigVersionFile.cmake D$:\Microsoft$ Visual$ Studio\18\Community\VC\vcpkg\scripts\buildsystems\vcpkg.cmake D$:\Microsoft$ Visual$ Studio\18\Community\VC\vcpkg\scripts\toolchains\windows.cmake D$:\WaterSurfaceRendererScratch\vcpkg_installed\vcpkg\blds\glfw3\src\3.4-2448ff4533.clean\CMakeLists.txt D$:\WaterSurfaceRendererScratch\vcpkg_installed\vcpkg\blds\glfw3\src\3.4-2448ff4533.clean\CMake\cmake_uninstall.cmake.in D$:\WaterSurfaceRendererScratch\vcpkg_installed\vcpkg\blds\glfw3\src\3.4-2448ff4533.clean\CMake\glfw3.pc.in D$:\WaterSurfaceRendererScratch\vcpkg_installed\vcpkg\blds\glfw3\src\3.4-2448ff4533.clean\CMake\glfw3Config.cmake.in D$:\WaterSurfaceRendererScratch\vcpkg_installed\vcpkg\blds\glfw3\src\3.4-2448ff4533.clean\src\CMakeLists.txt D$:\WaterSurfaceRendererScratch\vcpkg_installed\vcpkg\blds\glfw3\src\3.4-2448ff4533.clean\src\glfw.rc.in: phony


#############################################
# Clean all the built files.

build clean: CLEAN


#############################################
# Print all primary targets available.

build help: HELP


#############################################
# Make the all target the default.

default all
